Archive member included to satisfy reference by file (symbol)

c:/program files (x86)/atollic/truestudio for stm32 9.3.0/armtools/bin/../lib/gcc/arm-atollic-eabi/6.3.1/../../../../arm-atollic-eabi/lib/armv7e-m/fpu/fpv5-d16\libc_nano.a(lib_a-errno.o)
                              Src\syscalls.o (__errno)
c:/program files (x86)/atollic/truestudio for stm32 9.3.0/armtools/bin/../lib/gcc/arm-atollic-eabi/6.3.1/../../../../arm-atollic-eabi/lib/armv7e-m/fpu/fpv5-d16\libc_nano.a(lib_a-impure.o)
                              c:/program files (x86)/atollic/truestudio for stm32 9.3.0/armtools/bin/../lib/gcc/arm-atollic-eabi/6.3.1/../../../../arm-atollic-eabi/lib/armv7e-m/fpu/fpv5-d16\libc_nano.a(lib_a-errno.o) (_impure_ptr)
c:/program files (x86)/atollic/truestudio for stm32 9.3.0/armtools/bin/../lib/gcc/arm-atollic-eabi/6.3.1/../../../../arm-atollic-eabi/lib/armv7e-m/fpu/fpv5-d16\libc_nano.a(lib_a-init.o)
                              startup\startup_stm32h743xx.o (__libc_init_array)
c:/program files (x86)/atollic/truestudio for stm32 9.3.0/armtools/bin/../lib/gcc/arm-atollic-eabi/6.3.1/../../../../arm-atollic-eabi/lib/armv7e-m/fpu/fpv5-d16\libc_nano.a(lib_a-locale.o)
                              Src\FSIO.o (__locale_ctype_ptr)
c:/program files (x86)/atollic/truestudio for stm32 9.3.0/armtools/bin/../lib/gcc/arm-atollic-eabi/6.3.1/../../../../arm-atollic-eabi/lib/armv7e-m/fpu/fpv5-d16\libc_nano.a(lib_a-mbtowc_r.o)
                              c:/program files (x86)/atollic/truestudio for stm32 9.3.0/armtools/bin/../lib/gcc/arm-atollic-eabi/6.3.1/../../../../arm-atollic-eabi/lib/armv7e-m/fpu/fpv5-d16\libc_nano.a(lib_a-locale.o) (__ascii_mbtowc)
c:/program files (x86)/atollic/truestudio for stm32 9.3.0/armtools/bin/../lib/gcc/arm-atollic-eabi/6.3.1/../../../../arm-atollic-eabi/lib/armv7e-m/fpu/fpv5-d16\libc_nano.a(lib_a-memset.o)
                              Src\FSIO.o (memset)
c:/program files (x86)/atollic/truestudio for stm32 9.3.0/armtools/bin/../lib/gcc/arm-atollic-eabi/6.3.1/../../../../arm-atollic-eabi/lib/armv7e-m/fpu/fpv5-d16\libc_nano.a(lib_a-printf.o)
                              Src\main.o (printf)
c:/program files (x86)/atollic/truestudio for stm32 9.3.0/armtools/bin/../lib/gcc/arm-atollic-eabi/6.3.1/../../../../arm-atollic-eabi/lib/armv7e-m/fpu/fpv5-d16\libc_nano.a(lib_a-puts.o)
                              Src\main.o (puts)
c:/program files (x86)/atollic/truestudio for stm32 9.3.0/armtools/bin/../lib/gcc/arm-atollic-eabi/6.3.1/../../../../arm-atollic-eabi/lib/armv7e-m/fpu/fpv5-d16\libc_nano.a(lib_a-strchr.o)
                              Src\FSIO.o (strchr)
c:/program files (x86)/atollic/truestudio for stm32 9.3.0/armtools/bin/../lib/gcc/arm-atollic-eabi/6.3.1/../../../../arm-atollic-eabi/lib/armv7e-m/fpu/fpv5-d16\libc_nano.a(lib_a-strcmp.o)
                              c:/program files (x86)/atollic/truestudio for stm32 9.3.0/armtools/bin/../lib/gcc/arm-atollic-eabi/6.3.1/../../../../arm-atollic-eabi/lib/armv7e-m/fpu/fpv5-d16\libc_nano.a(lib_a-locale.o) (strcmp)
c:/program files (x86)/atollic/truestudio for stm32 9.3.0/armtools/bin/../lib/gcc/arm-atollic-eabi/6.3.1/../../../../arm-atollic-eabi/lib/armv7e-m/fpu/fpv5-d16\libc_nano.a(lib_a-strcpy.o)
                              Src\FSIO.o (strcpy)
c:/program files (x86)/atollic/truestudio for stm32 9.3.0/armtools/bin/../lib/gcc/arm-atollic-eabi/6.3.1/../../../../arm-atollic-eabi/lib/armv7e-m/fpu/fpv5-d16\libc_nano.a(lib_a-strlen.o)
                              Src\FSIO.o (strlen)
c:/program files (x86)/atollic/truestudio for stm32 9.3.0/armtools/bin/../lib/gcc/arm-atollic-eabi/6.3.1/../../../../arm-atollic-eabi/lib/armv7e-m/fpu/fpv5-d16\libc_nano.a(lib_a-strncpy.o)
                              Src\FSIO.o (strncpy)
c:/program files (x86)/atollic/truestudio for stm32 9.3.0/armtools/bin/../lib/gcc/arm-atollic-eabi/6.3.1/../../../../arm-atollic-eabi/lib/armv7e-m/fpu/fpv5-d16\libc_nano.a(lib_a-wbuf.o)
                              c:/program files (x86)/atollic/truestudio for stm32 9.3.0/armtools/bin/../lib/gcc/arm-atollic-eabi/6.3.1/../../../../arm-atollic-eabi/lib/armv7e-m/fpu/fpv5-d16\libc_nano.a(lib_a-puts.o) (__swbuf_r)
c:/program files (x86)/atollic/truestudio for stm32 9.3.0/armtools/bin/../lib/gcc/arm-atollic-eabi/6.3.1/../../../../arm-atollic-eabi/lib/armv7e-m/fpu/fpv5-d16\libc_nano.a(lib_a-wctomb_r.o)
                              c:/program files (x86)/atollic/truestudio for stm32 9.3.0/armtools/bin/../lib/gcc/arm-atollic-eabi/6.3.1/../../../../arm-atollic-eabi/lib/armv7e-m/fpu/fpv5-d16\libc_nano.a(lib_a-locale.o) (__ascii_wctomb)
c:/program files (x86)/atollic/truestudio for stm32 9.3.0/armtools/bin/../lib/gcc/arm-atollic-eabi/6.3.1/../../../../arm-atollic-eabi/lib/armv7e-m/fpu/fpv5-d16\libc_nano.a(lib_a-wsetup.o)
[...]
Memory Configuration

Name             Origin             Length             Attributes
DTCMRAM          0x20000000         0x00020000         xrw
RAM_D1           0x24000000         0x00080000         xrw
RAM_D2           0x30000000         0x00048000         xrw
RAM_D3           0x38000000         0x00010000         xrw
ITCMRAM          0x00000000         0x00010000         xrw
FLASH            0x08000000         0x00200000         xr
*default*        0x00000000         0xffffffff

Linker script and memory map

LOAD c:/program files (x86)/atollic/truestudio for stm32 9.3.0/armtools/bin/../lib/gcc/arm-atollic-eabi/6.3.1/armv7e-m/fpu/fpv5-d16/crti.o
LOAD c:/program files (x86)/atollic/truestudio for stm32 9.3.0/armtools/bin/../lib/gcc/arm-atollic-eabi/6.3.1/armv7e-m/fpu/fpv5-d16/crtbegin.o
LOAD Drivers\STM32H7xx_HAL_Driver\Src\stm32h7xx_hal.o
LOAD Drivers\STM32H7xx_HAL_Driver\Src\stm32h7xx_hal_cortex.o
LOAD Drivers\STM32H7xx_HAL_Driver\Src\stm32h7xx_hal_dma.o
LOAD Drivers\STM32H7xx_HAL_Driver\Src\stm32h7xx_hal_dma_ex.o
LOAD Drivers\STM32H7xx_HAL_Driver\Src\stm32h7xx_hal_exti.o
LOAD Drivers\STM32H7xx_HAL_Driver\Src\stm32h7xx_hal_flash.o
LOAD Drivers\STM32H7xx_HAL_Driver\Src\stm32h7xx_hal_flash_ex.o
LOAD Drivers\STM32H7xx_HAL_Driver\Src\stm32h7xx_hal_gpio.o
LOAD Drivers\STM32H7xx_HAL_Driver\Src\stm32h7xx_hal_hsem.o
LOAD Drivers\STM32H7xx_HAL_Driver\Src\stm32h7xx_hal_i2c.o
LOAD Drivers\STM32H7xx_HAL_Driver\Src\stm32h7xx_hal_i2c_ex.o
LOAD Drivers\STM32H7xx_HAL_Driver\Src\stm32h7xx_hal_mdma.o
LOAD Drivers\STM32H7xx_HAL_Driver\Src\stm32h7xx_hal_pcd.o
LOAD Drivers\STM32H7xx_HAL_Driver\Src\stm32h7xx_hal_pcd_ex.o
LOAD Drivers\STM32H7xx_HAL_Driver\Src\stm32h7xx_hal_pwr.o
LOAD Drivers\STM32H7xx_HAL_Driver\Src\stm32h7xx_hal_pwr_ex.o
LOAD Drivers\STM32H7xx_HAL_Driver\Src\stm32h7xx_hal_rcc.o
LOAD Drivers\STM32H7xx_HAL_Driver\Src\stm32h7xx_hal_rcc_ex.o
LOAD Drivers\STM32H7xx_HAL_Driver\Src\stm32h7xx_hal_spi.o
LOAD Drivers\STM32H7xx_HAL_Driver\Src\stm32h7xx_hal_spi_ex.o
LOAD Drivers\STM32H7xx_HAL_Driver\Src\stm32h7xx_hal_tim.o
LOAD Drivers\STM32H7xx_HAL_Driver\Src\stm32h7xx_hal_tim_ex.o
LOAD Drivers\STM32H7xx_HAL_Driver\Src\stm32h7xx_hal_uart.o
LOAD Drivers\STM32H7xx_HAL_Driver\Src\stm32h7xx_hal_uart_ex.o
LOAD Drivers\STM32H7xx_HAL_Driver\Src\stm32h7xx_ll_usb.o
LOAD Src\FSIO.o
LOAD Src\fatfs.o
LOAD Src\fatfs_platform.o
LOAD Src\main.o
LOAD Src\stm32h7xx_hal_msp.o
LOAD Src\stm32h7xx_it.o
LOAD Src\syscalls.o
LOAD Src\system_stm32h7xx.o
LOAD Src\user_diskio.o
LOAD startup\startup_stm32h743xx.o
                0x00000080                malloc_getpagesize_P = 0x80
START GROUP
LOAD c:/program files (x86)/atollic/truestudio for stm32 9.3.0/armtools/bin/../lib/gcc/arm-atollic-eabi/6.3.1/../../../../arm-atollic-eabi/lib/armv7e-m/fpu/fpv5-d16\libc_nano.a
LOAD c:/program files (x86)/atollic/truestudio for stm32 9.3.0/armtools/bin/../lib/gcc/arm-atollic-eabi/6.3.1/../../../../arm-atollic-eabi/lib/armv7e-m/fpu/fpv5-d16\libm.a
END GROUP
START GROUP
LOAD c:/program files (x86)/atollic/truestudio for stm32 9.3.0/armtools/bin/../lib/gcc/arm-atollic-eabi/6.3.1/armv7e-m/fpu/fpv5-d16\libgcc.a
LOAD c:/program files (x86)/atollic/truestudio for stm32 9.3.0/armtools/bin/../lib/gcc/arm-atollic-eabi/6.3.1/../../../../arm-atollic-eabi/lib/armv7e-m/fpu/fpv5-d16\libc_nano.a
END GROUP
START GROUP
LOAD c:/program files (x86)/atollic/truestudio for stm32 9.3.0/armtools/bin/../lib/gcc/arm-atollic-eabi/6.3.1/armv7e-m/fpu/fpv5-d16\libgcc.a
LOAD c:/program files (x86)/atollic/truestudio for stm32 9.3.0/armtools/bin/../lib/gcc/arm-atollic-eabi/6.3.1/../../../../arm-atollic-eabi/lib/armv7e-m/fpu/fpv5-d16\libc_nano.a
LOAD c:/program files (x86)/atollic/truestudio for stm32 9.3.0/armtools/bin/../lib/gcc/arm-atollic-eabi/6.3.1/../../../../arm-atollic-eabi/lib/armv7e-m/fpu/fpv5-d16\libnosys.a
END GROUP
START GROUP
LOAD c:/program files (x86)/atollic/truestudio for stm32 9.3.0/armtools/bin/../lib/gcc/arm-atollic-eabi/6.3.1/armv7e-m/fpu/fpv5-d16\libgcc.a
LOAD c:/program files (x86)/atollic/truestudio for stm32 9.3.0/armtools/bin/../lib/gcc/arm-atollic-eabi/6.3.1/../../../../arm-atollic-eabi/lib/armv7e-m/fpu/fpv5-d16\libc_nano.a
LOAD c:/program files (x86)/atollic/truestudio for stm32 9.3.0/armtools/bin/../lib/gcc/arm-atollic-eabi/6.3.1/../../../../arm-atollic-eabi/lib/armv7e-m/fpu/fpv5-d16\libnosys.a
END GROUP
LOAD c:/program files (x86)/atollic/truestudio for stm32 9.3.0/armtools/bin/../lib/gcc/arm-atollic-eabi/6.3.1/armv7e-m/fpu/fpv5-d16/crtend.o
LOAD c:/program files (x86)/atollic/truestudio for stm32 9.3.0/armtools/bin/../lib/gcc/arm-atollic-eabi/6.3.1/armv7e-m/fpu/fpv5-d16/crtn.o
                0x20020000                _estack = 0x20020000
                0x00002000                _Min_Heap_Size = 0x2000
                0x00001000                _Min_Stack_Size = 0x1000

.isr_vector     0x08000000      0x298
                0x08000000                . = ALIGN (0x4)
 *(.isr_vector)
 .isr_vector    0x08000000      0x298 startup\startup_stm32h743xx.o
                0x08000000                g_pfnVectors
                0x08000298                . = ALIGN (0x4)

.text           0x080002a0     0x7ea8
                0x080002a0                . = ALIGN (0x4)
 *(.text)
 .text          0x080002a0       0x40 c:/program files (x86)/atollic/truestudio for stm32 9.3.0/armtools/bin/../lib/gcc/arm-atollic-eabi/6.3.1/armv7e-m/fpu/fpv5-d16/crtbegin.o
 .text          0x080002e0       0x10 c:/program files (x86)/atollic/truestudio for stm32 9.3.0/armtools/bin/../lib/gcc/arm-atollic-eabi/6.3.1/../../../../arm-atollic-eabi/lib/armv7e-m/fpu/fpv5-d16\libc_nano.a(lib_a-strlen.o)
                0x080002e0                strlen
 .text          0x080002f0       0xa0 c:/program files (x86)/atollic/truestudio for stm32 9.3.0/armtools/bin/../lib/gcc/arm-atollic-eabi/6.3.1/../../../../arm-atollic-eabi/lib/armv7e-m/fpu/fpv5-d16\libc_nano.a(lib_a-memchr.o)
                0x080002f0                memchr
 .text          0x08000390       0x30 c:/program files (x86)/atollic/truestudio for stm32 9.3.0/armtools/bin/../lib/gcc/arm-atollic-eabi/6.3.1/armv7e-m/fpu/fpv5-d16\libgcc.a(_aeabi_uldivmod.o)
                0x08000390                __aeabi_uldivmod
 .text          0x080003c0      0x2dc c:/program files (x86)/atollic/truestudio for stm32 9.3.0/armtools/bin/../lib/gcc/arm-atollic-eabi/6.3.1/armv7e-m/fpu/fpv5-d16\libgcc.a(_udivmoddi4.o)
                0x080003c0                __udivmoddi4
 .text          0x0800069c        0x4 c:/program files (x86)/atollic/truestudio for stm32 9.3.0/armtools/bin/../lib/gcc/arm-atollic-eabi/6.3.1/armv7e-m/fpu/fpv5-d16\libgcc.a(_dvmd_tls.o)
                0x0800069c                __aeabi_idiv0
                0x0800069c                __aeabi_ldiv0
 *(.text*)
 .text.HAL_InitTick
                0x080006a0       0x4c Drivers\STM32H7xx_HAL_Driver\Src\stm32h7xx_hal.o
                0x080006a0                HAL_InitTick
 .text.HAL_Init
                0x080006ec       0x5c Drivers\STM32H7xx_HAL_Driver\Src\stm32h7xx_hal.o
                0x080006ec                HAL_Init
 .text.HAL_IncTick
                0x08000748       0x18 Drivers\STM32H7xx_HAL_Driver\Src\stm32h7xx_hal.o
                0x08000748                HAL_IncTick
 .text.HAL_GetTick
                0x08000760        0xc Drivers\STM32H7xx_HAL_Driver\Src\stm32h7xx_hal.o
                0x08000760                HAL_GetTick
 .text.HAL_Delay
                0x0800076c       0x24 Drivers\STM32H7xx_HAL_Driver\Src\stm32h7xx_hal.o
                0x0800076c                HAL_Delay
 .text.HAL_GetREVID
                0x08000790        0xc Drivers\STM32H7xx_HAL_Driver\Src\stm32h7xx_hal.o
                0x08000790                HAL_GetREVID
 .text.HAL_NVIC_SetPriorityGrouping
                0x0800079c       0x3c Drivers\STM32H7xx_HAL_Driver\Src\stm32h7xx_hal_cortex.o
                0x0800079c                HAL_NVIC_SetPriorityGrouping
 .text.HAL_NVIC_SetPriority
                0x080007d8       0x90 Drivers\STM32H7xx_HAL_Driver\Src\stm32h7xx_hal_cortex.o
                0x080007d8                HAL_NVIC_SetPriority
 .text.HAL_SYSTICK_Config
                0x08000868       0x2c Drivers\STM32H7xx_HAL_Driver\Src\stm32h7xx_hal_cortex.o
                0x08000868                HAL_SYSTICK_Config
 .text.HAL_GPIO_Init
                0x08000894      0x318 Drivers\STM32H7xx_HAL_Driver\Src\stm32h7xx_hal_gpio.o
                0x08000894                HAL_GPIO_Init
 .text.HAL_GPIO_DeInit
                0x08000bac      0x1bc Drivers\STM32H7xx_HAL_Driver\Src\stm32h7xx_hal_gpio.o
                0x08000bac                HAL_GPIO_DeInit
 .text.HAL_GPIO_ReadPin
                0x08000d68       0x24 Drivers\STM32H7xx_HAL_Driver\Src\stm32h7xx_hal_gpio.o
                0x08000d68                HAL_GPIO_ReadPin
 .text.HAL_GPIO_WritePin
                0x08000d8c       0x34 Drivers\STM32H7xx_HAL_Driver\Src\stm32h7xx_hal_gpio.o
                0x08000d8c                HAL_GPIO_WritePin
 .text.HAL_GPIO_TogglePin
                0x08000dc0       0x24 Drivers\STM32H7xx_HAL_Driver\Src\stm32h7xx_hal_gpio.o
                0x08000dc0                HAL_GPIO_TogglePin
 .text.HAL_PCD_Init
                0x08000de4      0x13c Drivers\STM32H7xx_HAL_Driver\Src\stm32h7xx_hal_pcd.o
                0x08000de4                HAL_PCD_Init
 .text.HAL_PCDEx_ActivateLPM
                0x08000f20       0x26 Drivers\STM32H7xx_HAL_Driver\Src\stm32h7xx_hal_pcd_ex.o
                0x08000f20                HAL_PCDEx_ActivateLPM
 *fill*         0x08000f46        0x2 
 .text.HAL_PWREx_ConfigSupply
                0x08000f48       0x60 Drivers\STM32H7xx_HAL_Driver\Src\stm32h7xx_hal_pwr_ex.o
                0x08000f48                HAL_PWREx_ConfigSupply
 .text.HAL_PWREx_EnableUSBVoltageDetector
                0x08000fa8       0x10 Drivers\STM32H7xx_HAL_Driver\Src\stm32h7xx_hal_pwr_ex.o
                0x08000fa8                HAL_PWREx_EnableUSBVoltageDetector
 .text.HAL_RCC_OscConfig
                0x08000fb8      0x5f0 Drivers\STM32H7xx_HAL_Driver\Src\stm32h7xx_hal_rcc.o
                0x08000fb8                HAL_RCC_OscConfig
 .text.HAL_RCC_GetSysClockFreq
                0x080015a8      0x144 Drivers\STM32H7xx_HAL_Driver\Src\stm32h7xx_hal_rcc.o
                0x080015a8                HAL_RCC_GetSysClockFreq
 .text.HAL_RCC_ClockConfig
                0x080016ec      0x3a0 Drivers\STM32H7xx_HAL_Driver\Src\stm32h7xx_hal_rcc.o
                0x080016ec                HAL_RCC_ClockConfig
 .text.HAL_RCC_GetHCLKFreq
                0x08001a8c       0x2c Drivers\STM32H7xx_HAL_Driver\Src\stm32h7xx_hal_rcc.o
                0x08001a8c                HAL_RCC_GetHCLKFreq
 .text.HAL_RCC_GetPCLK1Freq
                0x08001ab8       0x24 Drivers\STM32H7xx_HAL_Driver\Src\stm32h7xx_hal_rcc.o
                0x08001ab8                HAL_RCC_GetPCLK1Freq
 .text.HAL_RCC_GetPCLK2Freq
                0x08001adc       0x24 Drivers\STM32H7xx_HAL_Driver\Src\stm32h7xx_hal_rcc.o
                0x08001adc                HAL_RCC_GetPCLK2Freq
 .text.RCCEx_PLL2_Config
                0x08001b00      0x184 Drivers\STM32H7xx_HAL_Driver\Src\stm32h7xx_hal_rcc_ex.o
 .text.RCCEx_PLL3_Config
                0x08001c84      0x184 Drivers\STM32H7xx_HAL_Driver\Src\stm32h7xx_hal_rcc_ex.o
 .text.HAL_RCCEx_PeriphCLKConfig
                0x08001e08      0xa3c Drivers\STM32H7xx_HAL_Driver\Src\stm32h7xx_hal_rcc_ex.o
                0x08001e08                HAL_RCCEx_PeriphCLKConfig
 .text.HAL_RCCEx_GetD3PCLK1Freq
                0x08002844       0x24 Drivers\STM32H7xx_HAL_Driver\Src\stm32h7xx_hal_rcc_ex.o
                0x08002844                HAL_RCCEx_GetD3PCLK1Freq
 .text.HAL_RCCEx_GetPLL2ClockFreq
                0x08002868      0x154 Drivers\STM32H7xx_HAL_Driver\Src\stm32h7xx_hal_rcc_ex.o
                0x08002868                HAL_RCCEx_GetPLL2ClockFreq
 .text.HAL_RCCEx_GetPLL3ClockFreq
                0x080029bc      0x154 Drivers\STM32H7xx_HAL_Driver\Src\stm32h7xx_hal_rcc_ex.o
                0x080029bc                HAL_RCCEx_GetPLL3ClockFreq
 .text.HAL_RCCEx_GetD1SysClockFreq
                0x08002b10       0x2c Drivers\STM32H7xx_HAL_Driver\Src\stm32h7xx_hal_rcc_ex.o
                0x08002b10                HAL_RCCEx_GetD1SysClockFreq
 .text.SPI_CloseTransfer
                0x08002b3c       0xac Drivers\STM32H7xx_HAL_Driver\Src\stm32h7xx_hal_spi.o
 .text.HAL_SPI_Init
                0x08002be8      0x22c Drivers\STM32H7xx_HAL_Driver\Src\stm32h7xx_hal_spi.o
                0x08002be8                HAL_SPI_Init
 .text.HAL_SPI_DeInit
                0x08002e14       0x74 Drivers\STM32H7xx_HAL_Driver\Src\stm32h7xx_hal_spi.o
                0x08002e14                HAL_SPI_DeInit
 .text.HAL_SPI_TransmitReceive
                0x08002e88      0x328 Drivers\STM32H7xx_HAL_Driver\Src\stm32h7xx_hal_spi.o
                0x08002e88                HAL_SPI_TransmitReceive
 .text.HAL_SPI_GetState
                0x080031b0        0x6 Drivers\STM32H7xx_HAL_Driver\Src\stm32h7xx_hal_spi.o
                0x080031b0                HAL_SPI_GetState
 .text.HAL_UART_GetState
                0x080031b6        0xc Drivers\STM32H7xx_HAL_Driver\Src\stm32h7xx_hal_uart.o
                0x080031b6                HAL_UART_GetState
 *fill*         0x080031c2        0x6 
 .text.UART_SetConfig
                0x080031c8     0x114c Drivers\STM32H7xx_HAL_Driver\Src\stm32h7xx_hal_uart.o
                0x080031c8                UART_SetConfig
 .text.UART_AdvFeatureConfig
                0x08004314      0x1c0 Drivers\STM32H7xx_HAL_Driver\Src\stm32h7xx_hal_uart.o
                0x08004314                UART_AdvFeatureConfig
 .text.UART_WaitOnFlagUntilTimeout
                0x080044d4       0x90 Drivers\STM32H7xx_HAL_Driver\Src\stm32h7xx_hal_uart.o
                0x080044d4                UART_WaitOnFlagUntilTimeout
 .text.HAL_UART_Transmit
                0x08004564       0xb6 Drivers\STM32H7xx_HAL_Driver\Src\stm32h7xx_hal_uart.o
                0x08004564                HAL_UART_Transmit
 .text.UART_CheckIdleState
                0x0800461a       0x66 Drivers\STM32H7xx_HAL_Driver\Src\stm32h7xx_hal_uart.o
                0x0800461a                UART_CheckIdleState
 .text.HAL_UART_Init
                0x08004680      0x110 Drivers\STM32H7xx_HAL_Driver\Src\stm32h7xx_hal_uart.o
                0x08004680                HAL_UART_Init
 .text.UARTEx_SetNbDataToProcess
                0x08004790       0x96 Drivers\STM32H7xx_HAL_Driver\Src\stm32h7xx_hal_uart_ex.o
 *fill*         0x08004826        0x2 
 .text.HAL_UARTEx_DisableFifoMode
                0x08004828       0x8c Drivers\STM32H7xx_HAL_Driver\Src\stm32h7xx_hal_uart_ex.o
                0x08004828                HAL_UARTEx_DisableFifoMode
 .text.HAL_UARTEx_SetTxFifoThreshold
                0x080048b4       0xb8 Drivers\STM32H7xx_HAL_Driver\Src\stm32h7xx_hal_uart_ex.o
                0x080048b4                HAL_UARTEx_SetTxFifoThreshold
 .text.HAL_UARTEx_SetRxFifoThreshold
                0x0800496c       0xb8 Drivers\STM32H7xx_HAL_Driver\Src\stm32h7xx_hal_uart_ex.o
                0x0800496c                HAL_UARTEx_SetRxFifoThreshold
 .text.USB_CoreReset
                0x08004a24       0x30 Drivers\STM32H7xx_HAL_Driver\Src\stm32h7xx_ll_usb.o
 .text.USB_CoreInit
                0x08004a54       0x82 Drivers\STM32H7xx_HAL_Driver\Src\stm32h7xx_ll_usb.o
                0x08004a54                USB_CoreInit
 .text.USB_DisableGlobalInt
                0x08004ad6        0xc Drivers\STM32H7xx_HAL_Driver\Src\stm32h7xx_ll_usb.o
                0x08004ad6                USB_DisableGlobalInt
 .text.USB_SetCurrentMode
                0x08004ae2       0x2e Drivers\STM32H7xx_HAL_Driver\Src\stm32h7xx_ll_usb.o
                0x08004ae2                USB_SetCurrentMode
 .text.USB_FlushTxFifo
                0x08004b10       0x24 Drivers\STM32H7xx_HAL_Driver\Src\stm32h7xx_ll_usb.o
                0x08004b10                USB_FlushTxFifo
 .text.USB_FlushRxFifo
                0x08004b34       0x20 Drivers\STM32H7xx_HAL_Driver\Src\stm32h7xx_ll_usb.o
                0x08004b34                USB_FlushRxFifo
 .text.USB_SetDevSpeed
                0x08004b54        0xe Drivers\STM32H7xx_HAL_Driver\Src\stm32h7xx_ll_usb.o
                0x08004b54                USB_SetDevSpeed
 *fill*         0x08004b62        0x2 
 .text.USB_DevInit
                0x08004b64      0x180 Drivers\STM32H7xx_HAL_Driver\Src\stm32h7xx_ll_usb.o
                0x08004b64                USB_DevInit
 .text.USB_DevDisconnect
                0x08004ce4       0x18 Drivers\STM32H7xx_HAL_Driver\Src\stm32h7xx_ll_usb.o
                0x08004ce4                USB_DevDisconnect
 .text.LoadMBR  0x08004cfc       0xdc Src\FSIO.o
                0x08004cfc                LoadMBR
 .text.FileObjectCopy
                0x08004dd8       0x14 Src\FSIO.o
                0x08004dd8                FileObjectCopy
 .text.ReadWord
                0x08004dec        0xc Src\FSIO.o
                0x08004dec                ReadWord
 .text.ReadDWord
                0x08004df8       0x1a Src\FSIO.o
                0x08004df8                ReadDWord
 *fill*         0x08004e12        0x2 
 .text.LoadBootSector
                0x08004e14      0x128 Src\FSIO.o
                0x08004e14                LoadBootSector
 .text.DISKmount
                0x08004f3c       0x54 Src\FSIO.o
                0x08004f3c                DISKmount
 .text.FSInit   0x08004f90       0x94 Src\FSIO.o
                0x08004f90                FSInit
 .text.Cluster2Sector
                0x08005024       0x20 Src\FSIO.o
                0x08005024                Cluster2Sector
 .text.Write_File_Entry
                0x08005044       0x58 Src\FSIO.o
                0x08005044                Write_File_Entry
 .text.flushData
                0x0800509c       0x34 Src\FSIO.o
                0x0800509c                flushData
 .text.EraseCluster
                0x080050d0       0x6c Src\FSIO.o
                0x080050d0                EraseCluster
 .text.ValidateChars
                0x0800513c       0x80 Src\FSIO.o
                0x0800513c                ValidateChars
 .text.FormatFileName
                0x080051bc       0xac Src\FSIO.o
                0x080051bc                FormatFileName
 .text.WriteFAT
                0x08005268      0x1b8 Src\FSIO.o
                0x08005268                WriteFAT
 .text.ReadFAT  0x08005420      0x154 Src\FSIO.o
                0x08005420                ReadFAT
 .text.FILEget_next_cluster
                0x08005574       0x68 Src\FSIO.o
                0x08005574                FILEget_next_cluster
 .text.Cache_File_Entry
                0x080055dc      0x140 Src\FSIO.o
                0x080055dc                Cache_File_Entry
 .text.PopulateEntries
                0x0800571c       0x64 Src\FSIO.o
                0x0800571c                PopulateEntries
 .text.Fill_File_Object
                0x08005780       0xcc Src\FSIO.o
                0x08005780                Fill_File_Object
 .text.FILEfind
                0x0800584c      0x19c Src\FSIO.o
                0x0800584c                FILEfind
 .text.FILEopen
                0x080059e8       0xd8 Src\FSIO.o
                0x080059e8                FILEopen
 .text.LoadDirAttrib
                0x08005ac0       0x3e Src\FSIO.o
                0x08005ac0                LoadDirAttrib
 *fill*         0x08005afe        0x2 
 .text.FATfindEmptyCluster
                0x08005b00       0x7c Src\FSIO.o
                0x08005b00                FATfindEmptyCluster
 .text.FAT_erase_cluster_chain
                0x08005b7c       0x84 Src\FSIO.o
                0x08005b7c                FAT_erase_cluster_chain
 .text.FILEerase
                0x08005c00       0x7c Src\FSIO.o
                0x08005c00                FILEerase
 .text.FSfclose
                0x08005c7c       0xb8 Src\FSIO.o
                0x08005c7c                FSfclose
 .text.FILEallocate_new_cluster
                0x08005d34       0x60 Src\FSIO.o
                0x08005d34                FILEallocate_new_cluster
 .text.FindEmptyEntries
                0x08005d94       0x70 Src\FSIO.o
                0x08005d94                FindEmptyEntries
 .text.FSfwrite
                0x08005e04      0x1d8 Src\FSIO.o
                0x08005e04                FSfwrite
 .text.FSfseek  0x08005fdc       0xfc Src\FSIO.o
                0x08005fdc                FSfseek
 .text.FILECreateHeadCluster
                0x080060d8       0x60 Src\FSIO.o
                0x080060d8                FILECreateHeadCluster
 .text.CreateFirstCluster
                0x08006138       0x3e Src\FSIO.o
                0x08006138                CreateFirstCluster
 *fill*         0x08006176        0x2 
 .text.CreateFileEntry
                0x08006178       0x54 Src\FSIO.o
                0x08006178                CreateFileEntry
 .text.FSfopen  0x080061cc      0x2ac Src\FSIO.o
                0x080061cc                FSfopen
 .text.SDCardIsDetected
                0x08006478       0x18 Src\fatfs_platform.o
                0x08006478                SDCardIsDetected
 .text.__io_putchar
                0x08006490       0x2c Src\main.o
                0x08006490                __io_putchar
 .text.SystemClock_Config
                0x080064bc      0x10c Src\main.o
                0x080064bc                SystemClock_Config
 .text.startup.main
                0x080065c8      0x2e8 Src\main.o
                0x080065c8                main
 .text.Error_Handler
                0x080068b0        0x2 Src\main.o
                0x080068b0                Error_Handler
 *fill*         0x080068b2        0x2 
 .text.DEBUG_Message
                0x080068b4       0x1c Src\main.o
                0x080068b4                DEBUG_Message
 .text.assert_failed
                0x080068d0       0x10 Src\main.o
                0x080068d0                assert_failed
 .text.HAL_MspInit
                0x080068e0       0x24 Src\stm32h7xx_hal_msp.o
                0x080068e0                HAL_MspInit
 .text.HAL_SPI_MspInit
                0x08006904       0x74 Src\stm32h7xx_hal_msp.o
                0x08006904                HAL_SPI_MspInit
 .text.HAL_SPI_MspDeInit
                0x08006978       0x30 Src\stm32h7xx_hal_msp.o
                0x08006978                HAL_SPI_MspDeInit
 .text.HAL_UART_MspInit
                0x080069a8       0x70 Src\stm32h7xx_hal_msp.o
                0x080069a8                HAL_UART_MspInit
 .text.HAL_PCD_MspInit
                0x08006a18       0x84 Src\stm32h7xx_hal_msp.o
                0x08006a18                HAL_PCD_MspInit
 .text.NMI_Handler
                0x08006a9c        0x2 Src\stm32h7xx_it.o
                0x08006a9c                NMI_Handler
 .text.HardFault_Handler
                0x08006a9e        0x2 Src\stm32h7xx_it.o
                0x08006a9e                HardFault_Handler
 .text.MemManage_Handler
                0x08006aa0        0x2 Src\stm32h7xx_it.o
                0x08006aa0                MemManage_Handler
 .text.BusFault_Handler
                0x08006aa2        0x2 Src\stm32h7xx_it.o
                0x08006aa2                BusFault_Handler
 .text.UsageFault_Handler
                0x08006aa4        0x2 Src\stm32h7xx_it.o
                0x08006aa4                UsageFault_Handler
 .text.SVC_Handler
                0x08006aa6        0x2 Src\stm32h7xx_it.o
                0x08006aa6                SVC_Handler
 .text.DebugMon_Handler
                0x08006aa8        0x2 Src\stm32h7xx_it.o
                0x08006aa8                DebugMon_Handler
 .text.PendSV_Handler
                0x08006aaa        0x2 Src\stm32h7xx_it.o
                0x08006aaa                PendSV_Handler
 .text.SysTick_Handler
                0x08006aac        0x4 Src\stm32h7xx_it.o
                0x08006aac                SysTick_Handler
 .text._read    0x08006ab0       0x1c Src\syscalls.o
                0x08006ab0                _read
 .text._write   0x08006acc       0x1c Src\syscalls.o
                0x08006acc                _write
 .text._sbrk    0x08006ae8       0x34 Src\syscalls.o
                0x08006ae8                _sbrk
 .text._close   0x08006b1c        0x6 Src\syscalls.o
                0x08006b1c                _close
 .text._fstat   0x08006b22        0xa Src\syscalls.o
                0x08006b22                _fstat
 .text._isatty  0x08006b2c        0x4 Src\syscalls.o
                0x08006b2c                _isatty
 .text._lseek   0x08006b30        0x4 Src\syscalls.o
                0x08006b30                _lseek
 .text.SystemInit
                0x08006b34       0x78 Src\system_stm32h7xx.o
                0x08006b34                SystemInit
 .text.SD_Select
                0x08006bac       0x10 Src\user_diskio.o
 .text.SD_DeSelect
                0x08006bbc       0x10 Src\user_diskio.o
 .text.SPI_WriteByte
                0x08006bcc       0x34 Src\user_diskio.o
 .text.SetCommand
                0x08006c00       0x4c Src\user_diskio.o
                0x08006c00                SetCommand
 .text.SendMMCCmd
                0x08006c4c      0x110 Src\user_diskio.o
 .text.MX_SPI5_FreqSwitch
                0x08006d5c       0x40 Src\user_diskio.o
                0x08006d5c                MX_SPI5_FreqSwitch
 .text.MDD_SDSPI_MediaInitialize
                0x08006d9c      0x208 Src\user_diskio.o
                0x08006d9c                MDD_SDSPI_MediaInitialize
 .text.MDD_SDSPI_SectorRead
                0x08006fa4       0xd8 Src\user_diskio.o
                0x08006fa4                MDD_SDSPI_SectorRead
 .text.MDD_SDSPI_SectorWrite
                0x0800707c       0x8c Src\user_diskio.o
                0x0800707c                MDD_SDSPI_SectorWrite
 .text.MDD_SDSPI_WriteProtectState
                0x08007108        0x4 Src\user_diskio.o
                0x08007108                MDD_SDSPI_WriteProtectState
 .text.Reset_Handler
                0x0800710c       0x50 startup\startup_stm32h743xx.o
                0x0800710c                Reset_Handler
 .text.Default_Handler
                0x0800715c        0x2 startup\startup_stm32h743xx.o
                0x0800715c                RTC_Alarm_IRQHandler
                0x0800715c                EXTI2_IRQHandler
                0x0800715c                TIM8_CC_IRQHandler
                0x0800715c                HRTIM1_Master_IRQHandler
                0x0800715c                UART8_IRQHandler
                0x0800715c                SPI4_IRQHandler
                0x0800715c                TIM1_CC_IRQHandler
                0x0800715c                BDMA_Channel6_IRQHandler
                0x0800715c                DMA2_Stream5_IRQHandler
                0x0800715c                HRTIM1_FLT_IRQHandler
                0x0800715c                JPEG_IRQHandler
                0x0800715c                DMA1_Stream5_IRQHandler
                0x0800715c                BDMA_Channel1_IRQHandler
                0x0800715c                HRTIM1_TIMD_IRQHandler
                0x0800715c                TAMP_STAMP_IRQHandler
                0x0800715c                EXTI3_IRQHandler
                0x0800715c                LPTIM4_IRQHandler
                0x0800715c                TIM8_TRG_COM_TIM14_IRQHandler
                0x0800715c                LPTIM2_IRQHandler
                0x0800715c                DFSDM1_FLT1_IRQHandler
                0x0800715c                DMAMUX2_OVR_IRQHandler
                0x0800715c                TIM8_UP_TIM13_IRQHandler
                0x0800715c                I2C3_ER_IRQHandler
                0x0800715c                DFSDM1_FLT2_IRQHandler
                0x0800715c                MDMA_IRQHandler
                0x0800715c                LPTIM3_IRQHandler
                0x0800715c                HSEM1_IRQHandler
                0x0800715c                EXTI0_IRQHandler
                0x0800715c                I2C2_EV_IRQHandler
                0x0800715c                DMA1_Stream2_IRQHandler
                0x0800715c                FPU_IRQHandler
                0x0800715c                OTG_HS_WKUP_IRQHandler
                0x0800715c                FDCAN1_IT1_IRQHandler
                0x0800715c                LTDC_ER_IRQHandler
                0x0800715c                DMA2_Stream2_IRQHandler
                0x0800715c                HRTIM1_TIME_IRQHandler
                0x0800715c                SPI1_IRQHandler
                0x0800715c                TIM6_DAC_IRQHandler
                0x0800715c                DCMI_IRQHandler
                0x0800715c                HRTIM1_TIMC_IRQHandler
                0x0800715c                DMA2_Stream3_IRQHandler
                0x0800715c                SAI2_IRQHandler
                0x0800715c                DFSDM1_FLT3_IRQHandler
                0x0800715c                USART6_IRQHandler
                0x0800715c                TIM17_IRQHandler
                0x0800715c                USART3_IRQHandler
                0x0800715c                BDMA_Channel7_IRQHandler
                0x0800715c                LPTIM5_IRQHandler
                0x0800715c                UART5_IRQHandler
                0x0800715c                ADC3_IRQHandler
                0x0800715c                DMA2_Stream0_IRQHandler
                0x0800715c                TIM4_IRQHandler
                0x0800715c                BDMA_Channel2_IRQHandler
                0x0800715c                QUADSPI_IRQHandler
                0x0800715c                I2C1_EV_IRQHandler
                0x0800715c                DMA1_Stream6_IRQHandler
                0x0800715c                DMAMUX1_OVR_IRQHandler
                0x0800715c                DMA1_Stream1_IRQHandler
                0x0800715c                TIM16_IRQHandler
                0x0800715c                UART4_IRQHandler
                0x0800715c                BDMA_Channel5_IRQHandler
                0x0800715c                TIM3_IRQHandler
                0x0800715c                RCC_IRQHandler
                0x0800715c                TIM8_BRK_TIM12_IRQHandler
                0x0800715c                TIM1_TRG_COM_IRQHandler
                0x0800715c                Default_Handler
                0x0800715c                ECC_IRQHandler
                0x0800715c                CEC_IRQHandler
                0x0800715c                EXTI15_10_IRQHandler
                0x0800715c                BDMA_Channel0_IRQHandler
                0x0800715c                ADC_IRQHandler
                0x0800715c                DMA1_Stream7_IRQHandler
                0x0800715c                HRTIM1_TIMA_IRQHandler
                0x0800715c                SPI5_IRQHandler
                0x0800715c                TIM7_IRQHandler
                0x0800715c                SDMMC1_IRQHandler
                0x0800715c                TIM5_IRQHandler
                0x0800715c                DMA2_Stream7_IRQHandler
                0x0800715c                TIM15_IRQHandler
                0x0800715c                PVD_AVD_IRQHandler
                0x0800715c                I2C3_EV_IRQHandler
                0x0800715c                EXTI9_5_IRQHandler
                0x0800715c                RTC_WKUP_IRQHandler
                0x0800715c                LTDC_IRQHandler
                0x0800715c                SAI3_IRQHandler
                0x0800715c                ETH_WKUP_IRQHandler
                0x0800715c                SPDIF_RX_IRQHandler
                0x0800715c                SPI2_IRQHandler
                0x0800715c                OTG_HS_EP1_IN_IRQHandler
                0x0800715c                DMA1_Stream0_IRQHandler
                0x0800715c                CRS_IRQHandler
                0x0800715c                EXTI4_IRQHandler
                0x0800715c                RNG_IRQHandler
                0x0800715c                HRTIM1_TIMB_IRQHandler
                0x0800715c                FDCAN2_IT1_IRQHandler
                0x0800715c                ETH_IRQHandler
                0x0800715c                TIM1_UP_IRQHandler
                0x0800715c                BDMA_Channel4_IRQHandler
                0x0800715c                OTG_HS_EP1_OUT_IRQHandler
                0x0800715c                WWDG_IRQHandler
                0x0800715c                SPI6_IRQHandler
                0x0800715c                MDIOS_IRQHandler
                0x0800715c                I2C4_EV_IRQHandler
                0x0800715c                FDCAN2_IT0_IRQHandler
                0x0800715c                LPUART1_IRQHandler
                0x0800715c                FDCAN1_IT0_IRQHandler
                0x0800715c                TIM2_IRQHandler
                0x0800715c                OTG_FS_WKUP_IRQHandler
                0x0800715c                OTG_HS_IRQHandler
                0x0800715c                DMA2D_IRQHandler
                0x0800715c                TIM1_BRK_IRQHandler
                0x0800715c                EXTI1_IRQHandler
                0x0800715c                SDMMC2_IRQHandler
                0x0800715c                OTG_FS_EP1_OUT_IRQHandler
                0x0800715c                BDMA_Channel3_IRQHandler
                0x0800715c                UART7_IRQHandler
                0x0800715c                MDIOS_WKUP_IRQHandler
                0x0800715c                USART2_IRQHandler
                0x0800715c                DFSDM1_FLT0_IRQHandler
                0x0800715c                SAI4_IRQHandler
                0x0800715c                I2C2_ER_IRQHandler
                0x0800715c                DMA2_Stream1_IRQHandler
                0x0800715c                FLASH_IRQHandler
                0x0800715c                DMA2_Stream4_IRQHandler
                0x0800715c                USART1_IRQHandler
                0x0800715c                OTG_FS_IRQHandler
                0x0800715c                SPI3_IRQHandler
                0x0800715c                WAKEUP_PIN_IRQHandler
                0x0800715c                DMA1_Stream4_IRQHandler
                0x0800715c                OTG_FS_EP1_IN_IRQHandler
                0x0800715c                I2C1_ER_IRQHandler
                0x0800715c                FMC_IRQHandler
                0x0800715c                FDCAN_CAL_IRQHandler
                0x0800715c                SWPMI1_IRQHandler
                0x0800715c                COMP1_IRQHandler
                0x0800715c                LPTIM1_IRQHandler
                0x0800715c                I2C4_ER_IRQHandler
                0x0800715c                DMA2_Stream6_IRQHandler
                0x0800715c                SAI1_IRQHandler
                0x0800715c                DMA1_Stream3_IRQHandler
 *fill*         0x0800715e        0x2 
 .text.__errno  0x08007160        0xc c:/program files (x86)/atollic/truestudio for stm32 9.3.0/armtools/bin/../lib/gcc/arm-atollic-eabi/6.3.1/../../../../arm-atollic-eabi/lib/armv7e-m/fpu/fpv5-d16\libc_nano.a(lib_a-errno.o)
                0x08007160                __errno
 .text.__libc_init_array
                0x0800716c       0x48 c:/program files (x86)/atollic/truestudio for stm32 9.3.0/armtools/bin/../lib/gcc/arm-atollic-eabi/6.3.1/../../../../arm-atollic-eabi/lib/armv7e-m/fpu/fpv5-d16\libc_nano.a(lib_a-init.o)
                0x0800716c                __libc_init_array
 .text.__locale_ctype_ptr
                0x080071b4       0x1c c:/program files (x86)/atollic/truestudio for stm32 9.3.0/armtools/bin/../lib/gcc/arm-atollic-eabi/6.3.1/../../../../arm-atollic-eabi/lib/armv7e-m/fpu/fpv5-d16\libc_nano.a(lib_a-locale.o)
                0x080071b4                __locale_ctype_ptr
 .text.__ascii_mbtowc
                0x080071d0       0x24 c:/program files (x86)/atollic/truestudio for stm32 9.3.0/armtools/bin/../lib/gcc/arm-atollic-eabi/6.3.1/../../../../arm-atollic-eabi/lib/armv7e-m/fpu/fpv5-d16\libc_nano.a(lib_a-mbtowc_r.o)
                0x080071d0                __ascii_mbtowc
 .text.memset   0x080071f4       0x10 c:/program files (x86)/atollic/truestudio for stm32 9.3.0/armtools/bin/../lib/gcc/arm-atollic-eabi/6.3.1/../../../../arm-atollic-eabi/lib/armv7e-m/fpu/fpv5-d16\libc_nano.a(lib_a-memset.o)
                0x080071f4                memset
 .text.printf   0x08007204       0x30 c:/program files (x86)/atollic/truestudio for stm32 9.3.0/armtools/bin/../lib/gcc/arm-atollic-eabi/6.3.1/../../../../arm-atollic-eabi/lib/armv7e-m/fpu/fpv5-d16\libc_nano.a(lib_a-printf.o)
                0x08007204                iprintf
                0x08007204                printf
 .text._puts_r  0x08007234       0xb8 c:/program files (x86)/atollic/truestudio for stm32 9.3.0/armtools/bin/../lib/gcc/arm-atollic-eabi/6.3.1/../../../../arm-atollic-eabi/lib/armv7e-m/fpu/fpv5-d16\libc_nano.a(lib_a-puts.o)
                0x08007234                _puts_r
 .text.puts     0x080072ec       0x10 c:/program files (x86)/atollic/truestudio for stm32 9.3.0/armtools/bin/../lib/gcc/arm-atollic-eabi/6.3.1/../../../../arm-atollic-eabi/lib/armv7e-m/fpu/fpv5-d16\libc_nano.a(lib_a-puts.o)
                0x080072ec                puts
 .text.strchr   0x080072fc       0x1c c:/program files (x86)/atollic/truestudio for stm32 9.3.0/armtools/bin/../lib/gcc/arm-atollic-eabi/6.3.1/../../../../arm-atollic-eabi/lib/armv7e-m/fpu/fpv5-d16\libc_nano.a(lib_a-strchr.o)
                0x080072fc                strchr
 .text.strcpy   0x08007318       0x10 c:/program files (x86)/atollic/truestudio for stm32 9.3.0/armtools/bin/../lib/gcc/arm-atollic-eabi/6.3.1/../../../../arm-atollic-eabi/lib/armv7e-m/fpu/fpv5-d16\libc_nano.a(lib_a-strcpy.o)
                0x08007318                strcpy
 .text.strncpy  0x08007328       0x2a c:/program files (x86)/atollic/truestudio for stm32 9.3.0/armtools/bin/../lib/gcc/arm-atollic-eabi/6.3.1/../../../../arm-atollic-eabi/lib/armv7e-m/fpu/fpv5-d16\libc_nano.a(lib_a-strncpy.o)
                0x08007328                strncpy
 *fill*         0x08007352        0x2 
 .text.__swbuf_r
                0x08007354       0xa4 c:/program files (x86)/atollic/truestudio for stm32 9.3.0/armtools/bin/../lib/gcc/arm-atollic-eabi/6.3.1/../../../../arm-atollic-eabi/lib/armv7e-m/fpu/fpv5-d16\libc_nano.a(lib_a-wbuf.o)
                0x08007354                __swbuf_r
 .text.__ascii_wctomb
                0x080073f8       0x1a c:/program files (x86)/atollic/truestudio for stm32 9.3.0/armtools/bin/../lib/gcc/arm-atollic-eabi/6.3.1/../../../../arm-atollic-eabi/lib/armv7e-m/fpu/fpv5-d16\libc_nano.a(lib_a-wctomb_r.o)
                0x080073f8                __ascii_wctomb
 *fill*         0x08007412        0x2 
 .text.__swsetup_r
                0x08007414       0xdc c:/program files (x86)/atollic/truestudio for stm32 9.3.0/armtools/bin/../lib/gcc/arm-atollic-eabi/6.3.1/../../../../arm-atollic-eabi/lib/armv7e-m/fpu/fpv5-d16\libc_nano.a(lib_a-wsetup.o)
                0x08007414                __swsetup_r
 .text.__sflush_r
                0x080074f0      0x110 c:/program files (x86)/atollic/truestudio for stm32 9.3.0/armtools/bin/../lib/gcc/arm-atollic-eabi/6.3.1/../../../../arm-atollic-eabi/lib/armv7e-m/fpu/fpv5-d16\libc_nano.a(lib_a-fflush.o)
                0x080074f0                __sflush_r
 .text._fflush_r
                0x08007600       0x54 c:/program files (x86)/atollic/truestudio for stm32 9.3.0/armtools/bin/../lib/gcc/arm-atollic-eabi/6.3.1/../../../../arm-atollic-eabi/lib/armv7e-m/fpu/fpv5-d16\libc_nano.a(lib_a-fflush.o)
                0x08007600                _fflush_r
 .text._cleanup_r
                0x08007654        0xc c:/program files (x86)/atollic/truestudio for stm32 9.3.0/armtools/bin/../lib/gcc/arm-atollic-eabi/6.3.1/../../../../arm-atollic-eabi/lib/armv7e-m/fpu/fpv5-d16\libc_nano.a(lib_a-findfp.o)
                0x08007654                _cleanup_r
 .text.std.isra.0
                0x08007660       0x48 c:/program files (x86)/atollic/truestudio for stm32 9.3.0/armtools/bin/../lib/gcc/arm-atollic-eabi/6.3.1/../../../../arm-atollic-eabi/lib/armv7e-m/fpu/fpv5-d16\libc_nano.a(lib_a-findfp.o)
 .text.__sfmoreglue
                0x080076a8       0x2c c:/program files (x86)/atollic/truestudio for stm32 9.3.0/armtools/bin/../lib/gcc/arm-atollic-eabi/6.3.1/../../../../arm-atollic-eabi/lib/armv7e-m/fpu/fpv5-d16\libc_nano.a(lib_a-findfp.o)
                0x080076a8                __sfmoreglue
 .text.__sinit  0x080076d4       0x60 c:/program files (x86)/atollic/truestudio for stm32 9.3.0/armtools/bin/../lib/gcc/arm-atollic-eabi/6.3.1/../../../../arm-atollic-eabi/lib/armv7e-m/fpu/fpv5-d16\libc_nano.a(lib_a-findfp.o)
                0x080076d4                __sinit
 .text.__sfp    0x08007734       0x78 c:/program files (x86)/atollic/truestudio for stm32 9.3.0/armtools/bin/../lib/gcc/arm-atollic-eabi/6.3.1/../../../../arm-atollic-eabi/lib/armv7e-m/fpu/fpv5-d16\libc_nano.a(lib_a-findfp.o)
                0x08007734                __sfp
 .text._fwalk_reent
                0x080077ac       0x3c c:/program files (x86)/atollic/truestudio for stm32 9.3.0/armtools/bin/../lib/gcc/arm-atollic-eabi/6.3.1/../../../../arm-atollic-eabi/lib/armv7e-m/fpu/fpv5-d16\libc_nano.a(lib_a-fwalk.o)
                0x080077ac                _fwalk_reent
 .text.__swhatbuf_r
                0x080077e8       0x48 c:/program files (x86)/atollic/truestudio for stm32 9.3.0/armtools/bin/../lib/gcc/arm-atollic-eabi/6.3.1/../../../../arm-atollic-eabi/lib/armv7e-m/fpu/fpv5-d16\libc_nano.a(lib_a-makebuf.o)
                0x080077e8                __swhatbuf_r
 .text.__smakebuf_r
                0x08007830       0x80 c:/program files (x86)/atollic/truestudio for stm32 9.3.0/armtools/bin/../lib/gcc/arm-atollic-eabi/6.3.1/../../../../arm-atollic-eabi/lib/armv7e-m/fpu/fpv5-d16\libc_nano.a(lib_a-makebuf.o)
                0x08007830                __smakebuf_r
 .text._free_r  0x080078b0       0x9c c:/program files (x86)/atollic/truestudio for stm32 9.3.0/armtools/bin/../lib/gcc/arm-atollic-eabi/6.3.1/../../../../arm-atollic-eabi/lib/armv7e-m/fpu/fpv5-d16\libc_nano.a(lib_a-nano-freer.o)
                0x080078b0                _free_r
 .text._malloc_r
                0x0800794c       0xbc c:/program files (x86)/atollic/truestudio for stm32 9.3.0/armtools/bin/../lib/gcc/arm-atollic-eabi/6.3.1/../../../../arm-atollic-eabi/lib/armv7e-m/fpu/fpv5-d16\libc_nano.a(lib_a-nano-mallocr.o)
                0x0800794c                _malloc_r
 .text.__sfputc_r
                0x08007a08       0x30 c:/program files (x86)/atollic/truestudio for stm32 9.3.0/armtools/bin/../lib/gcc/arm-atollic-eabi/6.3.1/../../../../arm-atollic-eabi/lib/armv7e-m/fpu/fpv5-d16\libc_nano.a(lib_a-nano-vfprintf.o)
 .text.__sfputs_r
                0x08007a38       0x24 c:/program files (x86)/atollic/truestudio for stm32 9.3.0/armtools/bin/../lib/gcc/arm-atollic-eabi/6.3.1/../../../../arm-atollic-eabi/lib/armv7e-m/fpu/fpv5-d16\libc_nano.a(lib_a-nano-vfprintf.o)
                0x08007a38                __sfputs_r
 .text._vfprintf_r
                0x08007a5c      0x22c c:/program files (x86)/atollic/truestudio for stm32 9.3.0/armtools/bin/../lib/gcc/arm-atollic-eabi/6.3.1/../../../../arm-atollic-eabi/lib/armv7e-m/fpu/fpv5-d16\libc_nano.a(lib_a-nano-vfprintf.o)
                0x08007a5c                _vfprintf_r
                0x08007a5c                _vfiprintf_r
 .text._printf_common
                0x08007c88       0xec c:/program files (x86)/atollic/truestudio for stm32 9.3.0/armtools/bin/../lib/gcc/arm-atollic-eabi/6.3.1/../../../../arm-atollic-eabi/lib/armv7e-m/fpu/fpv5-d16\libc_nano.a(lib_a-nano-vfprintf_i.o)
                0x08007c88                _printf_common
 .text._printf_i
                0x08007d74      0x240 c:/program files (x86)/atollic/truestudio for stm32 9.3.0/armtools/bin/../lib/gcc/arm-atollic-eabi/6.3.1/../../../../arm-atollic-eabi/lib/armv7e-m/fpu/fpv5-d16\libc_nano.a(lib_a-nano-vfprintf_i.o)
                0x08007d74                _printf_i
 .text._sbrk_r  0x08007fb4       0x20 c:/program files (x86)/atollic/truestudio for stm32 9.3.0/armtools/bin/../lib/gcc/arm-atollic-eabi/6.3.1/../../../../arm-atollic-eabi/lib/armv7e-m/fpu/fpv5-d16\libc_nano.a(lib_a-sbrkr.o)
                0x08007fb4                _sbrk_r
 .text.__sread  0x08007fd4       0x22 c:/program files (x86)/atollic/truestudio for stm32 9.3.0/armtools/bin/../lib/gcc/arm-atollic-eabi/6.3.1/../../../../arm-atollic-eabi/lib/armv7e-m/fpu/fpv5-d16\libc_nano.a(lib_a-stdio.o)
                0x08007fd4                __sread
 .text.__swrite
                0x08007ff6       0x38 c:/program files (x86)/atollic/truestudio for stm32 9.3.0/armtools/bin/../lib/gcc/arm-atollic-eabi/6.3.1/../../../../arm-atollic-eabi/lib/armv7e-m/fpu/fpv5-d16\libc_nano.a(lib_a-stdio.o)
                0x08007ff6                __swrite
 .text.__sseek  0x0800802e       0x24 c:/program files (x86)/atollic/truestudio for stm32 9.3.0/armtools/bin/../lib/gcc/arm-atollic-eabi/6.3.1/../../../../arm-atollic-eabi/lib/armv7e-m/fpu/fpv5-d16\libc_nano.a(lib_a-stdio.o)
                0x0800802e                __sseek
 .text.__sclose
                0x08008052        0x8 c:/program files (x86)/atollic/truestudio for stm32 9.3.0/armtools/bin/../lib/gcc/arm-atollic-eabi/6.3.1/../../../../arm-atollic-eabi/lib/armv7e-m/fpu/fpv5-d16\libc_nano.a(lib_a-stdio.o)
                0x08008052                __sclose
 *fill*         0x0800805a        0x2 
 .text._write_r
                0x0800805c       0x24 c:/program files (x86)/atollic/truestudio for stm32 9.3.0/armtools/bin/../lib/gcc/arm-atollic-eabi/6.3.1/../../../../arm-atollic-eabi/lib/armv7e-m/fpu/fpv5-d16\libc_nano.a(lib_a-writer.o)
                0x0800805c                _write_r
 .text._close_r
                0x08008080       0x20 c:/program files (x86)/atollic/truestudio for stm32 9.3.0/armtools/bin/../lib/gcc/arm-atollic-eabi/6.3.1/../../../../arm-atollic-eabi/lib/armv7e-m/fpu/fpv5-d16\libc_nano.a(lib_a-closer.o)
                0x08008080                _close_r
 .text._fstat_r
                0x080080a0       0x24 c:/program files (x86)/atollic/truestudio for stm32 9.3.0/armtools/bin/../lib/gcc/arm-atollic-eabi/6.3.1/../../../../arm-atollic-eabi/lib/armv7e-m/fpu/fpv5-d16\libc_nano.a(lib_a-fstatr.o)
                0x080080a0                _fstat_r
 .text._isatty_r
                0x080080c4       0x20 c:/program files (x86)/atollic/truestudio for stm32 9.3.0/armtools/bin/../lib/gcc/arm-atollic-eabi/6.3.1/../../../../arm-atollic-eabi/lib/armv7e-m/fpu/fpv5-d16\libc_nano.a(lib_a-isattyr.o)
                0x080080c4                _isatty_r
 .text._lseek_r
                0x080080e4       0x24 c:/program files (x86)/atollic/truestudio for stm32 9.3.0/armtools/bin/../lib/gcc/arm-atollic-eabi/6.3.1/../../../../arm-atollic-eabi/lib/armv7e-m/fpu/fpv5-d16\libc_nano.a(lib_a-lseekr.o)
                0x080080e4                _lseek_r
 .text.__malloc_lock
                0x08008108        0x2 c:/program files (x86)/atollic/truestudio for stm32 9.3.0/armtools/bin/../lib/gcc/arm-atollic-eabi/6.3.1/../../../../arm-atollic-eabi/lib/armv7e-m/fpu/fpv5-d16\libc_nano.a(lib_a-mlock.o)
                0x08008108                __malloc_lock
 .text.__malloc_unlock
                0x0800810a        0x2 c:/program files (x86)/atollic/truestudio for stm32 9.3.0/armtools/bin/../lib/gcc/arm-atollic-eabi/6.3.1/../../../../arm-atollic-eabi/lib/armv7e-m/fpu/fpv5-d16\libc_nano.a(lib_a-mlock.o)
                0x0800810a                __malloc_unlock
 .text._read_r  0x0800810c       0x24 c:/program files (x86)/atollic/truestudio for stm32 9.3.0/armtools/bin/../lib/gcc/arm-atollic-eabi/6.3.1/../../../../arm-atollic-eabi/lib/armv7e-m/fpu/fpv5-d16\libc_nano.a(lib_a-readr.o)
                0x0800810c                _read_r
 *(.glue_7)
 .glue_7        0x08008130        0x0 linker stubs
 *(.glue_7t)
 .glue_7t       0x08008130        0x0 linker stubs
 *(.eh_frame)
 .eh_frame      0x08008130        0x0 c:/program files (x86)/atollic/truestudio for stm32 9.3.0/armtools/bin/../lib/gcc/arm-atollic-eabi/6.3.1/armv7e-m/fpu/fpv5-d16/crtbegin.o
 *(.init)
 .init          0x08008130        0x4 c:/program files (x86)/atollic/truestudio for stm32 9.3.0/armtools/bin/../lib/gcc/arm-atollic-eabi/6.3.1/armv7e-m/fpu/fpv5-d16/crti.o
                0x08008130                _init
 .init          0x08008134        0x8 c:/program files (x86)/atollic/truestudio for stm32 9.3.0/armtools/bin/../lib/gcc/arm-atollic-eabi/6.3.1/armv7e-m/fpu/fpv5-d16/crtn.o
 *(.fini)
 .fini          0x0800813c        0x4 c:/program files (x86)/atollic/truestudio for stm32 9.3.0/armtools/bin/../lib/gcc/arm-atollic-eabi/6.3.1/armv7e-m/fpu/fpv5-d16/crti.o
                0x0800813c                _fini
 .fini          0x08008140        0x8 c:/program files (x86)/atollic/truestudio for stm32 9.3.0/armtools/bin/../lib/gcc/arm-atollic-eabi/6.3.1/armv7e-m/fpu/fpv5-d16/crtn.o
                0x08008148                . = ALIGN (0x4)
                0x08008148                _etext = .

.vfp11_veneer   0x08008148        0x0
 .vfp11_veneer  0x08008148        0x0 linker stubs

.v4_bx          0x08008148        0x0
 .v4_bx         0x08008148        0x0 linker stubs

.iplt           0x08008148        0x0
 .iplt          0x08008148        0x0 c:/program files (x86)/atollic/truestudio for stm32 9.3.0/armtools/bin/../lib/gcc/arm-atollic-eabi/6.3.1/armv7e-m/fpu/fpv5-d16/crtbegin.o

.rodata         0x08008148      0x598
                0x08008148                . = ALIGN (0x4)
 *(.rodata)
 .rodata        0x08008148       0x20 Src\main.o
 *(.rodata*)
 .rodata.HAL_NVIC_SetPriorityGrouping.str1.1
                0x08008168       0x3b Drivers\STM32H7xx_HAL_Driver\Src\stm32h7xx_hal_cortex.o
 .rodata.HAL_GPIO_Init.str1.1
                0x080081a3       0x39 Drivers\STM32H7xx_HAL_Driver\Src\stm32h7xx_hal_gpio.o
 .rodata.HAL_PCD_Init.str1.1
                0x080081dc       0x38 Drivers\STM32H7xx_HAL_Driver\Src\stm32h7xx_hal_pcd.o
 .rodata.HAL_PWREx_ConfigSupply.str1.1
                0x08008214       0x3b Drivers\STM32H7xx_HAL_Driver\Src\stm32h7xx_hal_pwr_ex.o
 .rodata.HAL_RCC_OscConfig.str1.1
                0x0800824f       0x38 Drivers\STM32H7xx_HAL_Driver\Src\stm32h7xx_hal_rcc.o
 .rodata.RCCEx_PLL2_Config.str1.1
                0x08008287       0x3b Drivers\STM32H7xx_HAL_Driver\Src\stm32h7xx_hal_rcc_ex.o
 .rodata.HAL_SPI_Init.str1.1
                0x080082c2       0x38 Drivers\STM32H7xx_HAL_Driver\Src\stm32h7xx_hal_spi.o
 .rodata.CSWTCH.426
                0x080082fa       0x29 Drivers\STM32H7xx_HAL_Driver\Src\stm32h7xx_hal_uart.o
 .rodata.CSWTCH.428
                0x08008323        0x6 Drivers\STM32H7xx_HAL_Driver\Src\stm32h7xx_hal_uart.o
 .rodata.CSWTCH.429
                0x08008329        0x6 Drivers\STM32H7xx_HAL_Driver\Src\stm32h7xx_hal_uart.o
 .rodata.HAL_UART_DeInit.str1.1
                0x0800832f       0x39 Drivers\STM32H7xx_HAL_Driver\Src\stm32h7xx_hal_uart.o
 .rodata.HAL_RS485Ex_Init.str1.1
                0x08008368       0x3c Drivers\STM32H7xx_HAL_Driver\Src\stm32h7xx_hal_uart_ex.o
 .rodata.DEBUG_Message.str1.1
                0x080083a4       0x2b Src\main.o
 .rodata.assert_failed.str1.1
                0x080083cf       0x2d Src\main.o
 .rodata.main.str1.1
                0x080083fc       0x43 Src\main.o
 .rodata.D1CorePrescTable
                0x0800843f       0x10 Src\system_stm32h7xx.o
                0x0800843f                D1CorePrescTable
 .rodata.MDD_SDSPI_MediaInitialize.str1.1
                0x0800844f        0x6 Src\user_diskio.o
                                  0xa (size before relaxing)
 .rodata.MDD_SDSPI_SectorRead.str1.1
                0x08008455       0x6a Src\user_diskio.o
 .rodata.MDD_SDSPI_SectorWrite.str1.1
                0x080084bf        0xf Src\user_diskio.o
 .rodata.MX_SPI5_FreqSwitch.str1.1
                0x080084ce        0xf Src\user_diskio.o
 .rodata.__FUNCTION__.11892
                0x080084dd       0x15 Src\user_diskio.o
 .rodata.cmdTable
                0x080084f2       0x48 Src\user_diskio.o
                0x080084f2                cmdTable
 *fill*         0x0800853a        0x2 
 .rodata._global_impure_ptr
                0x0800853c        0x4 c:/program files (x86)/atollic/truestudio for stm32 9.3.0/armtools/bin/../lib/gcc/arm-atollic-eabi/6.3.1/../../../../arm-atollic-eabi/lib/armv7e-m/fpu/fpv5-d16\libc_nano.a(lib_a-impure.o)
                0x0800853c                _global_impure_ptr
 .rodata._setlocale_r.str1.1
                0x08008540        0x8 c:/program files (x86)/atollic/truestudio for stm32 9.3.0/armtools/bin/../lib/gcc/arm-atollic-eabi/6.3.1/../../../../arm-atollic-eabi/lib/armv7e-m/fpu/fpv5-d16\libc_nano.a(lib_a-locale.o)
                                  0x9 (size before relaxing)
 .rodata.str1.1
                0x08008548        0x2 c:/program files (x86)/atollic/truestudio for stm32 9.3.0/armtools/bin/../lib/gcc/arm-atollic-eabi/6.3.1/../../../../arm-atollic-eabi/lib/armv7e-m/fpu/fpv5-d16\libc_nano.a(lib_a-locale.o)
 .rodata._ctype_
                0x0800854a      0x101 c:/program files (x86)/atollic/truestudio for stm32 9.3.0/armtools/bin/../lib/gcc/arm-atollic-eabi/6.3.1/../../../../arm-atollic-eabi/lib/armv7e-m/fpu/fpv5-d16\libc_nano.a(lib_a-ctype_.o)
                0x0800854a                _ctype_
 *fill*         0x0800864b        0x1 
 .rodata.__sf_fake_stderr
                0x0800864c       0x20 c:/program files (x86)/atollic/truestudio for stm32 9.3.0/armtools/bin/../lib/gcc/arm-atollic-eabi/6.3.1/../../../../arm-atollic-eabi/lib/armv7e-m/fpu/fpv5-d16\libc_nano.a(lib_a-findfp.o)
                0x0800864c                __sf_fake_stderr
 .rodata.__sf_fake_stdin
                0x0800866c       0x20 c:/program files (x86)/atollic/truestudio for stm32 9.3.0/armtools/bin/../lib/gcc/arm-atollic-eabi/6.3.1/../../../../arm-atollic-eabi/lib/armv7e-m/fpu/fpv5-d16\libc_nano.a(lib_a-findfp.o)
                0x0800866c                __sf_fake_stdin
 .rodata.__sf_fake_stdout
                0x0800868c       0x20 c:/program files (x86)/atollic/truestudio for stm32 9.3.0/armtools/bin/../lib/gcc/arm-atollic-eabi/6.3.1/../../../../arm-atollic-eabi/lib/armv7e-m/fpu/fpv5-d16\libc_nano.a(lib_a-findfp.o)
                0x0800868c                __sf_fake_stdout
 .rodata._vfprintf_r.str1.1
                0x080086ac       0x11 c:/program files (x86)/atollic/truestudio for stm32 9.3.0/armtools/bin/../lib/gcc/arm-atollic-eabi/6.3.1/../../../../arm-atollic-eabi/lib/armv7e-m/fpu/fpv5-d16\libc_nano.a(lib_a-nano-vfprintf.o)
 .rodata._printf_i.str1.1
                0x080086bd       0x22 c:/program files (x86)/atollic/truestudio for stm32 9.3.0/armtools/bin/../lib/gcc/arm-atollic-eabi/6.3.1/../../../../arm-atollic-eabi/lib/armv7e-m/fpu/fpv5-d16\libc_nano.a(lib_a-nano-vfprintf_i.o)
                0x080086e0                . = ALIGN (0x4)
 *fill*         0x080086df        0x1 

.ARM.extab
 *(.ARM.extab* .gnu.linkonce.armextab.*)

.ARM            0x080086e0        0x8
                0x080086e0                __exidx_start = .
 *(.ARM.exidx*)
 .ARM.exidx     0x080086e0        0x8 c:/program files (x86)/atollic/truestudio for stm32 9.3.0/armtools/bin/../lib/gcc/arm-atollic-eabi/6.3.1/armv7e-m/fpu/fpv5-d16\libgcc.a(_udivmoddi4.o)
                0x080086e8                __exidx_end = .

.rel.dyn        0x080086e8        0x0
 .rel.iplt      0x080086e8        0x0 c:/program files (x86)/atollic/truestudio for stm32 9.3.0/armtools/bin/../lib/gcc/arm-atollic-eabi/6.3.1/armv7e-m/fpu/fpv5-d16/crtbegin.o

.preinit_array  0x080086e8        0x0
                0x080086e8                PROVIDE (__preinit_array_start, .)
 *(.preinit_array*)
                0x080086e8                PROVIDE (__preinit_array_end, .)

.init_array     0x080086e8        0x4
                0x080086e8                PROVIDE (__init_array_start, .)
 *(SORT(.init_array.*))
 *(.init_array*)
 .init_array    0x080086e8        0x4 c:/program files (x86)/atollic/truestudio for stm32 9.3.0/armtools/bin/../lib/gcc/arm-atollic-eabi/6.3.1/armv7e-m/fpu/fpv5-d16/crtbegin.o
                0x080086ec                PROVIDE (__init_array_end, .)

.fini_array     0x080086ec        0x4
                [!provide]                PROVIDE (__fini_array_start, .)
 *(SORT(.fini_array.*))
 *(.fini_array*)
 .fini_array    0x080086ec        0x4 c:/program files (x86)/atollic/truestudio for stm32 9.3.0/armtools/bin/../lib/gcc/arm-atollic-eabi/6.3.1/armv7e-m/fpu/fpv5-d16/crtbegin.o
                [!provide]                PROVIDE (__fini_array_end, .)
                0x080086f0                _sidata = LOADADDR (.data)

.data           0x20000000      0x1ec load address 0x080086f0
                0x20000000                . = ALIGN (0x4)
                0x20000000                _sdata = .
 *(.data)
 *(.data*)
 .data.uwTickFreq
                0x20000000        0x1 Drivers\STM32H7xx_HAL_Driver\Src\stm32h7xx_hal.o
                0x20000000                uwTickFreq
 *fill*         0x20000001        0x3 
 .data.uwTickPrio
                0x20000004        0x4 Drivers\STM32H7xx_HAL_Driver\Src\stm32h7xx_hal.o
                0x20000004                uwTickPrio
 .data.cwdptr   0x20000008        0x4 Src\FSIO.o
                0x20000008                cwdptr
 .data.gLastDataSectorRead
                0x2000000c        0x4 Src\FSIO.o
                0x2000000c                gLastDataSectorRead
 .data.gLastFATSectorRead
                0x20000010        0x4 Src\FSIO.o
                0x20000010                gLastFATSectorRead
 .data.SystemCoreClock
                0x20000014        0x4 Src\system_stm32h7xx.o
                0x20000014                SystemCoreClock
 .data.SystemD2Clock
                0x20000018        0x4 Src\system_stm32h7xx.o
                0x20000018                SystemD2Clock
 .data._impure_ptr
                0x2000001c        0x4 c:/program files (x86)/atollic/truestudio for stm32 9.3.0/armtools/bin/../lib/gcc/arm-atollic-eabi/6.3.1/../../../../arm-atollic-eabi/lib/armv7e-m/fpu/fpv5-d16\libc_nano.a(lib_a-impure.o)
                0x2000001c                _impure_ptr
 .data.impure_data
                0x20000020       0x60 c:/program files (x86)/atollic/truestudio for stm32 9.3.0/armtools/bin/../lib/gcc/arm-atollic-eabi/6.3.1/../../../../arm-atollic-eabi/lib/armv7e-m/fpu/fpv5-d16\libc_nano.a(lib_a-impure.o)
 .data.__global_locale
                0x20000080      0x16c c:/program files (x86)/atollic/truestudio for stm32 9.3.0/armtools/bin/../lib/gcc/arm-atollic-eabi/6.3.1/../../../../arm-atollic-eabi/lib/armv7e-m/fpu/fpv5-d16\libc_nano.a(lib_a-locale.o)
                0x20000080                __global_locale
                0x200001ec                . = ALIGN (0x4)
                0x200001ec                _edata = .

.igot.plt       0x200001ec        0x0 load address 0x080088dc
 .igot.plt      0x200001ec        0x0 c:/program files (x86)/atollic/truestudio for stm32 9.3.0/armtools/bin/../lib/gcc/arm-atollic-eabi/6.3.1/armv7e-m/fpu/fpv5-d16/crtbegin.o
                0x200001ec                . = ALIGN (0x4)

.bss            0x200001ec      0xb24 load address 0x080088dc
                0x200001ec                _sbss = .
                0x200001ec                __bss_start__ = _sbss
 *(.bss)
 .bss           0x200001ec       0x1c c:/program files (x86)/atollic/truestudio for stm32 9.3.0/armtools/bin/../lib/gcc/arm-atollic-eabi/6.3.1/armv7e-m/fpu/fpv5-d16/crtbegin.o
 *(.bss*)
 .bss.gBufferOwner
                0x20000208        0x4 Src\FSIO.o
                0x20000208                gBufferOwner
 .bss.gBufferZeroed
                0x2000020c        0x1 Src\FSIO.o
                0x2000020c                gBufferZeroed
 .bss.gNeedDataWrite
                0x2000020d        0x1 Src\FSIO.o
                0x2000020d                gNeedDataWrite
 .bss.gNeedFATWrite
                0x2000020e        0x1 Src\FSIO.o
                0x2000020e                gNeedFATWrite
 .bss.nextClusterIsLast
                0x2000020f        0x1 Src\FSIO.o
                0x2000020f                nextClusterIsLast
 .bss.heap_end.7010
                0x20000210        0x4 Src\syscalls.o
 .bss.MDD_SDSPI_finalLBA
                0x20000214        0x4 Src\user_diskio.o
 .bss.gMediaSectorSize
                0x20000218        0x2 Src\user_diskio.o
 .bss.gSDMode   0x2000021a        0x1 Src\user_diskio.o
 *fill*         0x2000021b        0x1 
 .bss.mediaInformation
                0x2000021c        0x6 Src\user_diskio.o
 *fill*         0x20000222        0x2 
 .bss.__malloc_free_list
                0x20000224        0x4 c:/program files (x86)/atollic/truestudio for stm32 9.3.0/armtools/bin/../lib/gcc/arm-atollic-eabi/6.3.1/../../../../arm-atollic-eabi/lib/armv7e-m/fpu/fpv5-d16\libc_nano.a(lib_a-nano-mallocr.o)
                0x20000224                __malloc_free_list
 .bss.__malloc_sbrk_start
                0x20000228        0x4 c:/program files (x86)/atollic/truestudio for stm32 9.3.0/armtools/bin/../lib/gcc/arm-atollic-eabi/6.3.1/../../../../arm-atollic-eabi/lib/armv7e-m/fpu/fpv5-d16\libc_nano.a(lib_a-nano-mallocr.o)
                0x20000228                __malloc_sbrk_start
 *(COMMON)
 COMMON         0x2000022c        0x4 Drivers\STM32H7xx_HAL_Driver\Src\stm32h7xx_hal.o
                0x2000022c                uwTick
 COMMON         0x20000230      0x5bb Src\FSIO.o
                0x20000230                gDataBuffer
                0x20000430                gFileSlotOpen
                0x20000434                cwd
                0x20000470                defaultString
                0x20000480                tempCWDobj
                0x200004bc                gFATBuffer
                0x200006bc                gFileArray
                0x20000770                FatRootDirClusterValue
                0x20000774                gDiskData
                0x2000079c                TempClusterCalc
                0x200007a0                dirCleared
                0x200007a4                gFileTemp
                0x200007e0                defaultArray
                0x200007ea                FSerrno
 *fill*         0x200007eb        0x1 
 COMMON         0x200007ec      0x520 Src\main.o
                0x200007ec                hspi5
                0x20000874                huart3
                0x20000900                hpcd_USB_OTG_FS
                0x20000d08                md
 COMMON         0x20000d0c        0x4 c:/program files (x86)/atollic/truestudio for stm32 9.3.0/armtools/bin/../lib/gcc/arm-atollic-eabi/6.3.1/../../../../arm-atollic-eabi/lib/armv7e-m/fpu/fpv5-d16\libc_nano.a(lib_a-reent.o)
                0x20000d0c                errno
                0x20000d10                . = ALIGN (0x4)
                0x20000d10                _ebss = .
                0x20000d10                __bss_end__ = _ebss

._user_heap_stack
                0x20000d10     0x3000 load address 0x080088dc
                0x20000d10                . = ALIGN (0x4)
                0x20000d10                PROVIDE (end, .)
                [!provide]                PROVIDE (_end, .)
                0x20002d10                . = (. + _Min_Heap_Size)
 *fill*         0x20000d10     0x2000 
                0x20003d10                . = (. + _Min_Stack_Size)
 *fill*         0x20002d10     0x1000 
                0x20003d10                . = ALIGN (0x4)

/DISCARD/
 libc.a(*)
 libm.a(*)
 libgcc.a(*)

.ARM.attributes
                0x00000000       0x2e
 *(.ARM.attributes)
 .ARM.attributes
                0x00000000       0x20 c:/program files (x86)/atollic/truestudio for stm32 9.3.0/armtools/bin/../lib/gcc/arm-atollic-eabi/6.3.1/armv7e-m/fpu/fpv5-d16/crti.o
 .ARM.attributes
                0x00000020       0x32 c:/program files (x86)/atollic/truestudio for stm32 9.3.0/armtools/bin/../lib/gcc/arm-atollic-eabi/6.3.1/armv7e-m/fpu/fpv5-d16/crtbegin.o
 .ARM.attributes
                0x00000052       0x37 Drivers\STM32H7xx_HAL_Driver\Src\stm32h7xx_hal.o
 .ARM.attributes
                0x00000089       0x37 Drivers\STM32H7xx_HAL_Driver\Src\stm32h7xx_hal_cortex.o
 .ARM.attributes
                0x000000c0       0x37 Drivers\STM32H7xx_HAL_Driver\Src\stm32h7xx_hal_gpio.o
 .ARM.attributes
                0x000000f7       0x37 Drivers\STM32H7xx_HAL_Driver\Src\stm32h7xx_hal_pcd.o
 .ARM.attributes
                0x0000012e       0x37 Drivers\STM32H7xx_HAL_Driver\Src\stm32h7xx_hal_pcd_ex.o
 .ARM.attributes
                0x00000165       0x37 Drivers\STM32H7xx_HAL_Driver\Src\stm32h7xx_hal_pwr_ex.o
 .ARM.attributes
                0x0000019c       0x37 Drivers\STM32H7xx_HAL_Driver\Src\stm32h7xx_hal_rcc.o
 .ARM.attributes
                0x000001d3       0x37 Drivers\STM32H7xx_HAL_Driver\Src\stm32h7xx_hal_rcc_ex.o
 .ARM.attributes
                0x0000020a       0x37 Drivers\STM32H7xx_HAL_Driver\Src\stm32h7xx_hal_spi.o
 .ARM.attributes
                0x00000241       0x37 Drivers\STM32H7xx_HAL_Driver\Src\stm32h7xx_hal_uart.o
 .ARM.attributes
                0x00000278       0x37 Drivers\STM32H7xx_HAL_Driver\Src\stm32h7xx_hal_uart_ex.o
 .ARM.attributes
                0x000002af       0x37 Drivers\STM32H7xx_HAL_Driver\Src\stm32h7xx_ll_usb.o
 .ARM.attributes
                0x000002e6       0x37 Src\FSIO.o
 .ARM.attributes
                0x0000031d       0x37 Src\fatfs_platform.o
 .ARM.attributes
                0x00000354       0x37 Src\main.o
 .ARM.attributes
                0x0000038b       0x37 Src\stm32h7xx_hal_msp.o
 .ARM.attributes
                0x000003c2       0x37 Src\stm32h7xx_it.o
 .ARM.attributes
                0x000003f9       0x37 Src\syscalls.o
 .ARM.attributes
                0x00000430       0x37 Src\system_stm32h7xx.o
 .ARM.attributes
                0x00000467       0x37 Src\user_diskio.o
 .ARM.attributes
                0x0000049e       0x21 startup\startup_stm32h743xx.o
 .ARM.attributes
                0x000004bf       0x32 c:/program files (x86)/atollic/truestudio for stm32 9.3.0/armtools/bin/../lib/gcc/arm-atollic-eabi/6.3.1/../../../../arm-atollic-eabi/lib/armv7e-m/fpu/fpv5-d16\libc_nano.a(lib_a-errno.o)
 .ARM.attributes
                0x000004f1       0x32 c:/program files (x86)/atollic/truestudio for stm32 9.3.0/armtools/bin/../lib/gcc/arm-atollic-eabi/6.3.1/../../../../arm-atollic-eabi/lib/armv7e-m/fpu/fpv5-d16\libc_nano.a(lib_a-impure.o)
 .ARM.attributes
                0x00000523       0x32 c:/program files (x86)/atollic/truestudio for stm32 9.3.0/armtools/bin/../lib/gcc/arm-atollic-eabi/6.3.1/../../../../arm-atollic-eabi/lib/armv7e-m/fpu/fpv5-d16\libc_nano.a(lib_a-init.o)
 .ARM.attributes
                0x00000555       0x32 c:/program files (x86)/atollic/truestudio for stm32 9.3.0/armtools/bin/../lib/gcc/arm-atollic-eabi/6.3.1/../../../../arm-atollic-eabi/lib/armv7e-m/fpu/fpv5-d16\libc_nano.a(lib_a-locale.o)
 .ARM.attributes
                0x00000587       0x32 c:/program files (x86)/atollic/truestudio for stm32 9.3.0/armtools/bin/../lib/gcc/arm-atollic-eabi/6.3.1/../../../../arm-atollic-eabi/lib/armv7e-m/fpu/fpv5-d16\libc_nano.a(lib_a-mbtowc_r.o)
 .ARM.attributes
                0x000005b9       0x32 c:/program files (x86)/atollic/truestudio for stm32 9.3.0/armtools/bin/../lib/gcc/arm-atollic-eabi/6.3.1/../../../../arm-atollic-eabi/lib/armv7e-m/fpu/fpv5-d16\libc_nano.a(lib_a-memset.o)
 .ARM.attributes
                0x000005eb       0x32 c:/program files (x86)/atollic/truestudio for stm32 9.3.0/armtools/bin/../lib/gcc/arm-atollic-eabi/6.3.1/../../../../arm-atollic-eabi/lib/armv7e-m/fpu/fpv5-d16\libc_nano.a(lib_a-printf.o)
 .ARM.attributes
                0x0000061d       0x32 c:/program files (x86)/atollic/truestudio for stm32 9.3.0/armtools/bin/../lib/gcc/arm-atollic-eabi/6.3.1/../../../../arm-atollic-eabi/lib/armv7e-m/fpu/fpv5-d16\libc_nano.a(lib_a-puts.o)
 .ARM.attributes
                0x0000064f       0x32 c:/program files (x86)/atollic/truestudio for stm32 9.3.0/armtools/bin/../lib/gcc/arm-atollic-eabi/6.3.1/../../../../arm-atollic-eabi/lib/armv7e-m/fpu/fpv5-d16\libc_nano.a(lib_a-strchr.o)
 .ARM.attributes
                0x00000681       0x32 c:/program files (x86)/atollic/truestudio for stm32 9.3.0/armtools/bin/../lib/gcc/arm-atollic-eabi/6.3.1/../../../../arm-atollic-eabi/lib/armv7e-m/fpu/fpv5-d16\libc_nano.a(lib_a-strcpy.o)
 .ARM.attributes
                0x000006b3       0x19 c:/program files (x86)/atollic/truestudio for stm32 9.3.0/armtools/bin/../lib/gcc/arm-atollic-eabi/6.3.1/../../../../arm-atollic-eabi/lib/armv7e-m/fpu/fpv5-d16\libc_nano.a(lib_a-strlen.o)
 .ARM.attributes
                0x000006cc       0x32 c:/program files (x86)/atollic/truestudio for stm32 9.3.0/armtools/bin/../lib/gcc/arm-atollic-eabi/6.3.1/../../../../arm-atollic-eabi/lib/armv7e-m/fpu/fpv5-d16\libc_nano.a(lib_a-strncpy.o)
 .ARM.attributes
                0x000006fe       0x32 c:/program files (x86)/atollic/truestudio for stm32 9.3.0/armtools/bin/../lib/gcc/arm-atollic-eabi/6.3.1/../../../../arm-atollic-eabi/lib/armv7e-m/fpu/fpv5-d16\libc_nano.a(lib_a-wbuf.o)
 .ARM.attributes
                0x00000730       0x32 c:/program files (x86)/atollic/truestudio for stm32 9.3.0/armtools/bin/../lib/gcc/arm-atollic-eabi/6.3.1/../../../../arm-atollic-eabi/lib/armv7e-m/fpu/fpv5-d16\libc_nano.a(lib_a-wctomb_r.o)
 .ARM.attributes
                0x00000762       0x32 c:/program files (x86)/atollic/truestudio for stm32 9.3.0/armtools/bin/../lib/gcc/arm-atollic-eabi/6.3.1/../../../../arm-atollic-eabi/lib/armv7e-m/fpu/fpv5-d16\libc_nano.a(lib_a-wsetup.o)
 .ARM.attributes
                0x00000794       0x32 c:/program files (x86)/atollic/truestudio for stm32 9.3.0/armtools/bin/../lib/gcc/arm-atollic-eabi/6.3.1/../../../../arm-atollic-eabi/lib/armv7e-m/fpu/fpv5-d16\libc_nano.a(lib_a-ctype_.o)
 .ARM.attributes
                0x000007c6       0x32 c:/program files (x86)/atollic/truestudio for stm32 9.3.0/armtools/bin/../lib/gcc/arm-atollic-eabi/6.3.1/../../../../arm-atollic-eabi/lib/armv7e-m/fpu/fpv5-d16\libc_nano.a(lib_a-fflush.o)
 .ARM.attributes
                0x000007f8       0x32 c:/program files (x86)/atollic/truestudio for stm32 9.3.0/armtools/bin/../lib/gcc/arm-atollic-eabi/6.3.1/../../../../arm-atollic-eabi/lib/armv7e-m/fpu/fpv5-d16\libc_nano.a(lib_a-findfp.o)
 .ARM.attributes
                0x0000082a       0x32 c:/program files (x86)/atollic/truestudio for stm32 9.3.0/armtools/bin/../lib/gcc/arm-atollic-eabi/6.3.1/../../../../arm-atollic-eabi/lib/armv7e-m/fpu/fpv5-d16\libc_nano.a(lib_a-fwalk.o)
 .ARM.attributes
                0x0000085c       0x32 c:/program files (x86)/atollic/truestudio for stm32 9.3.0/armtools/bin/../lib/gcc/arm-atollic-eabi/6.3.1/../../../../arm-atollic-eabi/lib/armv7e-m/fpu/fpv5-d16\libc_nano.a(lib_a-makebuf.o)
 .ARM.attributes
                0x0000088e       0x32 c:/program files (x86)/atollic/truestudio for stm32 9.3.0/armtools/bin/../lib/gcc/arm-atollic-eabi/6.3.1/../../../../arm-atollic-eabi/lib/armv7e-m/fpu/fpv5-d16\libc_nano.a(lib_a-nano-freer.o)
 .ARM.attributes
                0x000008c0       0x32 c:/program files (x86)/atollic/truestudio for stm32 9.3.0/armtools/bin/../lib/gcc/arm-atollic-eabi/6.3.1/../../../../arm-atollic-eabi/lib/armv7e-m/fpu/fpv5-d16\libc_nano.a(lib_a-nano-mallocr.o)
 .ARM.attributes
                0x000008f2       0x32 c:/program files (x86)/atollic/truestudio for stm32 9.3.0/armtools/bin/../lib/gcc/arm-atollic-eabi/6.3.1/../../../../arm-atollic-eabi/lib/armv7e-m/fpu/fpv5-d16\libc_nano.a(lib_a-nano-vfprintf.o)
 .ARM.attributes
                0x00000924       0x32 c:/program files (x86)/atollic/truestudio for stm32 9.3.0/armtools/bin/../lib/gcc/arm-atollic-eabi/6.3.1/../../../../arm-atollic-eabi/lib/armv7e-m/fpu/fpv5-d16\libc_nano.a(lib_a-nano-vfprintf_i.o)
 .ARM.attributes
                0x00000956       0x32 c:/program files (x86)/atollic/truestudio for stm32 9.3.0/armtools/bin/../lib/gcc/arm-atollic-eabi/6.3.1/../../../../arm-atollic-eabi/lib/armv7e-m/fpu/fpv5-d16\libc_nano.a(lib_a-sbrkr.o)
 .ARM.attributes
                0x00000988       0x32 c:/program files (x86)/atollic/truestudio for stm32 9.3.0/armtools/bin/../lib/gcc/arm-atollic-eabi/6.3.1/../../../../arm-atollic-eabi/lib/armv7e-m/fpu/fpv5-d16\libc_nano.a(lib_a-stdio.o)
 .ARM.attributes
                0x000009ba       0x32 c:/program files (x86)/atollic/truestudio for stm32 9.3.0/armtools/bin/../lib/gcc/arm-atollic-eabi/6.3.1/../../../../arm-atollic-eabi/lib/armv7e-m/fpu/fpv5-d16\libc_nano.a(lib_a-writer.o)
 .ARM.attributes
                0x000009ec       0x32 c:/program files (x86)/atollic/truestudio for stm32 9.3.0/armtools/bin/../lib/gcc/arm-atollic-eabi/6.3.1/../../../../arm-atollic-eabi/lib/armv7e-m/fpu/fpv5-d16\libc_nano.a(lib_a-closer.o)
 .ARM.attributes
                0x00000a1e       0x32 c:/program files (x86)/atollic/truestudio for stm32 9.3.0/armtools/bin/../lib/gcc/arm-atollic-eabi/6.3.1/../../../../arm-atollic-eabi/lib/armv7e-m/fpu/fpv5-d16\libc_nano.a(lib_a-fstatr.o)
 .ARM.attributes
                0x00000a50       0x32 c:/program files (x86)/atollic/truestudio for stm32 9.3.0/armtools/bin/../lib/gcc/arm-atollic-eabi/6.3.1/../../../../arm-atollic-eabi/lib/armv7e-m/fpu/fpv5-d16\libc_nano.a(lib_a-isattyr.o)
 .ARM.attributes
                0x00000a82       0x32 c:/program files (x86)/atollic/truestudio for stm32 9.3.0/armtools/bin/../lib/gcc/arm-atollic-eabi/6.3.1/../../../../arm-atollic-eabi/lib/armv7e-m/fpu/fpv5-d16\libc_nano.a(lib_a-lseekr.o)
 .ARM.attributes
                0x00000ab4       0x1e c:/program files (x86)/atollic/truestudio for stm32 9.3.0/armtools/bin/../lib/gcc/arm-atollic-eabi/6.3.1/../../../../arm-atollic-eabi/lib/armv7e-m/fpu/fpv5-d16\libc_nano.a(lib_a-memchr.o)
 .ARM.attributes
                0x00000ad2       0x32 c:/program files (x86)/atollic/truestudio for stm32 9.3.0/armtools/bin/../lib/gcc/arm-atollic-eabi/6.3.1/../../../../arm-atollic-eabi/lib/armv7e-m/fpu/fpv5-d16\libc_nano.a(lib_a-mlock.o)
 .ARM.attributes
                0x00000b04       0x32 c:/program files (x86)/atollic/truestudio for stm32 9.3.0/armtools/bin/../lib/gcc/arm-atollic-eabi/6.3.1/../../../../arm-atollic-eabi/lib/armv7e-m/fpu/fpv5-d16\libc_nano.a(lib_a-readr.o)
 .ARM.attributes
                0x00000b36       0x32 c:/program files (x86)/atollic/truestudio for stm32 9.3.0/armtools/bin/../lib/gcc/arm-atollic-eabi/6.3.1/../../../../arm-atollic-eabi/lib/armv7e-m/fpu/fpv5-d16\libc_nano.a(lib_a-reent.o)
 .ARM.attributes
                0x00000b68       0x20 c:/program files (x86)/atollic/truestudio for stm32 9.3.0/armtools/bin/../lib/gcc/arm-atollic-eabi/6.3.1/armv7e-m/fpu/fpv5-d16\libgcc.a(_aeabi_uldivmod.o)
 .ARM.attributes
                0x00000b88       0x32 c:/program files (x86)/atollic/truestudio for stm32 9.3.0/armtools/bin/../lib/gcc/arm-atollic-eabi/6.3.1/armv7e-m/fpu/fpv5-d16\libgcc.a(_udivmoddi4.o)
 .ARM.attributes
                0x00000bba       0x20 c:/program files (x86)/atollic/truestudio for stm32 9.3.0/armtools/bin/../lib/gcc/arm-atollic-eabi/6.3.1/armv7e-m/fpu/fpv5-d16\libgcc.a(_dvmd_tls.o)
 .ARM.attributes
                0x00000bda       0x20 c:/program files (x86)/atollic/truestudio for stm32 9.3.0/armtools/bin/../lib/gcc/arm-atollic-eabi/6.3.1/armv7e-m/fpu/fpv5-d16/crtn.o
OUTPUT(SPI.elf elf32-littlearm)

.debug_info     0x00000000    0x27564
 .debug_info    0x00000000     0x2117 Drivers\STM32H7xx_HAL_Driver\Src\stm32h7xx_hal.o
 .debug_info    0x00002117     0x1e69 Drivers\STM32H7xx_HAL_Driver\Src\stm32h7xx_hal_cortex.o
 .debug_info    0x00003f80     0x180b Drivers\STM32H7xx_HAL_Driver\Src\stm32h7xx_hal_gpio.o
 .debug_info    0x0000578b     0x218d Drivers\STM32H7xx_HAL_Driver\Src\stm32h7xx_hal_pcd.o
 .debug_info    0x00007918     0x12da Drivers\STM32H7xx_HAL_Driver\Src\stm32h7xx_hal_pcd_ex.o
 .debug_info    0x00008bf2     0x1a31 Drivers\STM32H7xx_HAL_Driver\Src\stm32h7xx_hal_pwr_ex.o
 .debug_info    0x0000a623     0x1e9c Drivers\STM32H7xx_HAL_Driver\Src\stm32h7xx_hal_rcc.o
 .debug_info    0x0000c4bf     0x220d Drivers\STM32H7xx_HAL_Driver\Src\stm32h7xx_hal_rcc_ex.o
 .debug_info    0x0000e6cc     0x25a8 Drivers\STM32H7xx_HAL_Driver\Src\stm32h7xx_hal_spi.o
 .debug_info    0x00010c74     0x2fc3 Drivers\STM32H7xx_HAL_Driver\Src\stm32h7xx_hal_uart.o
 .debug_info    0x00013c37     0x1744 Drivers\STM32H7xx_HAL_Driver\Src\stm32h7xx_hal_uart_ex.o
 .debug_info    0x0001537b     0x2543 Drivers\STM32H7xx_HAL_Driver\Src\stm32h7xx_ll_usb.o
 .debug_info    0x000178be     0x50bc Src\FSIO.o
 .debug_info    0x0001c97a      0xbb8 Src\fatfs_platform.o
 .debug_info    0x0001d532     0x2f35 Src\main.o
 .debug_info    0x00020467     0x1fed Src\stm32h7xx_hal_msp.o
 .debug_info    0x00022454      0xb37 Src\stm32h7xx_it.o
 .debug_info    0x00022f8b      0xfe1 Src\syscalls.o
 .debug_info    0x00023f6c     0x1329 Src\system_stm32h7xx.o
 .debug_info    0x00025295     0x2257 Src\user_diskio.o
 .debug_info    0x000274ec       0x78 startup\startup_stm32h743xx.o

.debug_abbrev   0x00000000     0x428a
 .debug_abbrev  0x00000000      0x331 Drivers\STM32H7xx_HAL_Driver\Src\stm32h7xx_hal.o
 .debug_abbrev  0x00000331      0x40c Drivers\STM32H7xx_HAL_Driver\Src\stm32h7xx_hal_cortex.o
 .debug_abbrev  0x0000073d      0x2f9 Drivers\STM32H7xx_HAL_Driver\Src\stm32h7xx_hal_gpio.o
 .debug_abbrev  0x00000a36      0x3dc Drivers\STM32H7xx_HAL_Driver\Src\stm32h7xx_hal_pcd.o
 .debug_abbrev  0x00000e12      0x30f Drivers\STM32H7xx_HAL_Driver\Src\stm32h7xx_hal_pcd_ex.o
 .debug_abbrev  0x00001121      0x387 Drivers\STM32H7xx_HAL_Driver\Src\stm32h7xx_hal_pwr_ex.o
 .debug_abbrev  0x000014a8      0x32e Drivers\STM32H7xx_HAL_Driver\Src\stm32h7xx_hal_rcc.o
 .debug_abbrev  0x000017d6      0x327 Drivers\STM32H7xx_HAL_Driver\Src\stm32h7xx_hal_rcc_ex.o
 .debug_abbrev  0x00001afd      0x404 Drivers\STM32H7xx_HAL_Driver\Src\stm32h7xx_hal_spi.o
 .debug_abbrev  0x00001f01      0x3dd Drivers\STM32H7xx_HAL_Driver\Src\stm32h7xx_hal_uart.o
 .debug_abbrev  0x000022de      0x326 Drivers\STM32H7xx_HAL_Driver\Src\stm32h7xx_hal_uart_ex.o
 .debug_abbrev  0x00002604      0x3c7 Drivers\STM32H7xx_HAL_Driver\Src\stm32h7xx_ll_usb.o
 .debug_abbrev  0x000029cb      0x4ae Src\FSIO.o
 .debug_abbrev  0x00002e79      0x1f2 Src\fatfs_platform.o
 .debug_abbrev  0x0000306b      0x406 Src\main.o
 .debug_abbrev  0x00003471      0x294 Src\stm32h7xx_hal_msp.o
 .debug_abbrev  0x00003705      0x213 Src\stm32h7xx_it.o
 .debug_abbrev  0x00003918      0x2d9 Src\syscalls.o
 .debug_abbrev  0x00003bf1      0x218 Src\system_stm32h7xx.o
 .debug_abbrev  0x00003e09      0x46f Src\user_diskio.o
 .debug_abbrev  0x00004278       0x12 startup\startup_stm32h743xx.o

.debug_loc      0x00000000     0xe3da
 .debug_loc     0x00000000      0x4ce Drivers\STM32H7xx_HAL_Driver\Src\stm32h7xx_hal.o
 .debug_loc     0x000004ce      0x5ae Drivers\STM32H7xx_HAL_Driver\Src\stm32h7xx_hal_cortex.o
 .debug_loc     0x00000a7c      0x420 Drivers\STM32H7xx_HAL_Driver\Src\stm32h7xx_hal_gpio.o
 .debug_loc     0x00000e9c      0xc10 Drivers\STM32H7xx_HAL_Driver\Src\stm32h7xx_hal_pcd.o
 .debug_loc     0x00001aac      0x223 Drivers\STM32H7xx_HAL_Driver\Src\stm32h7xx_hal_pcd_ex.o
 .debug_loc     0x00001ccf      0x434 Drivers\STM32H7xx_HAL_Driver\Src\stm32h7xx_hal_pwr_ex.o
 .debug_loc     0x00002103      0x55e Drivers\STM32H7xx_HAL_Driver\Src\stm32h7xx_hal_rcc.o
 .debug_loc     0x00002661      0xdc2 Drivers\STM32H7xx_HAL_Driver\Src\stm32h7xx_hal_rcc_ex.o
 .debug_loc     0x00003423     0x1273 Drivers\STM32H7xx_HAL_Driver\Src\stm32h7xx_hal_spi.o
 .debug_loc     0x00004696     0x20a0 Drivers\STM32H7xx_HAL_Driver\Src\stm32h7xx_hal_uart.o
 .debug_loc     0x00006736      0x4d0 Drivers\STM32H7xx_HAL_Driver\Src\stm32h7xx_hal_uart_ex.o
 .debug_loc     0x00006c06     0x1b81 Drivers\STM32H7xx_HAL_Driver\Src\stm32h7xx_ll_usb.o
 .debug_loc     0x00008787     0x4d06 Src\FSIO.o
 .debug_loc     0x0000d48d       0x25 Src\fatfs_platform.o
 .debug_loc     0x0000d4b2      0x148 Src\main.o
 .debug_loc     0x0000d5fa      0x108 Src\stm32h7xx_hal_msp.o
 .debug_loc     0x0000d702      0x3ef Src\syscalls.o
 .debug_loc     0x0000daf1      0x16f Src\system_stm32h7xx.o
 .debug_loc     0x0000dc60      0x77a Src\user_diskio.o

.debug_aranges  0x00000000      0xfe8
 .debug_aranges
                0x00000000      0x1b0 Drivers\STM32H7xx_HAL_Driver\Src\stm32h7xx_hal.o
 .debug_aranges
                0x000001b0       0xb0 Drivers\STM32H7xx_HAL_Driver\Src\stm32h7xx_hal_cortex.o
 .debug_aranges
                0x00000260       0x58 Drivers\STM32H7xx_HAL_Driver\Src\stm32h7xx_hal_gpio.o
 .debug_aranges
                0x000002b8       0xc0 Drivers\STM32H7xx_HAL_Driver\Src\stm32h7xx_hal_pcd.o
 .debug_aranges
                0x00000378       0x58 Drivers\STM32H7xx_HAL_Driver\Src\stm32h7xx_hal_pcd_ex.o
 .debug_aranges
                0x000003d0      0x128 Drivers\STM32H7xx_HAL_Driver\Src\stm32h7xx_hal_pwr_ex.o
 .debug_aranges
                0x000004f8       0x88 Drivers\STM32H7xx_HAL_Driver\Src\stm32h7xx_hal_rcc.o
 .debug_aranges
                0x00000580       0xd0 Drivers\STM32H7xx_HAL_Driver\Src\stm32h7xx_hal_rcc_ex.o
 .debug_aranges
                0x00000650      0x138 Drivers\STM32H7xx_HAL_Driver\Src\stm32h7xx_hal_spi.o
 .debug_aranges
                0x00000788      0x1d8 Drivers\STM32H7xx_HAL_Driver\Src\stm32h7xx_hal_uart.o
 .debug_aranges
                0x00000960       0x70 Drivers\STM32H7xx_HAL_Driver\Src\stm32h7xx_hal_uart_ex.o
 .debug_aranges
                0x000009d0      0x198 Drivers\STM32H7xx_HAL_Driver\Src\stm32h7xx_ll_usb.o
 .debug_aranges
                0x00000b68      0x1f8 Src\FSIO.o
 .debug_aranges
                0x00000d60       0x20 Src\fatfs_platform.o
 .debug_aranges
                0x00000d80       0x48 Src\main.o
 .debug_aranges
                0x00000dc8       0x50 Src\stm32h7xx_hal_msp.o
 .debug_aranges
                0x00000e18       0x48 Src\stm32h7xx_it.o
 .debug_aranges
                0x00000e60       0xb0 Src\syscalls.o
 .debug_aranges
                0x00000f10       0x28 Src\system_stm32h7xx.o
 .debug_aranges
                0x00000f38       0x88 Src\user_diskio.o
 .debug_aranges
                0x00000fc0       0x28 startup\startup_stm32h743xx.o

.debug_ranges   0x00000000     0x1288
 .debug_ranges  0x00000000      0x1a0 Drivers\STM32H7xx_HAL_Driver\Src\stm32h7xx_hal.o
 .debug_ranges  0x000001a0      0x150 Drivers\STM32H7xx_HAL_Driver\Src\stm32h7xx_hal_cortex.o
 .debug_ranges  0x000002f0       0x68 Drivers\STM32H7xx_HAL_Driver\Src\stm32h7xx_hal_gpio.o
 .debug_ranges  0x00000358       0xe8 Drivers\STM32H7xx_HAL_Driver\Src\stm32h7xx_hal_pcd.o
 .debug_ranges  0x00000440       0x48 Drivers\STM32H7xx_HAL_Driver\Src\stm32h7xx_hal_pcd_ex.o
 .debug_ranges  0x00000488      0x118 Drivers\STM32H7xx_HAL_Driver\Src\stm32h7xx_hal_pwr_ex.o
 .debug_ranges  0x000005a0       0xc0 Drivers\STM32H7xx_HAL_Driver\Src\stm32h7xx_hal_rcc.o
 .debug_ranges  0x00000660       0xc0 Drivers\STM32H7xx_HAL_Driver\Src\stm32h7xx_hal_rcc_ex.o
 .debug_ranges  0x00000720      0x178 Drivers\STM32H7xx_HAL_Driver\Src\stm32h7xx_hal_spi.o
 .debug_ranges  0x00000898      0x1e0 Drivers\STM32H7xx_HAL_Driver\Src\stm32h7xx_hal_uart.o
 .debug_ranges  0x00000a78       0x60 Drivers\STM32H7xx_HAL_Driver\Src\stm32h7xx_hal_uart_ex.o
 .debug_ranges  0x00000ad8      0x1a8 Drivers\STM32H7xx_HAL_Driver\Src\stm32h7xx_ll_usb.o
 .debug_ranges  0x00000c80      0x300 Src\FSIO.o
 .debug_ranges  0x00000f80       0x10 Src\fatfs_platform.o
 .debug_ranges  0x00000f90       0xa0 Src\main.o
 .debug_ranges  0x00001030       0xa0 Src\stm32h7xx_hal_msp.o
 .debug_ranges  0x000010d0       0x38 Src\stm32h7xx_it.o
 .debug_ranges  0x00001108       0xa0 Src\syscalls.o
 .debug_ranges  0x000011a8       0x18 Src\system_stm32h7xx.o
 .debug_ranges  0x000011c0       0xa8 Src\user_diskio.o
 .debug_ranges  0x00001268       0x20 startup\startup_stm32h743xx.o

.debug_line     0x00000000     0xb160
 .debug_line    0x00000000      0x858 Drivers\STM32H7xx_HAL_Driver\Src\stm32h7xx_hal.o
 .debug_line    0x00000858      0x68b Drivers\STM32H7xx_HAL_Driver\Src\stm32h7xx_hal_cortex.o
 .debug_line    0x00000ee3      0x6c1 Drivers\STM32H7xx_HAL_Driver\Src\stm32h7xx_hal_gpio.o
 .debug_line    0x000015a4      0x8b9 Drivers\STM32H7xx_HAL_Driver\Src\stm32h7xx_hal_pcd.o
 .debug_line    0x00001e5d      0x43a Drivers\STM32H7xx_HAL_Driver\Src\stm32h7xx_hal_pcd_ex.o
 .debug_line    0x00002297      0x7dc Drivers\STM32H7xx_HAL_Driver\Src\stm32h7xx_hal_pwr_ex.o
 .debug_line    0x00002a73      0x8fe Drivers\STM32H7xx_HAL_Driver\Src\stm32h7xx_hal_rcc.o
 .debug_line    0x00003371      0xa89 Drivers\STM32H7xx_HAL_Driver\Src\stm32h7xx_hal_rcc_ex.o
 .debug_line    0x00003dfa      0xe4f Drivers\STM32H7xx_HAL_Driver\Src\stm32h7xx_hal_spi.o
 .debug_line    0x00004c49     0x1a21 Drivers\STM32H7xx_HAL_Driver\Src\stm32h7xx_hal_uart.o
 .debug_line    0x0000666a      0x7ae Drivers\STM32H7xx_HAL_Driver\Src\stm32h7xx_hal_uart_ex.o
 .debug_line    0x00006e18      0xa89 Drivers\STM32H7xx_HAL_Driver\Src\stm32h7xx_ll_usb.o
 .debug_line    0x000078a1     0x1a1d Src\FSIO.o
 .debug_line    0x000092be      0x325 Src\fatfs_platform.o
 .debug_line    0x000095e3      0x5c5 Src\main.o
 .debug_line    0x00009ba8      0x44e Src\stm32h7xx_hal_msp.o
 .debug_line    0x00009ff6      0x34a Src\stm32h7xx_it.o
 .debug_line    0x0000a340      0x3bf Src\syscalls.o
 .debug_line    0x0000a6ff      0x37a Src\system_stm32h7xx.o
 .debug_line    0x0000aa79      0x669 Src\user_diskio.o
 .debug_line    0x0000b0e2       0x7e startup\startup_stm32h743xx.o

.debug_str      0x00000000     0x7440
 .debug_str     0x00000000     0x1a1e Drivers\STM32H7xx_HAL_Driver\Src\stm32h7xx_hal.o
                               0x1b3f (size before relaxing)
 .debug_str     0x00001a1e      0x56f Drivers\STM32H7xx_HAL_Driver\Src\stm32h7xx_hal_cortex.o
                               0x172d (size before relaxing)
 .debug_str     0x00001f8d      0x188 Drivers\STM32H7xx_HAL_Driver\Src\stm32h7xx_hal_gpio.o
                                0xdca (size before relaxing)
 .debug_str     0x00002115      0xb48 Drivers\STM32H7xx_HAL_Driver\Src\stm32h7xx_hal_pcd.o
                               0x144f (size before relaxing)
 .debug_str     0x00002c5d      0x1af Drivers\STM32H7xx_HAL_Driver\Src\stm32h7xx_hal_pcd_ex.o
                                0xe92 (size before relaxing)
 .debug_str     0x00002e0c      0x590 Drivers\STM32H7xx_HAL_Driver\Src\stm32h7xx_hal_pwr_ex.o
                               0x10de (size before relaxing)
 .debug_str     0x0000339c      0x490 Drivers\STM32H7xx_HAL_Driver\Src\stm32h7xx_hal_rcc.o
                               0x10ae (size before relaxing)
 .debug_str     0x0000382c      0x89a Drivers\STM32H7xx_HAL_Driver\Src\stm32h7xx_hal_rcc_ex.o
                               0x14a4 (size before relaxing)
 .debug_str     0x000040c6      0xa57 Drivers\STM32H7xx_HAL_Driver\Src\stm32h7xx_hal_spi.o
                               0x1414 (size before relaxing)
 .debug_str     0x00004b1d      0x9e6 Drivers\STM32H7xx_HAL_Driver\Src\stm32h7xx_hal_uart.o
                               0x1a1c (size before relaxing)
 .debug_str     0x00005503      0x22e Drivers\STM32H7xx_HAL_Driver\Src\stm32h7xx_hal_uart_ex.o
                               0x1100 (size before relaxing)
 .debug_str     0x00005731      0x426 Drivers\STM32H7xx_HAL_Driver\Src\stm32h7xx_ll_usb.o
                               0x1378 (size before relaxing)
 .debug_str     0x00005b57     0x1062 Src\FSIO.o
                               0x1a17 (size before relaxing)
 .debug_str     0x00006bb9       0x29 Src\fatfs_platform.o
                                0x927 (size before relaxing)
 .debug_str     0x00006be2       0xf3 Src\main.o
                               0x1f5e (size before relaxing)
 .debug_str     0x00006cd5       0x1b Src\stm32h7xx_hal_msp.o
                               0x16c8 (size before relaxing)
 .debug_str     0x00006cf0       0xa6 Src\stm32h7xx_it.o
                                0x936 (size before relaxing)
 .debug_str     0x00006d96      0x23a Src\syscalls.o
                                0x877 (size before relaxing)
 .debug_str     0x00006fd0       0x3b Src\system_stm32h7xx.o
                                0xc7c (size before relaxing)
 .debug_str     0x0000700b      0x435 Src\user_diskio.o
                               0x152b (size before relaxing)

.comment        0x00000000       0x7c
 .comment       0x00000000       0x7c Drivers\STM32H7xx_HAL_Driver\Src\stm32h7xx_hal.o
                                 0x7d (size before relaxing)
 .comment       0x0000007c       0x7d Drivers\STM32H7xx_HAL_Driver\Src\stm32h7xx_hal_cortex.o
 .comment       0x0000007c       0x7d Drivers\STM32H7xx_HAL_Driver\Src\stm32h7xx_hal_gpio.o
 .comment       0x0000007c       0x7d Drivers\STM32H7xx_HAL_Driver\Src\stm32h7xx_hal_pcd.o
 .comment       0x0000007c       0x7d Drivers\STM32H7xx_HAL_Driver\Src\stm32h7xx_hal_pcd_ex.o
 .comment       0x0000007c       0x7d Drivers\STM32H7xx_HAL_Driver\Src\stm32h7xx_hal_pwr_ex.o
 .comment       0x0000007c       0x7d Drivers\STM32H7xx_HAL_Driver\Src\stm32h7xx_hal_rcc.o
 .comment       0x0000007c       0x7d Drivers\STM32H7xx_HAL_Driver\Src\stm32h7xx_hal_rcc_ex.o
 .comment       0x0000007c       0x7d Drivers\STM32H7xx_HAL_Driver\Src\stm32h7xx_hal_spi.o
 .comment       0x0000007c       0x7d Drivers\STM32H7xx_HAL_Driver\Src\stm32h7xx_hal_uart.o
 .comment       0x0000007c       0x7d Drivers\STM32H7xx_HAL_Driver\Src\stm32h7xx_hal_uart_ex.o
 .comment       0x0000007c       0x7d Drivers\STM32H7xx_HAL_Driver\Src\stm32h7xx_ll_usb.o
 .comment       0x0000007c       0x7d Src\FSIO.o
 .comment       0x0000007c       0x7d Src\fatfs_platform.o
 .comment       0x0000007c       0x7d Src\main.o
 .comment       0x0000007c       0x7d Src\stm32h7xx_hal_msp.o
 .comment       0x0000007c       0x7d Src\stm32h7xx_it.o
 .comment       0x0000007c       0x7d Src\syscalls.o
 .comment       0x0000007c       0x7d Src\system_stm32h7xx.o
 .comment       0x0000007c       0x7d Src\user_diskio.o

.debug_frame    0x00000000     0x3820
 .debug_frame   0x00000000      0x418 Drivers\STM32H7xx_HAL_Driver\Src\stm32h7xx_hal.o
 .debug_frame   0x00000418      0x190 Drivers\STM32H7xx_HAL_Driver\Src\stm32h7xx_hal_cortex.o
 .debug_frame   0x000005a8      0x104 Drivers\STM32H7xx_HAL_Driver\Src\stm32h7xx_hal_gpio.o
 .debug_frame   0x000006ac      0x2c4 Drivers\STM32H7xx_HAL_Driver\Src\stm32h7xx_hal_pcd.o
 .debug_frame   0x00000970       0xb8 Drivers\STM32H7xx_HAL_Driver\Src\stm32h7xx_hal_pcd_ex.o
 .debug_frame   0x00000a28      0x348 Drivers\STM32H7xx_HAL_Driver\Src\stm32h7xx_hal_pwr_ex.o
 .debug_frame   0x00000d70      0x174 Drivers\STM32H7xx_HAL_Driver\Src\stm32h7xx_hal_rcc.o
 .debug_frame   0x00000ee4      0x25c Drivers\STM32H7xx_HAL_Driver\Src\stm32h7xx_hal_rcc_ex.o
 .debug_frame   0x00001140      0x450 Drivers\STM32H7xx_HAL_Driver\Src\stm32h7xx_hal_spi.o
 .debug_frame   0x00001590      0x634 Drivers\STM32H7xx_HAL_Driver\Src\stm32h7xx_hal_uart.o
 .debug_frame   0x00001bc4      0x160 Drivers\STM32H7xx_HAL_Driver\Src\stm32h7xx_hal_uart_ex.o
 .debug_frame   0x00001d24      0x45c Drivers\STM32H7xx_HAL_Driver\Src\stm32h7xx_ll_usb.o
 .debug_frame   0x00002180      0x7d8 Src\FSIO.o
 .debug_frame   0x00002958       0x28 Src\fatfs_platform.o
 .debug_frame   0x00002980       0xa8 Src\main.o
 .debug_frame   0x00002a28       0xb8 Src\stm32h7xx_hal_msp.o
 .debug_frame   0x00002ae0       0xa0 Src\stm32h7xx_it.o
 .debug_frame   0x00002b80      0x1a8 Src\syscalls.o
 .debug_frame   0x00002d28       0x44 Src\system_stm32h7xx.o
 .debug_frame   0x00002d6c      0x18c Src\user_diskio.o
 .debug_frame   0x00002ef8       0x20 c:/program files (x86)/atollic/truestudio for stm32 9.3.0/armtools/bin/../lib/gcc/arm-atollic-eabi/6.3.1/../../../../arm-atollic-eabi/lib/armv7e-m/fpu/fpv5-d16\libc_nano.a(lib_a-errno.o)
 .debug_frame   0x00002f18       0x2c c:/program files (x86)/atollic/truestudio for stm32 9.3.0/armtools/bin/../lib/gcc/arm-atollic-eabi/6.3.1/../../../../arm-atollic-eabi/lib/armv7e-m/fpu/fpv5-d16\libc_nano.a(lib_a-init.o)
 .debug_frame   0x00002f44       0x68 c:/program files (x86)/atollic/truestudio for stm32 9.3.0/armtools/bin/../lib/gcc/arm-atollic-eabi/6.3.1/../../../../arm-atollic-eabi/lib/armv7e-m/fpu/fpv5-d16\libc_nano.a(lib_a-locale.o)
 .debug_frame   0x00002fac       0x48 c:/program files (x86)/atollic/truestudio for stm32 9.3.0/armtools/bin/../lib/gcc/arm-atollic-eabi/6.3.1/../../../../arm-atollic-eabi/lib/armv7e-m/fpu/fpv5-d16\libc_nano.a(lib_a-mbtowc_r.o)
 .debug_frame   0x00002ff4       0x20 c:/program files (x86)/atollic/truestudio for stm32 9.3.0/armtools/bin/../lib/gcc/arm-atollic-eabi/6.3.1/../../../../arm-atollic-eabi/lib/armv7e-m/fpu/fpv5-d16\libc_nano.a(lib_a-memset.o)
 .debug_frame   0x00003014       0x74 c:/program files (x86)/atollic/truestudio for stm32 9.3.0/armtools/bin/../lib/gcc/arm-atollic-eabi/6.3.1/../../../../arm-atollic-eabi/lib/armv7e-m/fpu/fpv5-d16\libc_nano.a(lib_a-printf.o)
 .debug_frame   0x00003088       0x3c c:/program files (x86)/atollic/truestudio for stm32 9.3.0/armtools/bin/../lib/gcc/arm-atollic-eabi/6.3.1/../../../../arm-atollic-eabi/lib/armv7e-m/fpu/fpv5-d16\libc_nano.a(lib_a-puts.o)
 .debug_frame   0x000030c4       0x20 c:/program files (x86)/atollic/truestudio for stm32 9.3.0/armtools/bin/../lib/gcc/arm-atollic-eabi/6.3.1/../../../../arm-atollic-eabi/lib/armv7e-m/fpu/fpv5-d16\libc_nano.a(lib_a-strchr.o)
 .debug_frame   0x000030e4       0x20 c:/program files (x86)/atollic/truestudio for stm32 9.3.0/armtools/bin/../lib/gcc/arm-atollic-eabi/6.3.1/../../../../arm-atollic-eabi/lib/armv7e-m/fpu/fpv5-d16\libc_nano.a(lib_a-strcpy.o)
 .debug_frame   0x00003104       0x2c c:/program files (x86)/atollic/truestudio for stm32 9.3.0/armtools/bin/../lib/gcc/arm-atollic-eabi/6.3.1/../../../../arm-atollic-eabi/lib/armv7e-m/fpu/fpv5-d16\libc_nano.a(lib_a-strncpy.o)
 .debug_frame   0x00003130       0x40 c:/program files (x86)/atollic/truestudio for stm32 9.3.0/armtools/bin/../lib/gcc/arm-atollic-eabi/6.3.1/../../../../arm-atollic-eabi/lib/armv7e-m/fpu/fpv5-d16\libc_nano.a(lib_a-wbuf.o)
 .debug_frame   0x00003170       0x3c c:/program files (x86)/atollic/truestudio for stm32 9.3.0/armtools/bin/../lib/gcc/arm-atollic-eabi/6.3.1/../../../../arm-atollic-eabi/lib/armv7e-m/fpu/fpv5-d16\libc_nano.a(lib_a-wctomb_r.o)
 .debug_frame   0x000031ac       0x2c c:/program files (x86)/atollic/truestudio for stm32 9.3.0/armtools/bin/../lib/gcc/arm-atollic-eabi/6.3.1/../../../../arm-atollic-eabi/lib/armv7e-m/fpu/fpv5-d16\libc_nano.a(lib_a-wsetup.o)
 .debug_frame   0x000031d8       0x68 c:/program files (x86)/atollic/truestudio for stm32 9.3.0/armtools/bin/../lib/gcc/arm-atollic-eabi/6.3.1/../../../../arm-atollic-eabi/lib/armv7e-m/fpu/fpv5-d16\libc_nano.a(lib_a-fflush.o)
 .debug_frame   0x00003240      0x11c c:/program files (x86)/atollic/truestudio for stm32 9.3.0/armtools/bin/../lib/gcc/arm-atollic-eabi/6.3.1/../../../../arm-atollic-eabi/lib/armv7e-m/fpu/fpv5-d16\libc_nano.a(lib_a-findfp.o)
 .debug_frame   0x0000335c       0x54 c:/program files (x86)/atollic/truestudio for stm32 9.3.0/armtools/bin/../lib/gcc/arm-atollic-eabi/6.3.1/../../../../arm-atollic-eabi/lib/armv7e-m/fpu/fpv5-d16\libc_nano.a(lib_a-fwalk.o)