Archive member included to satisfy reference by file (symbol)

c:/program files (x86)/atollic/truestudio for stm32 9.2.0/armtools/bin/../lib/gcc/arm-atollic-eabi/6.3.1/../../../../arm-atollic-eabi/lib/armv7e-m/fpu/fpv5-d16\libc_nano.a(lib_a-errno.o)
                              Src\syscalls.o (__errno)
c:/program files (x86)/atollic/truestudio for stm32 9.2.0/armtools/bin/../lib/gcc/arm-atollic-eabi/6.3.1/../../../../arm-atollic-eabi/lib/armv7e-m/fpu/fpv5-d16\libc_nano.a(lib_a-impure.o)
                              c:/program files (x86)/atollic/truestudio for stm32 9.2.0/armtools/bin/../lib/gcc/arm-atollic-eabi/6.3.1/../../../../arm-atollic-eabi/lib/armv7e-m/fpu/fpv5-d16\libc_nano.a(lib_a-errno.o) (_impure_ptr)
c:/program files (x86)/atollic/truestudio for stm32 9.2.0/armtools/bin/../lib/gcc/arm-atollic-eabi/6.3.1/../../../../arm-atollic-eabi/lib/armv7e-m/fpu/fpv5-d16\libc_nano.a(lib_a-init.o)
                              startup\startup_stm32h743xx.o (__libc_init_array)
c:/program files (x86)/atollic/truestudio for stm32 9.2.0/armtools/bin/../lib/gcc/arm-atollic-eabi/6.3.1/../../../../arm-atollic-eabi/lib/armv7e-m/fpu/fpv5-d16\libc_nano.a(lib_a-memset.o)
                              Src\main.o (memset)
c:/program files (x86)/atollic/truestudio for stm32 9.2.0/armtools/bin/../lib/gcc/arm-atollic-eabi/6.3.1/../../../../arm-atollic-eabi/lib/armv7e-m/fpu/fpv5-d16\libc_nano.a(lib_a-printf.o)
                              Src\main.o (printf)
c:/program files (x86)/atollic/truestudio for stm32 9.2.0/armtools/bin/../lib/gcc/arm-atollic-eabi/6.3.1/../../../../arm-atollic-eabi/lib/armv7e-m/fpu/fpv5-d16\libc_nano.a(lib_a-puts.o)
                              Src\user_diskio.o (puts)
c:/program files (x86)/atollic/truestudio for stm32 9.2.0/armtools/bin/../lib/gcc/arm-atollic-eabi/6.3.1/../../../../arm-atollic-eabi/lib/armv7e-m/fpu/fpv5-d16\libc_nano.a(lib_a-wbuf.o)
                              c:/program files (x86)/atollic/truestudio for stm32 9.2.0/armtools/bin/../lib/gcc/arm-atollic-eabi/6.3.1/../../../../arm-atollic-eabi/lib/armv7e-m/fpu/fpv5-d16\libc_nano.a(lib_a-puts.o) (__swbuf_r)
c:/program files (x86)/atollic/truestudio for stm32 9.2.0/armtools/bin/../lib/gcc/arm-atollic-eabi/6.3.1/../../../../arm-atollic-eabi/lib/armv7e-m/fpu/fpv5-d16\libc_nano.a(lib_a-wsetup.o)
                              c:/program files (x86)/atollic/truestudio for stm32 9.2.0/armtools/bin/../lib/gcc/arm-atollic-eabi/6.3.1/../../../../arm-atollic-eabi/lib/armv7e-m/fpu/fpv5-d16\libc_nano.a(lib_a-puts.o) (__swsetup_r)
c:/program files (x86)/atollic/truestudio for stm32 9.2.0/armtools/bin/../lib/gcc/arm-atollic-eabi/6.3.1/../../../../arm-atollic-eabi/lib/armv7e-m/fpu/fpv5-d16\libc_nano.a(lib_a-fflush.o)
                              c:/program files (x86)/atollic/truestudio for stm32 9.2.0/armtools/bin/../lib/gcc/arm-atollic-eabi/6.3.1/../../../../arm-atollic-eabi/lib/armv7e-m/fpu/fpv5-d16\libc_nano.a(lib_a-wbuf.o) (_fflush_r)
c:/program files (x86)/atollic/truestudio for stm32 9.2.0/armtools/bin/../lib/gcc/arm-atollic-eabi/6.3.1/../../../../arm-atollic-eabi/lib/armv7e-m/fpu/fpv5-d16\libc_nano.a(lib_a-findfp.o)
                              c:/program files (x86)/atollic/truestudio for stm32 9.2.0/armtools/bin/../lib/gcc/arm-atollic-eabi/6.3.1/../../../../arm-atollic-eabi/lib/armv7e-m/fpu/fpv5-d16\libc_nano.a(lib_a-printf.o) (__sinit)
c:/program files (x86)/atollic/truestudio for stm32 9.2.0/armtools/bin/../lib/gcc/arm-atollic-eabi/6.3.1/../../../../arm-atollic-eabi/lib/armv7e-m/fpu/fpv5-d16\libc_nano.a(lib_a-fwalk.o)
                              c:/program files (x86)/atollic/truestudio for stm32 9.2.0/armtools/bin/../lib/gcc/arm-atollic-eabi/6.3.1/../../../../arm-atollic-eabi/lib/armv7e-m/fpu/fpv5-d16\libc_nano.a(lib_a-findfp.o) (_fwalk)
c:/program files (x86)/atollic/truestudio for stm32 9.2.0/armtools/bin/../lib/gcc/arm-atollic-eabi/6.3.1/../../../../arm-atollic-eabi/lib/armv7e-m/fpu/fpv5-d16\libc_nano.a(lib_a-makebuf.o)
                              c:/program files (x86)/atollic/truestudio for stm32 9.2.0/armtools/bin/../lib/gcc/arm-atollic-eabi/6.3.1/../../../../arm-atollic-eabi/lib/armv7e-m/fpu/fpv5-d16\libc_nano.a(lib_a-wsetup.o) (__smakebuf_r)
c:/program files (x86)/atollic/truestudio for stm32 9.2.0/armtools/bin/../lib/gcc/arm-atollic-eabi/6.3.1/../../../../arm-atollic-eabi/lib/armv7e-m/fpu/fpv5-d16\libc_nano.a(lib_a-nano-freer.o)
                              c:/program files (x86)/atollic/truestudio for stm32 9.2.0/armtools/bin/../lib/gcc/arm-atollic-eabi/6.3.1/../../../../arm-atollic-eabi/lib/armv7e-m/fpu/fpv5-d16\libc_nano.a(lib_a-wsetup.o) (_free_r)
c:/program files (x86)/atollic/truestudio for stm32 9.2.0/armtools/bin/../lib/gcc/arm-atollic-eabi/6.3.1/../../../../arm-atollic-eabi/lib/armv7e-m/fpu/fpv5-d16\libc_nano.a(lib_a-nano-mallocr.o)
[...]
Memory Configuration

Name             Origin             Length             Attributes
DTCMRAM          0x20000000         0x00020000         xrw
RAM_D1           0x24000000         0x00080000         xrw
RAM_D2           0x30000000         0x00048000         xrw
RAM_D3           0x38000000         0x00010000         xrw
ITCMRAM          0x00000000         0x00010000         xrw
FLASH            0x08000000         0x00200000         xr
*default*        0x00000000         0xffffffff

Linker script and memory map

LOAD c:/program files (x86)/atollic/truestudio for stm32 9.2.0/armtools/bin/../lib/gcc/arm-atollic-eabi/6.3.1/armv7e-m/fpu/fpv5-d16/crti.o
LOAD c:/program files (x86)/atollic/truestudio for stm32 9.2.0/armtools/bin/../lib/gcc/arm-atollic-eabi/6.3.1/armv7e-m/fpu/fpv5-d16/crtbegin.o
LOAD Drivers\STM32H7xx_HAL_Driver\Src\stm32h7xx_hal.o
LOAD Drivers\STM32H7xx_HAL_Driver\Src\stm32h7xx_hal_cortex.o
LOAD Drivers\STM32H7xx_HAL_Driver\Src\stm32h7xx_hal_dma.o
LOAD Drivers\STM32H7xx_HAL_Driver\Src\stm32h7xx_hal_dma_ex.o
LOAD Drivers\STM32H7xx_HAL_Driver\Src\stm32h7xx_hal_exti.o
LOAD Drivers\STM32H7xx_HAL_Driver\Src\stm32h7xx_hal_flash.o
LOAD Drivers\STM32H7xx_HAL_Driver\Src\stm32h7xx_hal_flash_ex.o
LOAD Drivers\STM32H7xx_HAL_Driver\Src\stm32h7xx_hal_gpio.o
LOAD Drivers\STM32H7xx_HAL_Driver\Src\stm32h7xx_hal_hsem.o
LOAD Drivers\STM32H7xx_HAL_Driver\Src\stm32h7xx_hal_i2c.o
LOAD Drivers\STM32H7xx_HAL_Driver\Src\stm32h7xx_hal_i2c_ex.o
LOAD Drivers\STM32H7xx_HAL_Driver\Src\stm32h7xx_hal_mdma.o
LOAD Drivers\STM32H7xx_HAL_Driver\Src\stm32h7xx_hal_pcd.o
LOAD Drivers\STM32H7xx_HAL_Driver\Src\stm32h7xx_hal_pcd_ex.o
LOAD Drivers\STM32H7xx_HAL_Driver\Src\stm32h7xx_hal_pwr.o
LOAD Drivers\STM32H7xx_HAL_Driver\Src\stm32h7xx_hal_pwr_ex.o
LOAD Drivers\STM32H7xx_HAL_Driver\Src\stm32h7xx_hal_rcc.o
LOAD Drivers\STM32H7xx_HAL_Driver\Src\stm32h7xx_hal_rcc_ex.o
LOAD Drivers\STM32H7xx_HAL_Driver\Src\stm32h7xx_hal_spi.o
LOAD Drivers\STM32H7xx_HAL_Driver\Src\stm32h7xx_hal_spi_ex.o
LOAD Drivers\STM32H7xx_HAL_Driver\Src\stm32h7xx_hal_tim.o
LOAD Drivers\STM32H7xx_HAL_Driver\Src\stm32h7xx_hal_tim_ex.o
LOAD Drivers\STM32H7xx_HAL_Driver\Src\stm32h7xx_hal_uart.o
LOAD Drivers\STM32H7xx_HAL_Driver\Src\stm32h7xx_hal_uart_ex.o
LOAD Drivers\STM32H7xx_HAL_Driver\Src\stm32h7xx_ll_usb.o
LOAD Src\fatfs.o
LOAD Src\fatfs_platform.o
LOAD Src\main.o
LOAD Src\stm32h7xx_hal_msp.o
LOAD Src\stm32h7xx_it.o
LOAD Src\syscalls.o
LOAD Src\system_stm32h7xx.o
LOAD Src\user_diskio.o
LOAD startup\startup_stm32h743xx.o
                0x00000080                malloc_getpagesize_P = 0x80
START GROUP
LOAD c:/program files (x86)/atollic/truestudio for stm32 9.2.0/armtools/bin/../lib/gcc/arm-atollic-eabi/6.3.1/../../../../arm-atollic-eabi/lib/armv7e-m/fpu/fpv5-d16\libc_nano.a
LOAD c:/program files (x86)/atollic/truestudio for stm32 9.2.0/armtools/bin/../lib/gcc/arm-atollic-eabi/6.3.1/../../../../arm-atollic-eabi/lib/armv7e-m/fpu/fpv5-d16\libm.a
END GROUP
START GROUP
LOAD c:/program files (x86)/atollic/truestudio for stm32 9.2.0/armtools/bin/../lib/gcc/arm-atollic-eabi/6.3.1/armv7e-m/fpu/fpv5-d16\libgcc.a
LOAD c:/program files (x86)/atollic/truestudio for stm32 9.2.0/armtools/bin/../lib/gcc/arm-atollic-eabi/6.3.1/../../../../arm-atollic-eabi/lib/armv7e-m/fpu/fpv5-d16\libc_nano.a
END GROUP
START GROUP
LOAD c:/program files (x86)/atollic/truestudio for stm32 9.2.0/armtools/bin/../lib/gcc/arm-atollic-eabi/6.3.1/armv7e-m/fpu/fpv5-d16\libgcc.a
LOAD c:/program files (x86)/atollic/truestudio for stm32 9.2.0/armtools/bin/../lib/gcc/arm-atollic-eabi/6.3.1/../../../../arm-atollic-eabi/lib/armv7e-m/fpu/fpv5-d16\libc_nano.a
LOAD c:/program files (x86)/atollic/truestudio for stm32 9.2.0/armtools/bin/../lib/gcc/arm-atollic-eabi/6.3.1/../../../../arm-atollic-eabi/lib/armv7e-m/fpu/fpv5-d16\libnosys.a
END GROUP
START GROUP
LOAD c:/program files (x86)/atollic/truestudio for stm32 9.2.0/armtools/bin/../lib/gcc/arm-atollic-eabi/6.3.1/armv7e-m/fpu/fpv5-d16\libgcc.a
LOAD c:/program files (x86)/atollic/truestudio for stm32 9.2.0/armtools/bin/../lib/gcc/arm-atollic-eabi/6.3.1/../../../../arm-atollic-eabi/lib/armv7e-m/fpu/fpv5-d16\libc_nano.a
LOAD c:/program files (x86)/atollic/truestudio for stm32 9.2.0/armtools/bin/../lib/gcc/arm-atollic-eabi/6.3.1/../../../../arm-atollic-eabi/lib/armv7e-m/fpu/fpv5-d16\libnosys.a
END GROUP
LOAD c:/program files (x86)/atollic/truestudio for stm32 9.2.0/armtools/bin/../lib/gcc/arm-atollic-eabi/6.3.1/armv7e-m/fpu/fpv5-d16/crtend.o
LOAD c:/program files (x86)/atollic/truestudio for stm32 9.2.0/armtools/bin/../lib/gcc/arm-atollic-eabi/6.3.1/armv7e-m/fpu/fpv5-d16/crtn.o
                0x20020000                _estack = 0x20020000
                0x00002000                _Min_Heap_Size = 0x2000
                0x00001000                _Min_Stack_Size = 0x1000

.isr_vector     0x08000000      0x298
                0x08000000                . = ALIGN (0x4)
 *(.isr_vector)
 .isr_vector    0x08000000      0x298 startup\startup_stm32h743xx.o
                0x08000000                g_pfnVectors
                0x08000298                . = ALIGN (0x4)

.text           0x080002a0     0x647c
                0x080002a0                . = ALIGN (0x4)
 *(.text)
 .text          0x080002a0       0x40 c:/program files (x86)/atollic/truestudio for stm32 9.2.0/armtools/bin/../lib/gcc/arm-atollic-eabi/6.3.1/armv7e-m/fpu/fpv5-d16/crtbegin.o
 .text          0x080002e0       0xa0 c:/program files (x86)/atollic/truestudio for stm32 9.2.0/armtools/bin/../lib/gcc/arm-atollic-eabi/6.3.1/../../../../arm-atollic-eabi/lib/armv7e-m/fpu/fpv5-d16\libc_nano.a(lib_a-memchr.o)
                0x080002e0                memchr
 .text          0x08000380       0x30 c:/program files (x86)/atollic/truestudio for stm32 9.2.0/armtools/bin/../lib/gcc/arm-atollic-eabi/6.3.1/armv7e-m/fpu/fpv5-d16\libgcc.a(_aeabi_uldivmod.o)
                0x08000380                __aeabi_uldivmod
 .text          0x080003b0      0x2dc c:/program files (x86)/atollic/truestudio for stm32 9.2.0/armtools/bin/../lib/gcc/arm-atollic-eabi/6.3.1/armv7e-m/fpu/fpv5-d16\libgcc.a(_udivmoddi4.o)
                0x080003b0                __udivmoddi4
 .text          0x0800068c        0x4 c:/program files (x86)/atollic/truestudio for stm32 9.2.0/armtools/bin/../lib/gcc/arm-atollic-eabi/6.3.1/armv7e-m/fpu/fpv5-d16\libgcc.a(_dvmd_tls.o)
                0x0800068c                __aeabi_idiv0
                0x0800068c                __aeabi_ldiv0
 *(.text*)
 .text.HAL_InitTick
                0x08000690       0x4c Drivers\STM32H7xx_HAL_Driver\Src\stm32h7xx_hal.o
                0x08000690                HAL_InitTick
 .text.HAL_Init
                0x080006dc       0x5c Drivers\STM32H7xx_HAL_Driver\Src\stm32h7xx_hal.o
                0x080006dc                HAL_Init
 .text.HAL_IncTick
                0x08000738       0x18 Drivers\STM32H7xx_HAL_Driver\Src\stm32h7xx_hal.o
                0x08000738                HAL_IncTick
 .text.HAL_GetTick
                0x08000750        0xc Drivers\STM32H7xx_HAL_Driver\Src\stm32h7xx_hal.o
                0x08000750                HAL_GetTick
 .text.HAL_Delay
                0x0800075c       0x24 Drivers\STM32H7xx_HAL_Driver\Src\stm32h7xx_hal.o
                0x0800075c                HAL_Delay
 .text.HAL_GetREVID
                0x08000780        0xc Drivers\STM32H7xx_HAL_Driver\Src\stm32h7xx_hal.o
                0x08000780                HAL_GetREVID
 .text.HAL_NVIC_SetPriorityGrouping
                0x0800078c       0x3c Drivers\STM32H7xx_HAL_Driver\Src\stm32h7xx_hal_cortex.o
                0x0800078c                HAL_NVIC_SetPriorityGrouping
 .text.HAL_NVIC_SetPriority
                0x080007c8       0x90 Drivers\STM32H7xx_HAL_Driver\Src\stm32h7xx_hal_cortex.o
                0x080007c8                HAL_NVIC_SetPriority
 .text.HAL_SYSTICK_Config
                0x08000858       0x2c Drivers\STM32H7xx_HAL_Driver\Src\stm32h7xx_hal_cortex.o
                0x08000858                HAL_SYSTICK_Config
 .text.HAL_GPIO_Init
                0x08000884      0x318 Drivers\STM32H7xx_HAL_Driver\Src\stm32h7xx_hal_gpio.o
                0x08000884                HAL_GPIO_Init
 .text.HAL_GPIO_DeInit
                0x08000b9c      0x1bc Drivers\STM32H7xx_HAL_Driver\Src\stm32h7xx_hal_gpio.o
                0x08000b9c                HAL_GPIO_DeInit
 .text.HAL_GPIO_ReadPin
                0x08000d58       0x24 Drivers\STM32H7xx_HAL_Driver\Src\stm32h7xx_hal_gpio.o
                0x08000d58                HAL_GPIO_ReadPin
 .text.HAL_GPIO_WritePin
                0x08000d7c       0x34 Drivers\STM32H7xx_HAL_Driver\Src\stm32h7xx_hal_gpio.o
                0x08000d7c                HAL_GPIO_WritePin
 .text.HAL_GPIO_TogglePin
                0x08000db0       0x24 Drivers\STM32H7xx_HAL_Driver\Src\stm32h7xx_hal_gpio.o
                0x08000db0                HAL_GPIO_TogglePin
 .text.HAL_PCD_Init
                0x08000dd4      0x13c Drivers\STM32H7xx_HAL_Driver\Src\stm32h7xx_hal_pcd.o
                0x08000dd4                HAL_PCD_Init
 .text.HAL_PCDEx_ActivateLPM
                0x08000f10       0x26 Drivers\STM32H7xx_HAL_Driver\Src\stm32h7xx_hal_pcd_ex.o
                0x08000f10                HAL_PCDEx_ActivateLPM
 *fill*         0x08000f36        0x2 
 .text.HAL_PWREx_ConfigSupply
                0x08000f38       0x60 Drivers\STM32H7xx_HAL_Driver\Src\stm32h7xx_hal_pwr_ex.o
                0x08000f38                HAL_PWREx_ConfigSupply
 .text.HAL_PWREx_EnableUSBVoltageDetector
                0x08000f98       0x10 Drivers\STM32H7xx_HAL_Driver\Src\stm32h7xx_hal_pwr_ex.o
                0x08000f98                HAL_PWREx_EnableUSBVoltageDetector
 .text.HAL_RCC_OscConfig
                0x08000fa8      0x5f0 Drivers\STM32H7xx_HAL_Driver\Src\stm32h7xx_hal_rcc.o
                0x08000fa8                HAL_RCC_OscConfig
 .text.HAL_RCC_GetSysClockFreq
                0x08001598      0x144 Drivers\STM32H7xx_HAL_Driver\Src\stm32h7xx_hal_rcc.o
                0x08001598                HAL_RCC_GetSysClockFreq
 .text.HAL_RCC_ClockConfig
                0x080016dc      0x3a0 Drivers\STM32H7xx_HAL_Driver\Src\stm32h7xx_hal_rcc.o
                0x080016dc                HAL_RCC_ClockConfig
 .text.HAL_RCC_GetHCLKFreq
                0x08001a7c       0x2c Drivers\STM32H7xx_HAL_Driver\Src\stm32h7xx_hal_rcc.o
                0x08001a7c                HAL_RCC_GetHCLKFreq
 .text.HAL_RCC_GetPCLK1Freq
                0x08001aa8       0x24 Drivers\STM32H7xx_HAL_Driver\Src\stm32h7xx_hal_rcc.o
                0x08001aa8                HAL_RCC_GetPCLK1Freq
 .text.HAL_RCC_GetPCLK2Freq
                0x08001acc       0x24 Drivers\STM32H7xx_HAL_Driver\Src\stm32h7xx_hal_rcc.o
                0x08001acc                HAL_RCC_GetPCLK2Freq
 .text.RCCEx_PLL2_Config
                0x08001af0      0x184 Drivers\STM32H7xx_HAL_Driver\Src\stm32h7xx_hal_rcc_ex.o
 .text.RCCEx_PLL3_Config
                0x08001c74      0x184 Drivers\STM32H7xx_HAL_Driver\Src\stm32h7xx_hal_rcc_ex.o
 .text.HAL_RCCEx_PeriphCLKConfig
                0x08001df8      0xa3c Drivers\STM32H7xx_HAL_Driver\Src\stm32h7xx_hal_rcc_ex.o
                0x08001df8                HAL_RCCEx_PeriphCLKConfig
 .text.HAL_RCCEx_GetD3PCLK1Freq
                0x08002834       0x24 Drivers\STM32H7xx_HAL_Driver\Src\stm32h7xx_hal_rcc_ex.o
                0x08002834                HAL_RCCEx_GetD3PCLK1Freq
 .text.HAL_RCCEx_GetPLL2ClockFreq
                0x08002858      0x154 Drivers\STM32H7xx_HAL_Driver\Src\stm32h7xx_hal_rcc_ex.o
                0x08002858                HAL_RCCEx_GetPLL2ClockFreq
 .text.HAL_RCCEx_GetPLL3ClockFreq
                0x080029ac      0x154 Drivers\STM32H7xx_HAL_Driver\Src\stm32h7xx_hal_rcc_ex.o
                0x080029ac                HAL_RCCEx_GetPLL3ClockFreq
 .text.HAL_RCCEx_GetD1SysClockFreq
                0x08002b00       0x2c Drivers\STM32H7xx_HAL_Driver\Src\stm32h7xx_hal_rcc_ex.o
                0x08002b00                HAL_RCCEx_GetD1SysClockFreq
 .text.SPI_CloseTransfer
                0x08002b2c       0xac Drivers\STM32H7xx_HAL_Driver\Src\stm32h7xx_hal_spi.o
 .text.HAL_SPI_Init
                0x08002bd8      0x22c Drivers\STM32H7xx_HAL_Driver\Src\stm32h7xx_hal_spi.o
                0x08002bd8                HAL_SPI_Init
 .text.HAL_SPI_DeInit
                0x08002e04       0x74 Drivers\STM32H7xx_HAL_Driver\Src\stm32h7xx_hal_spi.o
                0x08002e04                HAL_SPI_DeInit
 .text.HAL_SPI_TransmitReceive
                0x08002e78      0x328 Drivers\STM32H7xx_HAL_Driver\Src\stm32h7xx_hal_spi.o
                0x08002e78                HAL_SPI_TransmitReceive
 .text.HAL_SPI_GetState
                0x080031a0        0x6 Drivers\STM32H7xx_HAL_Driver\Src\stm32h7xx_hal_spi.o
                0x080031a0                HAL_SPI_GetState
 .text.HAL_UART_GetState
                0x080031a6        0xc Drivers\STM32H7xx_HAL_Driver\Src\stm32h7xx_hal_uart.o
                0x080031a6                HAL_UART_GetState
 *fill*         0x080031b2        0x6 
 .text.UART_SetConfig
                0x080031b8     0x114c Drivers\STM32H7xx_HAL_Driver\Src\stm32h7xx_hal_uart.o
                0x080031b8                UART_SetConfig
 .text.UART_AdvFeatureConfig
                0x08004304      0x1c0 Drivers\STM32H7xx_HAL_Driver\Src\stm32h7xx_hal_uart.o
                0x08004304                UART_AdvFeatureConfig
 .text.UART_WaitOnFlagUntilTimeout
                0x080044c4       0x90 Drivers\STM32H7xx_HAL_Driver\Src\stm32h7xx_hal_uart.o
                0x080044c4                UART_WaitOnFlagUntilTimeout
 .text.HAL_UART_Transmit
                0x08004554       0xb6 Drivers\STM32H7xx_HAL_Driver\Src\stm32h7xx_hal_uart.o
                0x08004554                HAL_UART_Transmit
 .text.UART_CheckIdleState
                0x0800460a       0x66 Drivers\STM32H7xx_HAL_Driver\Src\stm32h7xx_hal_uart.o
                0x0800460a                UART_CheckIdleState
 .text.HAL_UART_Init
                0x08004670      0x110 Drivers\STM32H7xx_HAL_Driver\Src\stm32h7xx_hal_uart.o
                0x08004670                HAL_UART_Init
 .text.UARTEx_SetNbDataToProcess
                0x08004780       0x96 Drivers\STM32H7xx_HAL_Driver\Src\stm32h7xx_hal_uart_ex.o
 *fill*         0x08004816        0x2 
 .text.HAL_UARTEx_DisableFifoMode
                0x08004818       0x8c Drivers\STM32H7xx_HAL_Driver\Src\stm32h7xx_hal_uart_ex.o
                0x08004818                HAL_UARTEx_DisableFifoMode
 .text.HAL_UARTEx_SetTxFifoThreshold
                0x080048a4       0xb8 Drivers\STM32H7xx_HAL_Driver\Src\stm32h7xx_hal_uart_ex.o
                0x080048a4                HAL_UARTEx_SetTxFifoThreshold
 .text.HAL_UARTEx_SetRxFifoThreshold
                0x0800495c       0xb8 Drivers\STM32H7xx_HAL_Driver\Src\stm32h7xx_hal_uart_ex.o
                0x0800495c                HAL_UARTEx_SetRxFifoThreshold
 .text.USB_CoreReset
                0x08004a14       0x30 Drivers\STM32H7xx_HAL_Driver\Src\stm32h7xx_ll_usb.o
 .text.USB_CoreInit
                0x08004a44       0x82 Drivers\STM32H7xx_HAL_Driver\Src\stm32h7xx_ll_usb.o
                0x08004a44                USB_CoreInit
 .text.USB_DisableGlobalInt
                0x08004ac6        0xc Drivers\STM32H7xx_HAL_Driver\Src\stm32h7xx_ll_usb.o
                0x08004ac6                USB_DisableGlobalInt
 .text.USB_SetCurrentMode
                0x08004ad2       0x2e Drivers\STM32H7xx_HAL_Driver\Src\stm32h7xx_ll_usb.o
                0x08004ad2                USB_SetCurrentMode
 .text.USB_FlushTxFifo
                0x08004b00       0x24 Drivers\STM32H7xx_HAL_Driver\Src\stm32h7xx_ll_usb.o
                0x08004b00                USB_FlushTxFifo
 .text.USB_FlushRxFifo
                0x08004b24       0x20 Drivers\STM32H7xx_HAL_Driver\Src\stm32h7xx_ll_usb.o
                0x08004b24                USB_FlushRxFifo
 .text.USB_SetDevSpeed
                0x08004b44        0xe Drivers\STM32H7xx_HAL_Driver\Src\stm32h7xx_ll_usb.o
                0x08004b44                USB_SetDevSpeed
 *fill*         0x08004b52        0x2 
 .text.USB_DevInit
                0x08004b54      0x180 Drivers\STM32H7xx_HAL_Driver\Src\stm32h7xx_ll_usb.o
                0x08004b54                USB_DevInit
 .text.USB_DevDisconnect
                0x08004cd4       0x18 Drivers\STM32H7xx_HAL_Driver\Src\stm32h7xx_ll_usb.o
                0x08004cd4                USB_DevDisconnect
 .text.SDCardIsDetected
                0x08004cec       0x18 Src\fatfs_platform.o
                0x08004cec                SDCardIsDetected
 .text.__io_putchar
                0x08004d04       0x2c Src\main.o
                0x08004d04                __io_putchar
 .text.SystemClock_Config
                0x08004d30      0x10c Src\main.o
                0x08004d30                SystemClock_Config
 .text.startup.main
                0x08004e3c      0x280 Src\main.o
                0x08004e3c                main
 .text.Error_Handler
                0x080050bc        0x2 Src\main.o
                0x080050bc                Error_Handler
 *fill*         0x080050be        0x2 
 .text.assert_failed
                0x080050c0       0x10 Src\main.o
                0x080050c0                assert_failed
 .text.HAL_MspInit
                0x080050d0       0x24 Src\stm32h7xx_hal_msp.o
                0x080050d0                HAL_MspInit
 .text.HAL_SPI_MspInit
                0x080050f4       0x74 Src\stm32h7xx_hal_msp.o
                0x080050f4                HAL_SPI_MspInit
 .text.HAL_SPI_MspDeInit
                0x08005168       0x30 Src\stm32h7xx_hal_msp.o
                0x08005168                HAL_SPI_MspDeInit
 .text.HAL_UART_MspInit
                0x08005198       0x70 Src\stm32h7xx_hal_msp.o
                0x08005198                HAL_UART_MspInit
 .text.HAL_PCD_MspInit
                0x08005208       0x84 Src\stm32h7xx_hal_msp.o
                0x08005208                HAL_PCD_MspInit
 .text.NMI_Handler
                0x0800528c        0x2 Src\stm32h7xx_it.o
                0x0800528c                NMI_Handler
 .text.HardFault_Handler
                0x0800528e        0x2 Src\stm32h7xx_it.o
                0x0800528e                HardFault_Handler
 .text.MemManage_Handler
                0x08005290        0x2 Src\stm32h7xx_it.o
                0x08005290                MemManage_Handler
 .text.BusFault_Handler
                0x08005292        0x2 Src\stm32h7xx_it.o
                0x08005292                BusFault_Handler
 .text.UsageFault_Handler
                0x08005294        0x2 Src\stm32h7xx_it.o
                0x08005294                UsageFault_Handler
 .text.SVC_Handler
                0x08005296        0x2 Src\stm32h7xx_it.o
                0x08005296                SVC_Handler
 .text.DebugMon_Handler
                0x08005298        0x2 Src\stm32h7xx_it.o
                0x08005298                DebugMon_Handler
 .text.PendSV_Handler
                0x0800529a        0x2 Src\stm32h7xx_it.o
                0x0800529a                PendSV_Handler
 .text.SysTick_Handler
                0x0800529c        0x4 Src\stm32h7xx_it.o
                0x0800529c                SysTick_Handler
 .text._read    0x080052a0       0x1c Src\syscalls.o
                0x080052a0                _read
 .text._write   0x080052bc       0x1c Src\syscalls.o
                0x080052bc                _write
 .text._sbrk    0x080052d8       0x34 Src\syscalls.o
                0x080052d8                _sbrk
 .text._close   0x0800530c        0x6 Src\syscalls.o
                0x0800530c                _close
 .text._fstat   0x08005312        0xa Src\syscalls.o
                0x08005312                _fstat
 .text._isatty  0x0800531c        0x4 Src\syscalls.o
                0x0800531c                _isatty
 .text._lseek   0x08005320        0x4 Src\syscalls.o
                0x08005320                _lseek
 .text.SystemInit
                0x08005324       0x78 Src\system_stm32h7xx.o
                0x08005324                SystemInit
 .text.SD_Select
                0x0800539c       0x10 Src\user_diskio.o
 .text.SD_DeSelect
                0x080053ac       0x10 Src\user_diskio.o
 .text.SPI_WriteByte
                0x080053bc       0x34 Src\user_diskio.o
 .text.SetCommand
                0x080053f0       0x4c Src\user_diskio.o
                0x080053f0                SetCommand
 .text.SendMMCCmd
                0x0800543c      0x110 Src\user_diskio.o
 .text.MX_SPI5_FreqSwitch
                0x0800554c       0x40 Src\user_diskio.o
                0x0800554c                MX_SPI5_FreqSwitch
 .text.MDD_SDSPI_MediaInitialize
                0x0800558c      0x208 Src\user_diskio.o
                0x0800558c                MDD_SDSPI_MediaInitialize
 .text.Reset_Handler
                0x08005794       0x50 startup\startup_stm32h743xx.o
                0x08005794                Reset_Handler
 .text.Default_Handler
                0x080057e4        0x2 startup\startup_stm32h743xx.o
                0x080057e4                RTC_Alarm_IRQHandler
                0x080057e4                EXTI2_IRQHandler
                0x080057e4                TIM8_CC_IRQHandler
                0x080057e4                HRTIM1_Master_IRQHandler
                0x080057e4                UART8_IRQHandler
                0x080057e4                SPI4_IRQHandler
                0x080057e4                TIM1_CC_IRQHandler
                0x080057e4                BDMA_Channel6_IRQHandler
                0x080057e4                DMA2_Stream5_IRQHandler
                0x080057e4                HRTIM1_FLT_IRQHandler
                0x080057e4                JPEG_IRQHandler
                0x080057e4                DMA1_Stream5_IRQHandler
                0x080057e4                BDMA_Channel1_IRQHandler
                0x080057e4                HRTIM1_TIMD_IRQHandler
                0x080057e4                TAMP_STAMP_IRQHandler
                0x080057e4                EXTI3_IRQHandler
                0x080057e4                LPTIM4_IRQHandler
                0x080057e4                TIM8_TRG_COM_TIM14_IRQHandler
                0x080057e4                LPTIM2_IRQHandler
                0x080057e4                DFSDM1_FLT1_IRQHandler
                0x080057e4                DMAMUX2_OVR_IRQHandler
                0x080057e4                TIM8_UP_TIM13_IRQHandler
                0x080057e4                I2C3_ER_IRQHandler
                0x080057e4                DFSDM1_FLT2_IRQHandler
                0x080057e4                MDMA_IRQHandler
                0x080057e4                LPTIM3_IRQHandler
                0x080057e4                HSEM1_IRQHandler
                0x080057e4                EXTI0_IRQHandler
                0x080057e4                I2C2_EV_IRQHandler
                0x080057e4                DMA1_Stream2_IRQHandler
                0x080057e4                FPU_IRQHandler
                0x080057e4                OTG_HS_WKUP_IRQHandler
                0x080057e4                FDCAN1_IT1_IRQHandler
                0x080057e4                LTDC_ER_IRQHandler
                0x080057e4                DMA2_Stream2_IRQHandler
                0x080057e4                HRTIM1_TIME_IRQHandler
                0x080057e4                SPI1_IRQHandler
                0x080057e4                TIM6_DAC_IRQHandler
                0x080057e4                DCMI_IRQHandler
                0x080057e4                HRTIM1_TIMC_IRQHandler
                0x080057e4                DMA2_Stream3_IRQHandler
                0x080057e4                SAI2_IRQHandler
                0x080057e4                DFSDM1_FLT3_IRQHandler
                0x080057e4                USART6_IRQHandler
                0x080057e4                TIM17_IRQHandler
                0x080057e4                USART3_IRQHandler
                0x080057e4                BDMA_Channel7_IRQHandler
                0x080057e4                LPTIM5_IRQHandler
                0x080057e4                UART5_IRQHandler
                0x080057e4                ADC3_IRQHandler
                0x080057e4                DMA2_Stream0_IRQHandler
                0x080057e4                TIM4_IRQHandler
                0x080057e4                BDMA_Channel2_IRQHandler
                0x080057e4                QUADSPI_IRQHandler
                0x080057e4                I2C1_EV_IRQHandler
                0x080057e4                DMA1_Stream6_IRQHandler
                0x080057e4                DMAMUX1_OVR_IRQHandler
                0x080057e4                DMA1_Stream1_IRQHandler
                0x080057e4                TIM16_IRQHandler
                0x080057e4                UART4_IRQHandler
                0x080057e4                BDMA_Channel5_IRQHandler
                0x080057e4                TIM3_IRQHandler
                0x080057e4                RCC_IRQHandler
                0x080057e4                TIM8_BRK_TIM12_IRQHandler
                0x080057e4                TIM1_TRG_COM_IRQHandler
                0x080057e4                Default_Handler
                0x080057e4                ECC_IRQHandler
                0x080057e4                CEC_IRQHandler
                0x080057e4                EXTI15_10_IRQHandler
                0x080057e4                BDMA_Channel0_IRQHandler
                0x080057e4                ADC_IRQHandler
                0x080057e4                DMA1_Stream7_IRQHandler
                0x080057e4                HRTIM1_TIMA_IRQHandler
                0x080057e4                SPI5_IRQHandler
                0x080057e4                TIM7_IRQHandler
                0x080057e4                SDMMC1_IRQHandler
                0x080057e4                TIM5_IRQHandler
                0x080057e4                DMA2_Stream7_IRQHandler
                0x080057e4                TIM15_IRQHandler
                0x080057e4                PVD_AVD_IRQHandler
                0x080057e4                I2C3_EV_IRQHandler
                0x080057e4                EXTI9_5_IRQHandler
                0x080057e4                RTC_WKUP_IRQHandler
                0x080057e4                LTDC_IRQHandler
                0x080057e4                SAI3_IRQHandler
                0x080057e4                ETH_WKUP_IRQHandler
                0x080057e4                SPDIF_RX_IRQHandler
                0x080057e4                SPI2_IRQHandler
                0x080057e4                OTG_HS_EP1_IN_IRQHandler
                0x080057e4                DMA1_Stream0_IRQHandler
                0x080057e4                CRS_IRQHandler
                0x080057e4                EXTI4_IRQHandler
                0x080057e4                RNG_IRQHandler
                0x080057e4                HRTIM1_TIMB_IRQHandler
                0x080057e4                FDCAN2_IT1_IRQHandler
                0x080057e4                ETH_IRQHandler
                0x080057e4                TIM1_UP_IRQHandler
                0x080057e4                BDMA_Channel4_IRQHandler
                0x080057e4                OTG_HS_EP1_OUT_IRQHandler
                0x080057e4                WWDG_IRQHandler
                0x080057e4                SPI6_IRQHandler
                0x080057e4                MDIOS_IRQHandler
                0x080057e4                I2C4_EV_IRQHandler
                0x080057e4                FDCAN2_IT0_IRQHandler
                0x080057e4                LPUART1_IRQHandler
                0x080057e4                FDCAN1_IT0_IRQHandler
                0x080057e4                TIM2_IRQHandler
                0x080057e4                OTG_FS_WKUP_IRQHandler
                0x080057e4                OTG_HS_IRQHandler
                0x080057e4                DMA2D_IRQHandler
                0x080057e4                TIM1_BRK_IRQHandler
                0x080057e4                EXTI1_IRQHandler
                0x080057e4                SDMMC2_IRQHandler
                0x080057e4                OTG_FS_EP1_OUT_IRQHandler
                0x080057e4                BDMA_Channel3_IRQHandler
                0x080057e4                UART7_IRQHandler
                0x080057e4                MDIOS_WKUP_IRQHandler
                0x080057e4                USART2_IRQHandler
                0x080057e4                DFSDM1_FLT0_IRQHandler
                0x080057e4                SAI4_IRQHandler
                0x080057e4                I2C2_ER_IRQHandler
                0x080057e4                DMA2_Stream1_IRQHandler
                0x080057e4                FLASH_IRQHandler
                0x080057e4                DMA2_Stream4_IRQHandler
                0x080057e4                USART1_IRQHandler
                0x080057e4                OTG_FS_IRQHandler
                0x080057e4                SPI3_IRQHandler
                0x080057e4                WAKEUP_PIN_IRQHandler
                0x080057e4                DMA1_Stream4_IRQHandler
                0x080057e4                OTG_FS_EP1_IN_IRQHandler
                0x080057e4                I2C1_ER_IRQHandler
                0x080057e4                FMC_IRQHandler
                0x080057e4                FDCAN_CAL_IRQHandler
                0x080057e4                SWPMI1_IRQHandler
                0x080057e4                COMP1_IRQHandler
                0x080057e4                LPTIM1_IRQHandler
                0x080057e4                I2C4_ER_IRQHandler
                0x080057e4                DMA2_Stream6_IRQHandler
                0x080057e4                SAI1_IRQHandler
                0x080057e4                DMA1_Stream3_IRQHandler
 *fill*         0x080057e6        0x2 
 .text.__errno  0x080057e8        0xc c:/program files (x86)/atollic/truestudio for stm32 9.2.0/armtools/bin/../lib/gcc/arm-atollic-eabi/6.3.1/../../../../arm-atollic-eabi/lib/armv7e-m/fpu/fpv5-d16\libc_nano.a(lib_a-errno.o)
                0x080057e8                __errno
 .text.__libc_init_array
                0x080057f4       0x48 c:/program files (x86)/atollic/truestudio for stm32 9.2.0/armtools/bin/../lib/gcc/arm-atollic-eabi/6.3.1/../../../../arm-atollic-eabi/lib/armv7e-m/fpu/fpv5-d16\libc_nano.a(lib_a-init.o)
                0x080057f4                __libc_init_array
 .text.memset   0x0800583c       0x10 c:/program files (x86)/atollic/truestudio for stm32 9.2.0/armtools/bin/../lib/gcc/arm-atollic-eabi/6.3.1/../../../../arm-atollic-eabi/lib/armv7e-m/fpu/fpv5-d16\libc_nano.a(lib_a-memset.o)
                0x0800583c                memset
 .text.printf   0x0800584c       0x30 c:/program files (x86)/atollic/truestudio for stm32 9.2.0/armtools/bin/../lib/gcc/arm-atollic-eabi/6.3.1/../../../../arm-atollic-eabi/lib/armv7e-m/fpu/fpv5-d16\libc_nano.a(lib_a-printf.o)
                0x0800584c                iprintf
                0x0800584c                printf
 .text._puts_r  0x0800587c       0xb8 c:/program files (x86)/atollic/truestudio for stm32 9.2.0/armtools/bin/../lib/gcc/arm-atollic-eabi/6.3.1/../../../../arm-atollic-eabi/lib/armv7e-m/fpu/fpv5-d16\libc_nano.a(lib_a-puts.o)
                0x0800587c                _puts_r
 .text.puts     0x08005934       0x10 c:/program files (x86)/atollic/truestudio for stm32 9.2.0/armtools/bin/../lib/gcc/arm-atollic-eabi/6.3.1/../../../../arm-atollic-eabi/lib/armv7e-m/fpu/fpv5-d16\libc_nano.a(lib_a-puts.o)
                0x08005934                puts
 .text.__swbuf_r
                0x08005944       0xa4 c:/program files (x86)/atollic/truestudio for stm32 9.2.0/armtools/bin/../lib/gcc/arm-atollic-eabi/6.3.1/../../../../arm-atollic-eabi/lib/armv7e-m/fpu/fpv5-d16\libc_nano.a(lib_a-wbuf.o)
                0x08005944                __swbuf_r
 .text.__swsetup_r
                0x080059e8       0xdc c:/program files (x86)/atollic/truestudio for stm32 9.2.0/armtools/bin/../lib/gcc/arm-atollic-eabi/6.3.1/../../../../arm-atollic-eabi/lib/armv7e-m/fpu/fpv5-d16\libc_nano.a(lib_a-wsetup.o)
                0x080059e8                __swsetup_r
 .text.__sflush_r
                0x08005ac4      0x110 c:/program files (x86)/atollic/truestudio for stm32 9.2.0/armtools/bin/../lib/gcc/arm-atollic-eabi/6.3.1/../../../../arm-atollic-eabi/lib/armv7e-m/fpu/fpv5-d16\libc_nano.a(lib_a-fflush.o)
                0x08005ac4                __sflush_r
 .text._fflush_r
                0x08005bd4       0x54 c:/program files (x86)/atollic/truestudio for stm32 9.2.0/armtools/bin/../lib/gcc/arm-atollic-eabi/6.3.1/../../../../arm-atollic-eabi/lib/armv7e-m/fpu/fpv5-d16\libc_nano.a(lib_a-fflush.o)
                0x08005bd4                _fflush_r
 .text._cleanup_r
                0x08005c28        0xc c:/program files (x86)/atollic/truestudio for stm32 9.2.0/armtools/bin/../lib/gcc/arm-atollic-eabi/6.3.1/../../../../arm-atollic-eabi/lib/armv7e-m/fpu/fpv5-d16\libc_nano.a(lib_a-findfp.o)
                0x08005c28                _cleanup_r
 .text.std.isra.0
                0x08005c34       0x48 c:/program files (x86)/atollic/truestudio for stm32 9.2.0/armtools/bin/../lib/gcc/arm-atollic-eabi/6.3.1/../../../../arm-atollic-eabi/lib/armv7e-m/fpu/fpv5-d16\libc_nano.a(lib_a-findfp.o)
 .text.__sfmoreglue
                0x08005c7c       0x2c c:/program files (x86)/atollic/truestudio for stm32 9.2.0/armtools/bin/../lib/gcc/arm-atollic-eabi/6.3.1/../../../../arm-atollic-eabi/lib/armv7e-m/fpu/fpv5-d16\libc_nano.a(lib_a-findfp.o)
                0x08005c7c                __sfmoreglue
 .text.__sinit  0x08005ca8       0x60 c:/program files (x86)/atollic/truestudio for stm32 9.2.0/armtools/bin/../lib/gcc/arm-atollic-eabi/6.3.1/../../../../arm-atollic-eabi/lib/armv7e-m/fpu/fpv5-d16\libc_nano.a(lib_a-findfp.o)
                0x08005ca8                __sinit
 .text.__sfp    0x08005d08       0x78 c:/program files (x86)/atollic/truestudio for stm32 9.2.0/armtools/bin/../lib/gcc/arm-atollic-eabi/6.3.1/../../../../arm-atollic-eabi/lib/armv7e-m/fpu/fpv5-d16\libc_nano.a(lib_a-findfp.o)
                0x08005d08                __sfp
 .text._fwalk_reent
                0x08005d80       0x3c c:/program files (x86)/atollic/truestudio for stm32 9.2.0/armtools/bin/../lib/gcc/arm-atollic-eabi/6.3.1/../../../../arm-atollic-eabi/lib/armv7e-m/fpu/fpv5-d16\libc_nano.a(lib_a-fwalk.o)
                0x08005d80                _fwalk_reent
 .text.__swhatbuf_r
                0x08005dbc       0x48 c:/program files (x86)/atollic/truestudio for stm32 9.2.0/armtools/bin/../lib/gcc/arm-atollic-eabi/6.3.1/../../../../arm-atollic-eabi/lib/armv7e-m/fpu/fpv5-d16\libc_nano.a(lib_a-makebuf.o)
                0x08005dbc                __swhatbuf_r
 .text.__smakebuf_r
                0x08005e04       0x80 c:/program files (x86)/atollic/truestudio for stm32 9.2.0/armtools/bin/../lib/gcc/arm-atollic-eabi/6.3.1/../../../../arm-atollic-eabi/lib/armv7e-m/fpu/fpv5-d16\libc_nano.a(lib_a-makebuf.o)
                0x08005e04                __smakebuf_r
 .text._free_r  0x08005e84       0x9c c:/program files (x86)/atollic/truestudio for stm32 9.2.0/armtools/bin/../lib/gcc/arm-atollic-eabi/6.3.1/../../../../arm-atollic-eabi/lib/armv7e-m/fpu/fpv5-d16\libc_nano.a(lib_a-nano-freer.o)
                0x08005e84                _free_r
 .text._malloc_r
                0x08005f20       0xbc c:/program files (x86)/atollic/truestudio for stm32 9.2.0/armtools/bin/../lib/gcc/arm-atollic-eabi/6.3.1/../../../../arm-atollic-eabi/lib/armv7e-m/fpu/fpv5-d16\libc_nano.a(lib_a-nano-mallocr.o)
                0x08005f20                _malloc_r
 .text.__sfputc_r
                0x08005fdc       0x30 c:/program files (x86)/atollic/truestudio for stm32 9.2.0/armtools/bin/../lib/gcc/arm-atollic-eabi/6.3.1/../../../../arm-atollic-eabi/lib/armv7e-m/fpu/fpv5-d16\libc_nano.a(lib_a-nano-vfprintf.o)
 .text.__sfputs_r
                0x0800600c       0x24 c:/program files (x86)/atollic/truestudio for stm32 9.2.0/armtools/bin/../lib/gcc/arm-atollic-eabi/6.3.1/../../../../arm-atollic-eabi/lib/armv7e-m/fpu/fpv5-d16\libc_nano.a(lib_a-nano-vfprintf.o)
                0x0800600c                __sfputs_r
 .text._vfprintf_r
                0x08006030      0x22c c:/program files (x86)/atollic/truestudio for stm32 9.2.0/armtools/bin/../lib/gcc/arm-atollic-eabi/6.3.1/../../../../arm-atollic-eabi/lib/armv7e-m/fpu/fpv5-d16\libc_nano.a(lib_a-nano-vfprintf.o)
                0x08006030                _vfprintf_r
                0x08006030                _vfiprintf_r
 .text._printf_common
                0x0800625c       0xec c:/program files (x86)/atollic/truestudio for stm32 9.2.0/armtools/bin/../lib/gcc/arm-atollic-eabi/6.3.1/../../../../arm-atollic-eabi/lib/armv7e-m/fpu/fpv5-d16\libc_nano.a(lib_a-nano-vfprintf_i.o)
                0x0800625c                _printf_common
 .text._printf_i
                0x08006348      0x240 c:/program files (x86)/atollic/truestudio for stm32 9.2.0/armtools/bin/../lib/gcc/arm-atollic-eabi/6.3.1/../../../../arm-atollic-eabi/lib/armv7e-m/fpu/fpv5-d16\libc_nano.a(lib_a-nano-vfprintf_i.o)
                0x08006348                _printf_i
 .text._sbrk_r  0x08006588       0x20 c:/program files (x86)/atollic/truestudio for stm32 9.2.0/armtools/bin/../lib/gcc/arm-atollic-eabi/6.3.1/../../../../arm-atollic-eabi/lib/armv7e-m/fpu/fpv5-d16\libc_nano.a(lib_a-sbrkr.o)
                0x08006588                _sbrk_r
 .text.__sread  0x080065a8       0x22 c:/program files (x86)/atollic/truestudio for stm32 9.2.0/armtools/bin/../lib/gcc/arm-atollic-eabi/6.3.1/../../../../arm-atollic-eabi/lib/armv7e-m/fpu/fpv5-d16\libc_nano.a(lib_a-stdio.o)
                0x080065a8                __sread
 .text.__swrite
                0x080065ca       0x38 c:/program files (x86)/atollic/truestudio for stm32 9.2.0/armtools/bin/../lib/gcc/arm-atollic-eabi/6.3.1/../../../../arm-atollic-eabi/lib/armv7e-m/fpu/fpv5-d16\libc_nano.a(lib_a-stdio.o)
                0x080065ca                __swrite
 .text.__sseek  0x08006602       0x24 c:/program files (x86)/atollic/truestudio for stm32 9.2.0/armtools/bin/../lib/gcc/arm-atollic-eabi/6.3.1/../../../../arm-atollic-eabi/lib/armv7e-m/fpu/fpv5-d16\libc_nano.a(lib_a-stdio.o)
                0x08006602                __sseek
 .text.__sclose
                0x08006626        0x8 c:/program files (x86)/atollic/truestudio for stm32 9.2.0/armtools/bin/../lib/gcc/arm-atollic-eabi/6.3.1/../../../../arm-atollic-eabi/lib/armv7e-m/fpu/fpv5-d16\libc_nano.a(lib_a-stdio.o)
                0x08006626                __sclose
 *fill*         0x0800662e        0x2 
 .text._write_r
                0x08006630       0x24 c:/program files (x86)/atollic/truestudio for stm32 9.2.0/armtools/bin/../lib/gcc/arm-atollic-eabi/6.3.1/../../../../arm-atollic-eabi/lib/armv7e-m/fpu/fpv5-d16\libc_nano.a(lib_a-writer.o)
                0x08006630                _write_r
 .text._close_r
                0x08006654       0x20 c:/program files (x86)/atollic/truestudio for stm32 9.2.0/armtools/bin/../lib/gcc/arm-atollic-eabi/6.3.1/../../../../arm-atollic-eabi/lib/armv7e-m/fpu/fpv5-d16\libc_nano.a(lib_a-closer.o)
                0x08006654                _close_r
 .text._fstat_r
                0x08006674       0x24 c:/program files (x86)/atollic/truestudio for stm32 9.2.0/armtools/bin/../lib/gcc/arm-atollic-eabi/6.3.1/../../../../arm-atollic-eabi/lib/armv7e-m/fpu/fpv5-d16\libc_nano.a(lib_a-fstatr.o)
                0x08006674                _fstat_r
 .text._isatty_r
                0x08006698       0x20 c:/program files (x86)/atollic/truestudio for stm32 9.2.0/armtools/bin/../lib/gcc/arm-atollic-eabi/6.3.1/../../../../arm-atollic-eabi/lib/armv7e-m/fpu/fpv5-d16\libc_nano.a(lib_a-isattyr.o)
                0x08006698                _isatty_r
 .text._lseek_r
                0x080066b8       0x24 c:/program files (x86)/atollic/truestudio for stm32 9.2.0/armtools/bin/../lib/gcc/arm-atollic-eabi/6.3.1/../../../../arm-atollic-eabi/lib/armv7e-m/fpu/fpv5-d16\libc_nano.a(lib_a-lseekr.o)
                0x080066b8                _lseek_r
 .text.__malloc_lock
                0x080066dc        0x2 c:/program files (x86)/atollic/truestudio for stm32 9.2.0/armtools/bin/../lib/gcc/arm-atollic-eabi/6.3.1/../../../../arm-atollic-eabi/lib/armv7e-m/fpu/fpv5-d16\libc_nano.a(lib_a-mlock.o)
                0x080066dc                __malloc_lock
 .text.__malloc_unlock
                0x080066de        0x2 c:/program files (x86)/atollic/truestudio for stm32 9.2.0/armtools/bin/../lib/gcc/arm-atollic-eabi/6.3.1/../../../../arm-atollic-eabi/lib/armv7e-m/fpu/fpv5-d16\libc_nano.a(lib_a-mlock.o)
                0x080066de                __malloc_unlock
 .text._read_r  0x080066e0       0x24 c:/program files (x86)/atollic/truestudio for stm32 9.2.0/armtools/bin/../lib/gcc/arm-atollic-eabi/6.3.1/../../../../arm-atollic-eabi/lib/armv7e-m/fpu/fpv5-d16\libc_nano.a(lib_a-readr.o)
                0x080066e0                _read_r
 *(.glue_7)
 .glue_7        0x08006704        0x0 linker stubs
 *(.glue_7t)
 .glue_7t       0x08006704        0x0 linker stubs
 *(.eh_frame)
 .eh_frame      0x08006704        0x0 c:/program files (x86)/atollic/truestudio for stm32 9.2.0/armtools/bin/../lib/gcc/arm-atollic-eabi/6.3.1/armv7e-m/fpu/fpv5-d16/crtbegin.o
 *(.init)
 .init          0x08006704        0x4 c:/program files (x86)/atollic/truestudio for stm32 9.2.0/armtools/bin/../lib/gcc/arm-atollic-eabi/6.3.1/armv7e-m/fpu/fpv5-d16/crti.o
                0x08006704                _init
 .init          0x08006708        0x8 c:/program files (x86)/atollic/truestudio for stm32 9.2.0/armtools/bin/../lib/gcc/arm-atollic-eabi/6.3.1/armv7e-m/fpu/fpv5-d16/crtn.o
 *(.fini)
 .fini          0x08006710        0x4 c:/program files (x86)/atollic/truestudio for stm32 9.2.0/armtools/bin/../lib/gcc/arm-atollic-eabi/6.3.1/armv7e-m/fpu/fpv5-d16/crti.o
                0x08006710                _fini
 .fini          0x08006714        0x8 c:/program files (x86)/atollic/truestudio for stm32 9.2.0/armtools/bin/../lib/gcc/arm-atollic-eabi/6.3.1/armv7e-m/fpu/fpv5-d16/crtn.o
                0x0800671c                . = ALIGN (0x4)
                0x0800671c                _etext = .

.vfp11_veneer   0x0800671c        0x0
 .vfp11_veneer  0x0800671c        0x0 linker stubs

.v4_bx          0x0800671c        0x0
 .v4_bx         0x0800671c        0x0 linker stubs

.iplt           0x0800671c        0x0
 .iplt          0x0800671c        0x0 c:/program files (x86)/atollic/truestudio for stm32 9.2.0/armtools/bin/../lib/gcc/arm-atollic-eabi/6.3.1/armv7e-m/fpu/fpv5-d16/crtbegin.o

.rodata         0x0800671c      0x374
                0x0800671c                . = ALIGN (0x4)
 *(.rodata)
 *(.rodata*)
 .rodata.HAL_NVIC_SetPriorityGrouping.str1.1
                0x0800671c       0x3b Drivers\STM32H7xx_HAL_Driver\Src\stm32h7xx_hal_cortex.o
 .rodata.HAL_GPIO_Init.str1.1
                0x08006757       0x39 Drivers\STM32H7xx_HAL_Driver\Src\stm32h7xx_hal_gpio.o
 .rodata.HAL_PCD_Init.str1.1
                0x08006790       0x38 Drivers\STM32H7xx_HAL_Driver\Src\stm32h7xx_hal_pcd.o
 .rodata.HAL_PWREx_ConfigSupply.str1.1
                0x080067c8       0x3b Drivers\STM32H7xx_HAL_Driver\Src\stm32h7xx_hal_pwr_ex.o
 .rodata.HAL_RCC_OscConfig.str1.1
                0x08006803       0x38 Drivers\STM32H7xx_HAL_Driver\Src\stm32h7xx_hal_rcc.o
 .rodata.RCCEx_PLL2_Config.str1.1
                0x0800683b       0x3b Drivers\STM32H7xx_HAL_Driver\Src\stm32h7xx_hal_rcc_ex.o
 .rodata.HAL_SPI_Init.str1.1
                0x08006876       0x38 Drivers\STM32H7xx_HAL_Driver\Src\stm32h7xx_hal_spi.o
 .rodata.CSWTCH.426
                0x080068ae       0x29 Drivers\STM32H7xx_HAL_Driver\Src\stm32h7xx_hal_uart.o
 .rodata.CSWTCH.428
                0x080068d7        0x6 Drivers\STM32H7xx_HAL_Driver\Src\stm32h7xx_hal_uart.o
 .rodata.CSWTCH.429
                0x080068dd        0x6 Drivers\STM32H7xx_HAL_Driver\Src\stm32h7xx_hal_uart.o
 .rodata.HAL_UART_DeInit.str1.1
                0x080068e3       0x39 Drivers\STM32H7xx_HAL_Driver\Src\stm32h7xx_hal_uart.o
 .rodata.HAL_RS485Ex_Init.str1.1
                0x0800691c       0x3c Drivers\STM32H7xx_HAL_Driver\Src\stm32h7xx_hal_uart_ex.o
 .rodata.assert_failed.str1.1
                0x08006958       0x2d Src\main.o
 .rodata.main.str1.1
                0x08006985        0x4 Src\main.o
 .rodata.D1CorePrescTable
                0x08006989       0x10 Src\system_stm32h7xx.o
                0x08006989                D1CorePrescTable
 .rodata.MDD_SDSPI_MediaInitialize.str1.1
                0x08006999        0x6 Src\user_diskio.o
                                  0xa (size before relaxing)
 .rodata.MX_SPI5_FreqSwitch.str1.1
                0x0800699f        0xf Src\user_diskio.o
 .rodata.cmdTable
                0x080069ae       0x48 Src\user_diskio.o
                0x080069ae                cmdTable
 *fill*         0x080069f6        0x2 
 .rodata._global_impure_ptr
                0x080069f8        0x4 c:/program files (x86)/atollic/truestudio for stm32 9.2.0/armtools/bin/../lib/gcc/arm-atollic-eabi/6.3.1/../../../../arm-atollic-eabi/lib/armv7e-m/fpu/fpv5-d16\libc_nano.a(lib_a-impure.o)
                0x080069f8                _global_impure_ptr
 .rodata.__sf_fake_stderr
                0x080069fc       0x20 c:/program files (x86)/atollic/truestudio for stm32 9.2.0/armtools/bin/../lib/gcc/arm-atollic-eabi/6.3.1/../../../../arm-atollic-eabi/lib/armv7e-m/fpu/fpv5-d16\libc_nano.a(lib_a-findfp.o)
                0x080069fc                __sf_fake_stderr
 .rodata.__sf_fake_stdin
                0x08006a1c       0x20 c:/program files (x86)/atollic/truestudio for stm32 9.2.0/armtools/bin/../lib/gcc/arm-atollic-eabi/6.3.1/../../../../arm-atollic-eabi/lib/armv7e-m/fpu/fpv5-d16\libc_nano.a(lib_a-findfp.o)
                0x08006a1c                __sf_fake_stdin
 .rodata.__sf_fake_stdout
                0x08006a3c       0x20 c:/program files (x86)/atollic/truestudio for stm32 9.2.0/armtools/bin/../lib/gcc/arm-atollic-eabi/6.3.1/../../../../arm-atollic-eabi/lib/armv7e-m/fpu/fpv5-d16\libc_nano.a(lib_a-findfp.o)
                0x08006a3c                __sf_fake_stdout
 .rodata._vfprintf_r.str1.1
                0x08006a5c       0x11 c:/program files (x86)/atollic/truestudio for stm32 9.2.0/armtools/bin/../lib/gcc/arm-atollic-eabi/6.3.1/../../../../arm-atollic-eabi/lib/armv7e-m/fpu/fpv5-d16\libc_nano.a(lib_a-nano-vfprintf.o)
 .rodata._printf_i.str1.1
                0x08006a6d       0x22 c:/program files (x86)/atollic/truestudio for stm32 9.2.0/armtools/bin/../lib/gcc/arm-atollic-eabi/6.3.1/../../../../arm-atollic-eabi/lib/armv7e-m/fpu/fpv5-d16\libc_nano.a(lib_a-nano-vfprintf_i.o)
                0x08006a90                . = ALIGN (0x4)
 *fill*         0x08006a8f        0x1 

.ARM.extab
 *(.ARM.extab* .gnu.linkonce.armextab.*)

.ARM            0x08006a90        0x8
                0x08006a90                __exidx_start = .
 *(.ARM.exidx*)
 .ARM.exidx     0x08006a90        0x8 c:/program files (x86)/atollic/truestudio for stm32 9.2.0/armtools/bin/../lib/gcc/arm-atollic-eabi/6.3.1/armv7e-m/fpu/fpv5-d16\libgcc.a(_udivmoddi4.o)
                0x08006a98                __exidx_end = .

.rel.dyn        0x08006a98        0x0
 .rel.iplt      0x08006a98        0x0 c:/program files (x86)/atollic/truestudio for stm32 9.2.0/armtools/bin/../lib/gcc/arm-atollic-eabi/6.3.1/armv7e-m/fpu/fpv5-d16/crtbegin.o

.preinit_array  0x08006a98        0x0
                0x08006a98                PROVIDE (__preinit_array_start, .)
 *(.preinit_array*)
                0x08006a98                PROVIDE (__preinit_array_end, .)

.init_array     0x08006a98        0x4
                0x08006a98                PROVIDE (__init_array_start, .)
 *(SORT(.init_array.*))
 *(.init_array*)
 .init_array    0x08006a98        0x4 c:/program files (x86)/atollic/truestudio for stm32 9.2.0/armtools/bin/../lib/gcc/arm-atollic-eabi/6.3.1/armv7e-m/fpu/fpv5-d16/crtbegin.o
                0x08006a9c                PROVIDE (__init_array_end, .)

.fini_array     0x08006a9c        0x4
                [!provide]                PROVIDE (__fini_array_start, .)
 *(SORT(.fini_array.*))
 *(.fini_array*)
 .fini_array    0x08006a9c        0x4 c:/program files (x86)/atollic/truestudio for stm32 9.2.0/armtools/bin/../lib/gcc/arm-atollic-eabi/6.3.1/armv7e-m/fpu/fpv5-d16/crtbegin.o
                [!provide]                PROVIDE (__fini_array_end, .)
                0x08006aa0                _sidata = LOADADDR (.data)

.data           0x20000000       0x74 load address 0x08006aa0
                0x20000000                . = ALIGN (0x4)
                0x20000000                _sdata = .
 *(.data)
 *(.data*)
 .data.uwTickFreq
                0x20000000        0x1 Drivers\STM32H7xx_HAL_Driver\Src\stm32h7xx_hal.o
                0x20000000                uwTickFreq
 *fill*         0x20000001        0x3 
 .data.uwTickPrio
                0x20000004        0x4 Drivers\STM32H7xx_HAL_Driver\Src\stm32h7xx_hal.o
                0x20000004                uwTickPrio
 .data.SystemCoreClock
                0x20000008        0x4 Src\system_stm32h7xx.o
                0x20000008                SystemCoreClock
 .data.SystemD2Clock
                0x2000000c        0x4 Src\system_stm32h7xx.o
                0x2000000c                SystemD2Clock
 .data._impure_ptr
                0x20000010        0x4 c:/program files (x86)/atollic/truestudio for stm32 9.2.0/armtools/bin/../lib/gcc/arm-atollic-eabi/6.3.1/../../../../arm-atollic-eabi/lib/armv7e-m/fpu/fpv5-d16\libc_nano.a(lib_a-impure.o)
                0x20000010                _impure_ptr
 .data.impure_data
                0x20000014       0x60 c:/program files (x86)/atollic/truestudio for stm32 9.2.0/armtools/bin/../lib/gcc/arm-atollic-eabi/6.3.1/../../../../arm-atollic-eabi/lib/armv7e-m/fpu/fpv5-d16\libc_nano.a(lib_a-impure.o)
                0x20000074                . = ALIGN (0x4)
                0x20000074                _edata = .

.igot.plt       0x20000074        0x0 load address 0x08006b14
 .igot.plt      0x20000074        0x0 c:/program files (x86)/atollic/truestudio for stm32 9.2.0/armtools/bin/../lib/gcc/arm-atollic-eabi/6.3.1/armv7e-m/fpu/fpv5-d16/crtbegin.o
                0x20000074                . = ALIGN (0x4)

.bss            0x20000074      0x560 load address 0x08006b14
                0x20000074                _sbss = .
                0x20000074                __bss_start__ = _sbss
 *(.bss)
 .bss           0x20000074       0x1c c:/program files (x86)/atollic/truestudio for stm32 9.2.0/armtools/bin/../lib/gcc/arm-atollic-eabi/6.3.1/armv7e-m/fpu/fpv5-d16/crtbegin.o
 *(.bss*)
 .bss.heap_end.7010
                0x20000090        0x4 Src\syscalls.o
 .bss.MDD_SDSPI_finalLBA
                0x20000094        0x4 Src\user_diskio.o
 .bss.gMediaSectorSize
                0x20000098        0x2 Src\user_diskio.o
 .bss.gSDMode   0x2000009a        0x1 Src\user_diskio.o
 *fill*         0x2000009b        0x1 
 .bss.mediaInformation
                0x2000009c        0x6 Src\user_diskio.o
 *fill*         0x200000a2        0x2 
 .bss.__malloc_free_list
                0x200000a4        0x4 c:/program files (x86)/atollic/truestudio for stm32 9.2.0/armtools/bin/../lib/gcc/arm-atollic-eabi/6.3.1/../../../../arm-atollic-eabi/lib/armv7e-m/fpu/fpv5-d16\libc_nano.a(lib_a-nano-mallocr.o)
                0x200000a4                __malloc_free_list
 .bss.__malloc_sbrk_start
                0x200000a8        0x4 c:/program files (x86)/atollic/truestudio for stm32 9.2.0/armtools/bin/../lib/gcc/arm-atollic-eabi/6.3.1/../../../../arm-atollic-eabi/lib/armv7e-m/fpu/fpv5-d16\libc_nano.a(lib_a-nano-mallocr.o)
                0x200000a8                __malloc_sbrk_start
 *(COMMON)
 COMMON         0x200000ac        0x4 Drivers\STM32H7xx_HAL_Driver\Src\stm32h7xx_hal.o
                0x200000ac                uwTick
 COMMON         0x200000b0      0x520 Src\main.o
                0x200000b0                hspi5
                0x20000138                huart3
                0x200001c4                hpcd_USB_OTG_FS
                0x200005cc                md
 COMMON         0x200005d0        0x4 c:/program files (x86)/atollic/truestudio for stm32 9.2.0/armtools/bin/../lib/gcc/arm-atollic-eabi/6.3.1/../../../../arm-atollic-eabi/lib/armv7e-m/fpu/fpv5-d16\libc_nano.a(lib_a-reent.o)
                0x200005d0                errno
                0x200005d4                . = ALIGN (0x4)
                0x200005d4                _ebss = .
                0x200005d4                __bss_end__ = _ebss

._user_heap_stack
                0x200005d4     0x3000 load address 0x08006b14
                0x200005d4                . = ALIGN (0x4)
                0x200005d4                PROVIDE (end, .)
                [!provide]                PROVIDE (_end, .)
                0x200025d4                . = (. + _Min_Heap_Size)
 *fill*         0x200005d4     0x2000 
                0x200035d4                . = (. + _Min_Stack_Size)
 *fill*         0x200025d4     0x1000 
                0x200035d4                . = ALIGN (0x4)

/DISCARD/
 libc.a(*)
 libm.a(*)
 libgcc.a(*)

.ARM.attributes
                0x00000000       0x2e
 *(.ARM.attributes)
 .ARM.attributes
                0x00000000       0x20 c:/program files (x86)/atollic/truestudio for stm32 9.2.0/armtools/bin/../lib/gcc/arm-atollic-eabi/6.3.1/armv7e-m/fpu/fpv5-d16/crti.o
 .ARM.attributes
                0x00000020       0x32 c:/program files (x86)/atollic/truestudio for stm32 9.2.0/armtools/bin/../lib/gcc/arm-atollic-eabi/6.3.1/armv7e-m/fpu/fpv5-d16/crtbegin.o
 .ARM.attributes
                0x00000052       0x37 Drivers\STM32H7xx_HAL_Driver\Src\stm32h7xx_hal.o
 .ARM.attributes
                0x00000089       0x37 Drivers\STM32H7xx_HAL_Driver\Src\stm32h7xx_hal_cortex.o
 .ARM.attributes
                0x000000c0       0x37 Drivers\STM32H7xx_HAL_Driver\Src\stm32h7xx_hal_gpio.o
 .ARM.attributes
                0x000000f7       0x37 Drivers\STM32H7xx_HAL_Driver\Src\stm32h7xx_hal_pcd.o
 .ARM.attributes
                0x0000012e       0x37 Drivers\STM32H7xx_HAL_Driver\Src\stm32h7xx_hal_pcd_ex.o
 .ARM.attributes
                0x00000165       0x37 Drivers\STM32H7xx_HAL_Driver\Src\stm32h7xx_hal_pwr_ex.o
 .ARM.attributes
                0x0000019c       0x37 Drivers\STM32H7xx_HAL_Driver\Src\stm32h7xx_hal_rcc.o
 .ARM.attributes
                0x000001d3       0x37 Drivers\STM32H7xx_HAL_Driver\Src\stm32h7xx_hal_rcc_ex.o
 .ARM.attributes
                0x0000020a       0x37 Drivers\STM32H7xx_HAL_Driver\Src\stm32h7xx_hal_spi.o
 .ARM.attributes
                0x00000241       0x37 Drivers\STM32H7xx_HAL_Driver\Src\stm32h7xx_hal_uart.o
 .ARM.attributes
                0x00000278       0x37 Drivers\STM32H7xx_HAL_Driver\Src\stm32h7xx_hal_uart_ex.o
 .ARM.attributes
                0x000002af       0x37 Drivers\STM32H7xx_HAL_Driver\Src\stm32h7xx_ll_usb.o
 .ARM.attributes
                0x000002e6       0x37 Src\fatfs_platform.o
 .ARM.attributes
                0x0000031d       0x37 Src\main.o
 .ARM.attributes
                0x00000354       0x37 Src\stm32h7xx_hal_msp.o
 .ARM.attributes
                0x0000038b       0x37 Src\stm32h7xx_it.o
 .ARM.attributes
                0x000003c2       0x37 Src\syscalls.o
 .ARM.attributes
                0x000003f9       0x37 Src\system_stm32h7xx.o
 .ARM.attributes
                0x00000430       0x37 Src\user_diskio.o
 .ARM.attributes
                0x00000467       0x21 startup\startup_stm32h743xx.o
 .ARM.attributes
                0x00000488       0x32 c:/program files (x86)/atollic/truestudio for stm32 9.2.0/armtools/bin/../lib/gcc/arm-atollic-eabi/6.3.1/../../../../arm-atollic-eabi/lib/armv7e-m/fpu/fpv5-d16\libc_nano.a(lib_a-errno.o)
 .ARM.attributes
                0x000004ba       0x32 c:/program files (x86)/atollic/truestudio for stm32 9.2.0/armtools/bin/../lib/gcc/arm-atollic-eabi/6.3.1/../../../../arm-atollic-eabi/lib/armv7e-m/fpu/fpv5-d16\libc_nano.a(lib_a-impure.o)
 .ARM.attributes
                0x000004ec       0x32 c:/program files (x86)/atollic/truestudio for stm32 9.2.0/armtools/bin/../lib/gcc/arm-atollic-eabi/6.3.1/../../../../arm-atollic-eabi/lib/armv7e-m/fpu/fpv5-d16\libc_nano.a(lib_a-init.o)
 .ARM.attributes
                0x0000051e       0x32 c:/program files (x86)/atollic/truestudio for stm32 9.2.0/armtools/bin/../lib/gcc/arm-atollic-eabi/6.3.1/../../../../arm-atollic-eabi/lib/armv7e-m/fpu/fpv5-d16\libc_nano.a(lib_a-memset.o)
 .ARM.attributes
                0x00000550       0x32 c:/program files (x86)/atollic/truestudio for stm32 9.2.0/armtools/bin/../lib/gcc/arm-atollic-eabi/6.3.1/../../../../arm-atollic-eabi/lib/armv7e-m/fpu/fpv5-d16\libc_nano.a(lib_a-printf.o)
 .ARM.attributes
                0x00000582       0x32 c:/program files (x86)/atollic/truestudio for stm32 9.2.0/armtools/bin/../lib/gcc/arm-atollic-eabi/6.3.1/../../../../arm-atollic-eabi/lib/armv7e-m/fpu/fpv5-d16\libc_nano.a(lib_a-puts.o)
 .ARM.attributes
                0x000005b4       0x32 c:/program files (x86)/atollic/truestudio for stm32 9.2.0/armtools/bin/../lib/gcc/arm-atollic-eabi/6.3.1/../../../../arm-atollic-eabi/lib/armv7e-m/fpu/fpv5-d16\libc_nano.a(lib_a-wbuf.o)
 .ARM.attributes
                0x000005e6       0x32 c:/program files (x86)/atollic/truestudio for stm32 9.2.0/armtools/bin/../lib/gcc/arm-atollic-eabi/6.3.1/../../../../arm-atollic-eabi/lib/armv7e-m/fpu/fpv5-d16\libc_nano.a(lib_a-wsetup.o)
 .ARM.attributes
                0x00000618       0x32 c:/program files (x86)/atollic/truestudio for stm32 9.2.0/armtools/bin/../lib/gcc/arm-atollic-eabi/6.3.1/../../../../arm-atollic-eabi/lib/armv7e-m/fpu/fpv5-d16\libc_nano.a(lib_a-fflush.o)
 .ARM.attributes
                0x0000064a       0x32 c:/program files (x86)/atollic/truestudio for stm32 9.2.0/armtools/bin/../lib/gcc/arm-atollic-eabi/6.3.1/../../../../arm-atollic-eabi/lib/armv7e-m/fpu/fpv5-d16\libc_nano.a(lib_a-findfp.o)
 .ARM.attributes
                0x0000067c       0x32 c:/program files (x86)/atollic/truestudio for stm32 9.2.0/armtools/bin/../lib/gcc/arm-atollic-eabi/6.3.1/../../../../arm-atollic-eabi/lib/armv7e-m/fpu/fpv5-d16\libc_nano.a(lib_a-fwalk.o)
 .ARM.attributes
                0x000006ae       0x32 c:/program files (x86)/atollic/truestudio for stm32 9.2.0/armtools/bin/../lib/gcc/arm-atollic-eabi/6.3.1/../../../../arm-atollic-eabi/lib/armv7e-m/fpu/fpv5-d16\libc_nano.a(lib_a-makebuf.o)
 .ARM.attributes
                0x000006e0       0x32 c:/program files (x86)/atollic/truestudio for stm32 9.2.0/armtools/bin/../lib/gcc/arm-atollic-eabi/6.3.1/../../../../arm-atollic-eabi/lib/armv7e-m/fpu/fpv5-d16\libc_nano.a(lib_a-nano-freer.o)
 .ARM.attributes
                0x00000712       0x32 c:/program files (x86)/atollic/truestudio for stm32 9.2.0/armtools/bin/../lib/gcc/arm-atollic-eabi/6.3.1/../../../../arm-atollic-eabi/lib/armv7e-m/fpu/fpv5-d16\libc_nano.a(lib_a-nano-mallocr.o)
 .ARM.attributes
                0x00000744       0x32 c:/program files (x86)/atollic/truestudio for stm32 9.2.0/armtools/bin/../lib/gcc/arm-atollic-eabi/6.3.1/../../../../arm-atollic-eabi/lib/armv7e-m/fpu/fpv5-d16\libc_nano.a(lib_a-nano-vfprintf.o)
 .ARM.attributes
                0x00000776       0x32 c:/program files (x86)/atollic/truestudio for stm32 9.2.0/armtools/bin/../lib/gcc/arm-atollic-eabi/6.3.1/../../../../arm-atollic-eabi/lib/armv7e-m/fpu/fpv5-d16\libc_nano.a(lib_a-nano-vfprintf_i.o)
 .ARM.attributes
                0x000007a8       0x32 c:/program files (x86)/atollic/truestudio for stm32 9.2.0/armtools/bin/../lib/gcc/arm-atollic-eabi/6.3.1/../../../../arm-atollic-eabi/lib/armv7e-m/fpu/fpv5-d16\libc_nano.a(lib_a-sbrkr.o)
 .ARM.attributes
                0x000007da       0x32 c:/program files (x86)/atollic/truestudio for stm32 9.2.0/armtools/bin/../lib/gcc/arm-atollic-eabi/6.3.1/../../../../arm-atollic-eabi/lib/armv7e-m/fpu/fpv5-d16\libc_nano.a(lib_a-stdio.o)
 .ARM.attributes
                0x0000080c       0x32 c:/program files (x86)/atollic/truestudio for stm32 9.2.0/armtools/bin/../lib/gcc/arm-atollic-eabi/6.3.1/../../../../arm-atollic-eabi/lib/armv7e-m/fpu/fpv5-d16\libc_nano.a(lib_a-writer.o)
 .ARM.attributes
                0x0000083e       0x32 c:/program files (x86)/atollic/truestudio for stm32 9.2.0/armtools/bin/../lib/gcc/arm-atollic-eabi/6.3.1/../../../../arm-atollic-eabi/lib/armv7e-m/fpu/fpv5-d16\libc_nano.a(lib_a-closer.o)
 .ARM.attributes
                0x00000870       0x32 c:/program files (x86)/atollic/truestudio for stm32 9.2.0/armtools/bin/../lib/gcc/arm-atollic-eabi/6.3.1/../../../../arm-atollic-eabi/lib/armv7e-m/fpu/fpv5-d16\libc_nano.a(lib_a-fstatr.o)
 .ARM.attributes
                0x000008a2       0x32 c:/program files (x86)/atollic/truestudio for stm32 9.2.0/armtools/bin/../lib/gcc/arm-atollic-eabi/6.3.1/../../../../arm-atollic-eabi/lib/armv7e-m/fpu/fpv5-d16\libc_nano.a(lib_a-isattyr.o)
 .ARM.attributes
                0x000008d4       0x32 c:/program files (x86)/atollic/truestudio for stm32 9.2.0/armtools/bin/../lib/gcc/arm-atollic-eabi/6.3.1/../../../../arm-atollic-eabi/lib/armv7e-m/fpu/fpv5-d16\libc_nano.a(lib_a-lseekr.o)
 .ARM.attributes
                0x00000906       0x1e c:/program files (x86)/atollic/truestudio for stm32 9.2.0/armtools/bin/../lib/gcc/arm-atollic-eabi/6.3.1/../../../../arm-atollic-eabi/lib/armv7e-m/fpu/fpv5-d16\libc_nano.a(lib_a-memchr.o)
 .ARM.attributes
                0x00000924       0x32 c:/program files (x86)/atollic/truestudio for stm32 9.2.0/armtools/bin/../lib/gcc/arm-atollic-eabi/6.3.1/../../../../arm-atollic-eabi/lib/armv7e-m/fpu/fpv5-d16\libc_nano.a(lib_a-mlock.o)
 .ARM.attributes
                0x00000956       0x32 c:/program files (x86)/atollic/truestudio for stm32 9.2.0/armtools/bin/../lib/gcc/arm-atollic-eabi/6.3.1/../../../../arm-atollic-eabi/lib/armv7e-m/fpu/fpv5-d16\libc_nano.a(lib_a-readr.o)
 .ARM.attributes
                0x00000988       0x32 c:/program files (x86)/atollic/truestudio for stm32 9.2.0/armtools/bin/../lib/gcc/arm-atollic-eabi/6.3.1/../../../../arm-atollic-eabi/lib/armv7e-m/fpu/fpv5-d16\libc_nano.a(lib_a-reent.o)
 .ARM.attributes
                0x000009ba       0x20 c:/program files (x86)/atollic/truestudio for stm32 9.2.0/armtools/bin/../lib/gcc/arm-atollic-eabi/6.3.1/armv7e-m/fpu/fpv5-d16\libgcc.a(_aeabi_uldivmod.o)
 .ARM.attributes
                0x000009da       0x32 c:/program files (x86)/atollic/truestudio for stm32 9.2.0/armtools/bin/../lib/gcc/arm-atollic-eabi/6.3.1/armv7e-m/fpu/fpv5-d16\libgcc.a(_udivmoddi4.o)
 .ARM.attributes
                0x00000a0c       0x20 c:/program files (x86)/atollic/truestudio for stm32 9.2.0/armtools/bin/../lib/gcc/arm-atollic-eabi/6.3.1/armv7e-m/fpu/fpv5-d16\libgcc.a(_dvmd_tls.o)
 .ARM.attributes
                0x00000a2c       0x20 c:/program files (x86)/atollic/truestudio for stm32 9.2.0/armtools/bin/../lib/gcc/arm-atollic-eabi/6.3.1/armv7e-m/fpu/fpv5-d16/crtn.o
OUTPUT(SPI.elf elf32-littlearm)

.debug_info     0x00000000    0x2212c
 .debug_info    0x00000000     0x2117 Drivers\STM32H7xx_HAL_Driver\Src\stm32h7xx_hal.o
 .debug_info    0x00002117     0x1e69 Drivers\STM32H7xx_HAL_Driver\Src\stm32h7xx_hal_cortex.o
 .debug_info    0x00003f80     0x180b Drivers\STM32H7xx_HAL_Driver\Src\stm32h7xx_hal_gpio.o
 .debug_info    0x0000578b     0x218d Drivers\STM32H7xx_HAL_Driver\Src\stm32h7xx_hal_pcd.o
 .debug_info    0x00007918     0x12da Drivers\STM32H7xx_HAL_Driver\Src\stm32h7xx_hal_pcd_ex.o
 .debug_info    0x00008bf2     0x1a31 Drivers\STM32H7xx_HAL_Driver\Src\stm32h7xx_hal_pwr_ex.o
 .debug_info    0x0000a623     0x1e9c Drivers\STM32H7xx_HAL_Driver\Src\stm32h7xx_hal_rcc.o
 .debug_info    0x0000c4bf     0x220d Drivers\STM32H7xx_HAL_Driver\Src\stm32h7xx_hal_rcc_ex.o
 .debug_info    0x0000e6cc     0x25a8 Drivers\STM32H7xx_HAL_Driver\Src\stm32h7xx_hal_spi.o
 .debug_info    0x00010c74     0x2fc3 Drivers\STM32H7xx_HAL_Driver\Src\stm32h7xx_hal_uart.o
 .debug_info    0x00013c37     0x1744 Drivers\STM32H7xx_HAL_Driver\Src\stm32h7xx_hal_uart_ex.o
 .debug_info    0x0001537b     0x2543 Drivers\STM32H7xx_HAL_Driver\Src\stm32h7xx_ll_usb.o
 .debug_info    0x000178be      0xbb8 Src\fatfs_platform.o
 .debug_info    0x00018476     0x2c28 Src\main.o
 .debug_info    0x0001b09e     0x1fed Src\stm32h7xx_hal_msp.o
 .debug_info    0x0001d08b      0xb37 Src\stm32h7xx_it.o
 .debug_info    0x0001dbc2      0xfe1 Src\syscalls.o
 .debug_info    0x0001eba3     0x1329 Src\system_stm32h7xx.o
 .debug_info    0x0001fecc     0x21f1 Src\user_diskio.o
 .debug_info    0x000220bd       0x6f startup\startup_stm32h743xx.o

.debug_abbrev   0x00000000     0x3d8b
 .debug_abbrev  0x00000000      0x331 Drivers\STM32H7xx_HAL_Driver\Src\stm32h7xx_hal.o
 .debug_abbrev  0x00000331      0x40c Drivers\STM32H7xx_HAL_Driver\Src\stm32h7xx_hal_cortex.o
 .debug_abbrev  0x0000073d      0x2f9 Drivers\STM32H7xx_HAL_Driver\Src\stm32h7xx_hal_gpio.o
 .debug_abbrev  0x00000a36      0x3dc Drivers\STM32H7xx_HAL_Driver\Src\stm32h7xx_hal_pcd.o
 .debug_abbrev  0x00000e12      0x30f Drivers\STM32H7xx_HAL_Driver\Src\stm32h7xx_hal_pcd_ex.o
 .debug_abbrev  0x00001121      0x387 Drivers\STM32H7xx_HAL_Driver\Src\stm32h7xx_hal_pwr_ex.o
 .debug_abbrev  0x000014a8      0x32e Drivers\STM32H7xx_HAL_Driver\Src\stm32h7xx_hal_rcc.o
 .debug_abbrev  0x000017d6      0x327 Drivers\STM32H7xx_HAL_Driver\Src\stm32h7xx_hal_rcc_ex.o
 .debug_abbrev  0x00001afd      0x404 Drivers\STM32H7xx_HAL_Driver\Src\stm32h7xx_hal_spi.o
 .debug_abbrev  0x00001f01      0x3dd Drivers\STM32H7xx_HAL_Driver\Src\stm32h7xx_hal_uart.o
 .debug_abbrev  0x000022de      0x326 Drivers\STM32H7xx_HAL_Driver\Src\stm32h7xx_hal_uart_ex.o
 .debug_abbrev  0x00002604      0x3c7 Drivers\STM32H7xx_HAL_Driver\Src\stm32h7xx_ll_usb.o
 .debug_abbrev  0x000029cb      0x1f2 Src\fatfs_platform.o
 .debug_abbrev  0x00002bbd      0x3cf Src\main.o
 .debug_abbrev  0x00002f8c      0x294 Src\stm32h7xx_hal_msp.o
 .debug_abbrev  0x00003220      0x213 Src\stm32h7xx_it.o
 .debug_abbrev  0x00003433      0x2d9 Src\syscalls.o
 .debug_abbrev  0x0000370c      0x218 Src\system_stm32h7xx.o
 .debug_abbrev  0x00003924      0x455 Src\user_diskio.o
 .debug_abbrev  0x00003d79       0x12 startup\startup_stm32h743xx.o

.debug_loc      0x00000000     0x96b6
 .debug_loc     0x00000000      0x4ce Drivers\STM32H7xx_HAL_Driver\Src\stm32h7xx_hal.o
 .debug_loc     0x000004ce      0x5ae Drivers\STM32H7xx_HAL_Driver\Src\stm32h7xx_hal_cortex.o
 .debug_loc     0x00000a7c      0x420 Drivers\STM32H7xx_HAL_Driver\Src\stm32h7xx_hal_gpio.o
 .debug_loc     0x00000e9c      0xc10 Drivers\STM32H7xx_HAL_Driver\Src\stm32h7xx_hal_pcd.o
 .debug_loc     0x00001aac      0x223 Drivers\STM32H7xx_HAL_Driver\Src\stm32h7xx_hal_pcd_ex.o
 .debug_loc     0x00001ccf      0x434 Drivers\STM32H7xx_HAL_Driver\Src\stm32h7xx_hal_pwr_ex.o
 .debug_loc     0x00002103      0x55e Drivers\STM32H7xx_HAL_Driver\Src\stm32h7xx_hal_rcc.o
 .debug_loc     0x00002661      0xdc2 Drivers\STM32H7xx_HAL_Driver\Src\stm32h7xx_hal_rcc_ex.o
 .debug_loc     0x00003423     0x1273 Drivers\STM32H7xx_HAL_Driver\Src\stm32h7xx_hal_spi.o
 .debug_loc     0x00004696     0x20a0 Drivers\STM32H7xx_HAL_Driver\Src\stm32h7xx_hal_uart.o
 .debug_loc     0x00006736      0x4d0 Drivers\STM32H7xx_HAL_Driver\Src\stm32h7xx_hal_uart_ex.o
 .debug_loc     0x00006c06     0x1b81 Drivers\STM32H7xx_HAL_Driver\Src\stm32h7xx_ll_usb.o
 .debug_loc     0x00008787       0x25 Src\fatfs_platform.o
 .debug_loc     0x000087ac      0x12a Src\main.o
 .debug_loc     0x000088d6      0x108 Src\stm32h7xx_hal_msp.o
 .debug_loc     0x000089de      0x3ef Src\syscalls.o
 .debug_loc     0x00008dcd      0x16f Src\system_stm32h7xx.o
 .debug_loc     0x00008f3c      0x77a Src\user_diskio.o

.debug_aranges  0x00000000      0xdd0
 .debug_aranges
                0x00000000      0x1b0 Drivers\STM32H7xx_HAL_Driver\Src\stm32h7xx_hal.o
 .debug_aranges
                0x000001b0       0xb0 Drivers\STM32H7xx_HAL_Driver\Src\stm32h7xx_hal_cortex.o
 .debug_aranges
                0x00000260       0x58 Drivers\STM32H7xx_HAL_Driver\Src\stm32h7xx_hal_gpio.o
 .debug_aranges
                0x000002b8       0xc0 Drivers\STM32H7xx_HAL_Driver\Src\stm32h7xx_hal_pcd.o
 .debug_aranges
                0x00000378       0x58 Drivers\STM32H7xx_HAL_Driver\Src\stm32h7xx_hal_pcd_ex.o
 .debug_aranges
                0x000003d0      0x128 Drivers\STM32H7xx_HAL_Driver\Src\stm32h7xx_hal_pwr_ex.o
 .debug_aranges
                0x000004f8       0x88 Drivers\STM32H7xx_HAL_Driver\Src\stm32h7xx_hal_rcc.o
 .debug_aranges
                0x00000580       0xd0 Drivers\STM32H7xx_HAL_Driver\Src\stm32h7xx_hal_rcc_ex.o
 .debug_aranges
                0x00000650      0x138 Drivers\STM32H7xx_HAL_Driver\Src\stm32h7xx_hal_spi.o
 .debug_aranges
                0x00000788      0x1d8 Drivers\STM32H7xx_HAL_Driver\Src\stm32h7xx_hal_uart.o
 .debug_aranges
                0x00000960       0x70 Drivers\STM32H7xx_HAL_Driver\Src\stm32h7xx_hal_uart_ex.o
 .debug_aranges
                0x000009d0      0x198 Drivers\STM32H7xx_HAL_Driver\Src\stm32h7xx_ll_usb.o
 .debug_aranges
                0x00000b68       0x20 Src\fatfs_platform.o
 .debug_aranges
                0x00000b88       0x48 Src\main.o
 .debug_aranges
                0x00000bd0       0x50 Src\stm32h7xx_hal_msp.o
 .debug_aranges
                0x00000c20       0x48 Src\stm32h7xx_it.o
 .debug_aranges
                0x00000c68       0xb0 Src\syscalls.o
 .debug_aranges
                0x00000d18       0x28 Src\system_stm32h7xx.o
 .debug_aranges
                0x00000d40       0x68 Src\user_diskio.o
 .debug_aranges
                0x00000da8       0x28 startup\startup_stm32h743xx.o

.debug_ranges   0x00000000      0xf80
 .debug_ranges  0x00000000      0x1a0 Drivers\STM32H7xx_HAL_Driver\Src\stm32h7xx_hal.o
 .debug_ranges  0x000001a0      0x150 Drivers\STM32H7xx_HAL_Driver\Src\stm32h7xx_hal_cortex.o
 .debug_ranges  0x000002f0       0x68 Drivers\STM32H7xx_HAL_Driver\Src\stm32h7xx_hal_gpio.o
 .debug_ranges  0x00000358       0xe8 Drivers\STM32H7xx_HAL_Driver\Src\stm32h7xx_hal_pcd.o
 .debug_ranges  0x00000440       0x48 Drivers\STM32H7xx_HAL_Driver\Src\stm32h7xx_hal_pcd_ex.o
 .debug_ranges  0x00000488      0x118 Drivers\STM32H7xx_HAL_Driver\Src\stm32h7xx_hal_pwr_ex.o
 .debug_ranges  0x000005a0       0xc0 Drivers\STM32H7xx_HAL_Driver\Src\stm32h7xx_hal_rcc.o
 .debug_ranges  0x00000660       0xc0 Drivers\STM32H7xx_HAL_Driver\Src\stm32h7xx_hal_rcc_ex.o
 .debug_ranges  0x00000720      0x178 Drivers\STM32H7xx_HAL_Driver\Src\stm32h7xx_hal_spi.o
 .debug_ranges  0x00000898      0x1e0 Drivers\STM32H7xx_HAL_Driver\Src\stm32h7xx_hal_uart.o
 .debug_ranges  0x00000a78       0x60 Drivers\STM32H7xx_HAL_Driver\Src\stm32h7xx_hal_uart_ex.o
 .debug_ranges  0x00000ad8      0x1a8 Drivers\STM32H7xx_HAL_Driver\Src\stm32h7xx_ll_usb.o
 .debug_ranges  0x00000c80       0x10 Src\fatfs_platform.o
 .debug_ranges  0x00000c90       0xb8 Src\main.o
 .debug_ranges  0x00000d48       0xa0 Src\stm32h7xx_hal_msp.o
 .debug_ranges  0x00000de8       0x38 Src\stm32h7xx_it.o
 .debug_ranges  0x00000e20       0xa0 Src\syscalls.o
 .debug_ranges  0x00000ec0       0x18 Src\system_stm32h7xx.o
 .debug_ranges  0x00000ed8       0x88 Src\user_diskio.o
 .debug_ranges  0x00000f60       0x20 startup\startup_stm32h743xx.o

.debug_line     0x00000000     0x96e0
 .debug_line    0x00000000      0x858 Drivers\STM32H7xx_HAL_Driver\Src\stm32h7xx_hal.o
 .debug_line    0x00000858      0x68b Drivers\STM32H7xx_HAL_Driver\Src\stm32h7xx_hal_cortex.o
 .debug_line    0x00000ee3      0x6c1 Drivers\STM32H7xx_HAL_Driver\Src\stm32h7xx_hal_gpio.o
 .debug_line    0x000015a4      0x8b9 Drivers\STM32H7xx_HAL_Driver\Src\stm32h7xx_hal_pcd.o
 .debug_line    0x00001e5d      0x43a Drivers\STM32H7xx_HAL_Driver\Src\stm32h7xx_hal_pcd_ex.o
 .debug_line    0x00002297      0x7dc Drivers\STM32H7xx_HAL_Driver\Src\stm32h7xx_hal_pwr_ex.o
 .debug_line    0x00002a73      0x8fe Drivers\STM32H7xx_HAL_Driver\Src\stm32h7xx_hal_rcc.o
 .debug_line    0x00003371      0xa89 Drivers\STM32H7xx_HAL_Driver\Src\stm32h7xx_hal_rcc_ex.o
 .debug_line    0x00003dfa      0xe4f Drivers\STM32H7xx_HAL_Driver\Src\stm32h7xx_hal_spi.o
 .debug_line    0x00004c49     0x1a21 Drivers\STM32H7xx_HAL_Driver\Src\stm32h7xx_hal_uart.o
 .debug_line    0x0000666a      0x7ae Drivers\STM32H7xx_HAL_Driver\Src\stm32h7xx_hal_uart_ex.o
 .debug_line    0x00006e18      0xa89 Drivers\STM32H7xx_HAL_Driver\Src\stm32h7xx_ll_usb.o
 .debug_line    0x000078a1      0x325 Src\fatfs_platform.o
 .debug_line    0x00007bc6      0x5b3 Src\main.o
 .debug_line    0x00008179      0x44e Src\stm32h7xx_hal_msp.o
 .debug_line    0x000085c7      0x34a Src\stm32h7xx_it.o
 .debug_line    0x00008911      0x3bf Src\syscalls.o
 .debug_line    0x00008cd0      0x37a Src\system_stm32h7xx.o
 .debug_line    0x0000904a      0x618 Src\user_diskio.o
 .debug_line    0x00009662       0x7e startup\startup_stm32h743xx.o

.debug_str      0x00000000     0x64b4
 .debug_str     0x00000000     0x1a1c Drivers\STM32H7xx_HAL_Driver\Src\stm32h7xx_hal.o
                               0x1b36 (size before relaxing)
 .debug_str     0x00001a1c      0x57b Drivers\STM32H7xx_HAL_Driver\Src\stm32h7xx_hal_cortex.o
                               0x1724 (size before relaxing)
 .debug_str     0x00001f97      0x188 Drivers\STM32H7xx_HAL_Driver\Src\stm32h7xx_hal_gpio.o
                                0xdc1 (size before relaxing)
 .debug_str     0x0000211f      0xb48 Drivers\STM32H7xx_HAL_Driver\Src\stm32h7xx_hal_pcd.o
                               0x1446 (size before relaxing)
 .debug_str     0x00002c67      0x1af Drivers\STM32H7xx_HAL_Driver\Src\stm32h7xx_hal_pcd_ex.o
                                0xe89 (size before relaxing)
 .debug_str     0x00002e16      0x590 Drivers\STM32H7xx_HAL_Driver\Src\stm32h7xx_hal_pwr_ex.o
                               0x10d5 (size before relaxing)
 .debug_str     0x000033a6      0x490 Drivers\STM32H7xx_HAL_Driver\Src\stm32h7xx_hal_rcc.o
                               0x10a5 (size before relaxing)
 .debug_str     0x00003836      0x89a Drivers\STM32H7xx_HAL_Driver\Src\stm32h7xx_hal_rcc_ex.o
                               0x149b (size before relaxing)
 .debug_str     0x000040d0      0xa57 Drivers\STM32H7xx_HAL_Driver\Src\stm32h7xx_hal_spi.o
                               0x140b (size before relaxing)
 .debug_str     0x00004b27      0x9e6 Drivers\STM32H7xx_HAL_Driver\Src\stm32h7xx_hal_uart.o
                               0x1a13 (size before relaxing)
 .debug_str     0x0000550d      0x22e Drivers\STM32H7xx_HAL_Driver\Src\stm32h7xx_hal_uart_ex.o
                               0x10f7 (size before relaxing)
 .debug_str     0x0000573b      0x42f Drivers\STM32H7xx_HAL_Driver\Src\stm32h7xx_ll_usb.o
                               0x136f (size before relaxing)
 .debug_str     0x00005b6a       0x29 Src\fatfs_platform.o
                                0x91e (size before relaxing)
 .debug_str     0x00005b93      0x146 Src\main.o
                               0x1e66 (size before relaxing)
 .debug_str     0x00005cd9       0x1b Src\stm32h7xx_hal_msp.o
                               0x16bf (size before relaxing)
 .debug_str     0x00005cf4       0xa6 Src\stm32h7xx_it.o
                                0x92d (size before relaxing)
 .debug_str     0x00005d9a      0x249 Src\syscalls.o
                                0x86e (size before relaxing)
 .debug_str     0x00005fe3       0x3b Src\system_stm32h7xx.o
                                0xc73 (size before relaxing)
 .debug_str     0x0000601e      0x496 Src\user_diskio.o
                               0x14be (size before relaxing)

.comment        0x00000000       0x7c
 .comment       0x00000000       0x7c Drivers\STM32H7xx_HAL_Driver\Src\stm32h7xx_hal.o
                                 0x7d (size before relaxing)
 .comment       0x0000007c       0x7d Drivers\STM32H7xx_HAL_Driver\Src\stm32h7xx_hal_cortex.o
 .comment       0x0000007c       0x7d Drivers\STM32H7xx_HAL_Driver\Src\stm32h7xx_hal_gpio.o
 .comment       0x0000007c       0x7d Drivers\STM32H7xx_HAL_Driver\Src\stm32h7xx_hal_pcd.o
 .comment       0x0000007c       0x7d Drivers\STM32H7xx_HAL_Driver\Src\stm32h7xx_hal_pcd_ex.o
 .comment       0x0000007c       0x7d Drivers\STM32H7xx_HAL_Driver\Src\stm32h7xx_hal_pwr_ex.o
 .comment       0x0000007c       0x7d Drivers\STM32H7xx_HAL_Driver\Src\stm32h7xx_hal_rcc.o
 .comment       0x0000007c       0x7d Drivers\STM32H7xx_HAL_Driver\Src\stm32h7xx_hal_rcc_ex.o
 .comment       0x0000007c       0x7d Drivers\STM32H7xx_HAL_Driver\Src\stm32h7xx_hal_spi.o
 .comment       0x0000007c       0x7d Drivers\STM32H7xx_HAL_Driver\Src\stm32h7xx_hal_uart.o
 .comment       0x0000007c       0x7d Drivers\STM32H7xx_HAL_Driver\Src\stm32h7xx_hal_uart_ex.o
 .comment       0x0000007c       0x7d Drivers\STM32H7xx_HAL_Driver\Src\stm32h7xx_ll_usb.o
 .comment       0x0000007c       0x7d Src\fatfs_platform.o
 .comment       0x0000007c       0x7d Src\main.o
 .comment       0x0000007c       0x7d Src\stm32h7xx_hal_msp.o
 .comment       0x0000007c       0x7d Src\stm32h7xx_it.o
 .comment       0x0000007c       0x7d Src\syscalls.o
 .comment       0x0000007c       0x7d Src\system_stm32h7xx.o
 .comment       0x0000007c       0x7d Src\user_diskio.o

.debug_frame    0x00000000     0x2ea0
 .debug_frame   0x00000000      0x418 Drivers\STM32H7xx_HAL_Driver\Src\stm32h7xx_hal.o
 .debug_frame   0x00000418      0x190 Drivers\STM32H7xx_HAL_Driver\Src\stm32h7xx_hal_cortex.o
 .debug_frame   0x000005a8      0x104 Drivers\STM32H7xx_HAL_Driver\Src\stm32h7xx_hal_gpio.o
 .debug_frame   0x000006ac      0x2c4 Drivers\STM32H7xx_HAL_Driver\Src\stm32h7xx_hal_pcd.o
 .debug_frame   0x00000970       0xb8 Drivers\STM32H7xx_HAL_Driver\Src\stm32h7xx_hal_pcd_ex.o
 .debug_frame   0x00000a28      0x348 Drivers\STM32H7xx_HAL_Driver\Src\stm32h7xx_hal_pwr_ex.o
 .debug_frame   0x00000d70      0x174 Drivers\STM32H7xx_HAL_Driver\Src\stm32h7xx_hal_rcc.o
 .debug_frame   0x00000ee4      0x25c Drivers\STM32H7xx_HAL_Driver\Src\stm32h7xx_hal_rcc_ex.o
 .debug_frame   0x00001140      0x450 Drivers\STM32H7xx_HAL_Driver\Src\stm32h7xx_hal_spi.o
 .debug_frame   0x00001590      0x634 Drivers\STM32H7xx_HAL_Driver\Src\stm32h7xx_hal_uart.o
 .debug_frame   0x00001bc4      0x160 Drivers\STM32H7xx_HAL_Driver\Src\stm32h7xx_hal_uart_ex.o
 .debug_frame   0x00001d24      0x45c Drivers\STM32H7xx_HAL_Driver\Src\stm32h7xx_ll_usb.o
 .debug_frame   0x00002180       0x28 Src\fatfs_platform.o
 .debug_frame   0x000021a8       0xa0 Src\main.o
 .debug_frame   0x00002248       0xb8 Src\stm32h7xx_hal_msp.o
 .debug_frame   0x00002300       0xa0 Src\stm32h7xx_it.o
 .debug_frame   0x000023a0      0x1a8 Src\syscalls.o
 .debug_frame   0x00002548       0x44 Src\system_stm32h7xx.o
 .debug_frame   0x0000258c      0x144 Src\user_diskio.o
 .debug_frame   0x000026d0       0x20 c:/program files (x86)/atollic/truestudio for stm32 9.2.0/armtools/bin/../lib/gcc/arm-atollic-eabi/6.3.1/../../../../arm-atollic-eabi/lib/armv7e-m/fpu/fpv5-d16\libc_nano.a(lib_a-errno.o)
 .debug_frame   0x000026f0       0x2c c:/program files (x86)/atollic/truestudio for stm32 9.2.0/armtools/bin/../lib/gcc/arm-atollic-eabi/6.3.1/../../../../arm-atollic-eabi/lib/armv7e-m/fpu/fpv5-d16\libc_nano.a(lib_a-init.o)
 .debug_frame   0x0000271c       0x20 c:/program files (x86)/atollic/truestudio for stm32 9.2.0/armtools/bin/../lib/gcc/arm-atollic-eabi/6.3.1/../../../../arm-atollic-eabi/lib/armv7e-m/fpu/fpv5-d16\libc_nano.a(lib_a-memset.o)
 .debug_frame   0x0000273c       0x74 c:/program files (x86)/atollic/truestudio for stm32 9.2.0/armtools/bin/../lib/gcc/arm-atollic-eabi/6.3.1/../../../../arm-atollic-eabi/lib/armv7e-m/fpu/fpv5-d16\libc_nano.a(lib_a-printf.o)
 .debug_frame   0x000027b0       0x3c c:/program files (x86)/atollic/truestudio for stm32 9.2.0/armtools/bin/../lib/gcc/arm-atollic-eabi/6.3.1/../../../../arm-atollic-eabi/lib/armv7e-m/fpu/fpv5-d16\libc_nano.a(lib_a-puts.o)
 .debug_frame   0x000027ec       0x40 c:/program files (x86)/atollic/truestudio for stm32 9.2.0/armtools/bin/../lib/gcc/arm-atollic-eabi/6.3.1/../../../../arm-atollic-eabi/lib/armv7e-m/fpu/fpv5-d16\libc_nano.a(lib_a-wbuf.o)
 .debug_frame   0x0000282c       0x2c c:/program files (x86)/atollic/truestudio for stm32 9.2.0/armtools/bin/../lib/gcc/arm-atollic-eabi/6.3.1/../../../../arm-atollic-eabi/lib/armv7e-m/fpu/fpv5-d16\libc_nano.a(lib_a-wsetup.o)
 .debug_frame   0x00002858       0x68 c:/program files (x86)/atollic/truestudio for stm32 9.2.0/armtools/bin/../lib/gcc/arm-atollic-eabi/6.3.1/../../../../arm-atollic-eabi/lib/armv7e-m/fpu/fpv5-d16\libc_nano.a(lib_a-fflush.o)
 .debug_frame   0x000028c0      0x11c c:/program files (x86)/atollic/truestudio for stm32 9.2.0/armtools/bin/../lib/gcc/arm-atollic-eabi/6.3.1/../../../../arm-atollic-eabi/lib/armv7e-m/fpu/fpv5-d16\libc_nano.a(lib_a-findfp.o)
 .debug_frame   0x000029dc       0x54 c:/program files (x86)/atollic/truestudio for stm32 9.2.0/armtools/bin/../lib/gcc/arm-atollic-eabi/6.3.1/../../../../arm-atollic-eabi/lib/armv7e-m/fpu/fpv5-d16\libc_nano.a(lib_a-fwalk.o)
 .debug_frame   0x00002a30       0x58 c:/program files (x86)/atollic/truestudio for stm32 9.2.0/armtools/bin/../lib/gcc/arm-atollic-eabi/6.3.1/../../../../arm-atollic-eabi/lib/armv7e-m/fpu/fpv5-d16\libc_nano.a(lib_a-makebuf.o)
 .debug_frame   0x00002a88       0x38 c:/program files (x86)/atollic/truestudio for stm32 9.2.0/armtools/bin/../lib/gcc/arm-atollic-eabi/6.3.1/../../../../arm-atollic-eabi/lib/armv7e-m/fpu/fpv5-d16\libc_nano.a(lib_a-nano-freer.o)
 .debug_frame   0x00002ac0       0x2c c:/program files (x86)/atollic/truestudio for stm32 9.2.0/armtools/bin/../lib/gcc/arm-atollic-eabi/6.3.1/../../../../arm-atollic-eabi/lib/armv7e-m/fpu/fpv5-d16\libc_nano.a(lib_a-nano-mallocr.o)
 .debug_frame   0x00002aec       0xac c:/program files (x86)/atollic/truestudio for stm32 9.2.0/armtools/bin/../lib/gcc/arm-atollic-eabi/6.3.1/../../../../arm-atollic-eabi/lib/armv7e-m/fpu/fpv5-d16\libc_nano.a(lib_a-nano-vfprintf.o)
 .debug_frame   0x00002b98       0x60 c:/program files (x86)/atollic/truestudio for stm32 9.2.0/armtools/bin/../lib/gcc/arm-atollic-eabi/6.3.1/../../../../arm-atollic-eabi/lib/armv7e-m/fpu/fpv5-d16\libc_nano.a(lib_a-nano-vfprintf_i.o)
 .debug_frame   0x00002bf8       0x2c c:/program files (x86)/atollic/truestudio for stm32 9.2.0/armtools/bin/../lib/gcc/arm-atollic-eabi/6.3.1/../../../../arm-atollic-eabi/lib/armv7e-m/fpu/fpv5-d16\libc_nano.a(lib_a-sbrkr.o)
 .debug_frame   0x00002c24       0x88 c:/program files (x86)/atollic/truestudio for stm32 9.2.0/armtools/bin/../lib/gcc/arm-atollic-eabi/6.3.1/../../../../arm-atollic-eabi/lib/armv7e-m/fpu/fpv5-d16\libc_nano.a(lib_a-stdio.o)
 .debug_frame   0x00002cac       0x2c c:/program files (x86)/atollic/truestudio for stm32 9.2.0/armtools/bin/../lib/gcc/arm-atollic-eabi/6.3.1/../../../../arm-atollic-eabi/lib/armv7e-m/fpu/fpv5-d16\libc_nano.a(lib_a-writer.o)
 .debug_frame   0x00002cd8       0x2c c:/program files (x86)/atollic/truestudio for stm32 9.2.0/armtools/bin/../lib/gcc/arm-atollic-eabi/6.3.1/../../../../arm-atollic-eabi/lib/armv7e-m/fpu/fpv5-d16\libc_nano.a(lib_a-closer.o)
 .debug_frame   0x00002d04       0x2c c:/program files (x86)/atollic/truestudio for stm32 9.2.0/armtools/bin/../lib/gcc/arm-atollic-eabi/6.3.1/../../../../arm-atollic-eabi/lib/armv7e-m/fpu/fpv5-d16\libc_nano.a(lib_a-fstatr.o)
 .debug_frame   0x00002d30       0x2c c:/program files (x86)/atollic/truestudio for stm32 9.2.0/armtools/bin/../lib/gcc/arm-atollic-eabi/6.3.1/../../../../arm-atollic-eabi/lib/armv7e-m/fpu/fpv5-d16\libc_nano.a(lib_a-isattyr.o)
 .debug_frame   0x00002d5c       0x2c c:/program files (x86)/atollic/truestudio for stm32 9.2.0/armtools/bin/../lib/gcc/arm-atollic-eabi/6.3.1/../../../../arm-atollic-eabi/lib/armv7e-m/fpu/fpv5-d16\libc_nano.a(lib_a-lseekr.o)
 .debug_frame   0x00002d88       0x30 c:/program files (x86)/atollic/truestudio for stm32 9.2.0/armtools/bin/../lib/gcc/arm-atollic-eabi/6.3.1/../../../../arm-atollic-eabi/lib/armv7e-m/fpu/fpv5-d16\libc_nano.a(lib_a-mlock.o)
 .debug_frame   0x00002db8       0x2c c:/program files (x86)/atollic/truestudio for stm32 9.2.0/armtools/bin/../lib/gcc/arm-atollic-eabi/6.3.1/../../../../arm-atollic-eabi/lib/armv7e-m/fpu/fpv5-d16\libc_nano.a(lib_a-readr.o)
 .debug_frame   0x00002de4       0x5c c:/program files (x86)/atollic/truestudio for stm32 9.2.0/armtools/bin/../lib/gcc/arm-atollic-eabi/6.3.1/../../../../arm-atollic-eabi/lib/armv7e-m/fpu/fpv5-d16\libc_nano.a(lib_a-reent.o)
 .debug_frame   0x00002e40       0x2c c:/program files (x86)/atollic/truestudio for stm32 9.2.0/armtools/bin/../lib/gcc/arm-atollic-eabi/6.3.1/armv7e-m/fpu/fpv5-d16\libgcc.a(_aeabi_uldivmod.o)
 .debug_frame   0x00002e6c       0x34 c:/program files (x86)/atollic/truestudio for stm32 9.2.0/armtools/bin/../lib/gcc/arm-atollic-eabi/6.3.1/armv7e-m/fpu/fpv5-d16\libgcc.a(_udivmoddi4.o)
