FSIO.c:786:6:LoadMBR	8	static
FSIO.c:1053:7:GetFullClusterNumber	0	static
FSIO.c:4019:6:FSftell	0	static
FSIO.c:4336:5:FSerror	0	static
FSIO.c:4363:6:FileObjectCopy	0	static
FSIO.c:4535:6:ReadByte	0	static
FSIO.c:4561:6:ReadWord	0	static
FSIO.c:4595:7:ReadDWord	16	static
FSIO.c:915:6:LoadBootSector	48	static
FSIO.c:712:6:DISKmount	8	static
FSIO.c:238:5:FSInit	16	static
FSIO.c:1239:5:FSformat	72	static
FSIO.c:4635:7:Cluster2Sector	0	static
FSIO.c:1871:6:Write_File_Entry	16	static
FSIO.c:4980:6:flushData	8	static
FSIO.c:1109:5:FSCreateMBR	24	static
FSIO.c:4136:6:FSrewind	8	static
FSIO.c:4483:6:EraseCluster	24	static
FSIO.c:5028:5:FSfeof	0	static
FSIO.c:5363:6:ValidateChars	24	static
FSIO.c:5199:6:FormatFileName	40	static
FSIO.c:5287:6:FormatDirName	32	static
FSIO.c:5770:7:WriteFAT	56	static
FSIO.c:5598:7:ReadFAT	48	static
FSIO.c:625:6:FILEget_next_cluster	24	static
FSIO.c:5065:8:FSfread	56	static
FSIO.c:2038:10:Cache_File_Entry	32	static
FSIO.c:2436:6:PopulateEntries	24	static
FSIO.c:3281:6:Fill_File_Object	32	static
FSIO.c:319:8:FILEfind	64	static
FSIO.c:504:8:FILEopen	32	static
FSIO.c:3413:10:LoadDirAttrib	16	static
FSIO.c:4695:5:FSattrib	40	static
FSIO.c:3589:5:FSrename	56	static
FSIO.c:2772:7:FATfindEmptyCluster	24	static
FSIO.c:1942:6:FAT_erase_cluster_chain	32	static
FSIO.c:3486:8:FILEerase	32	static
FSIO.c:4050:5:FSremove	24	static
FSIO.c:3066:5:FSfclose	24	static
FSIO.c:2704:6:FILEallocate_new_cluster	24	static
FSIO.c:2317:6:FindEmptyEntries	24	static
FSIO.c:4781:8:FSfwrite	56	static
FSIO.c:5437:5:FSfseek	24	static
FSIO.c:4407:8:FILECreateHeadCluster	16	static
FSIO.c:2252:8:CreateFirstCluster	24	static
FSIO.c:2193:8:CreateFileEntry	40	static
FSIO.c:3749:9:FSfopen	48	static
FSIO.c:6036:5:chdirhelper	112	static
FSIO.c:5972:5:FSchdir	0	static
FSIO.c:6603:6:GetPreviousEntry	32	static
FSIO.c:6347:7:FSgetcwd	56	static
FSIO.c:7132:6:writeDotEntries	56	static
FSIO.c:7040:5:CreateDIR	32	static
FSIO.c:6781:5:mkdirhelper	56	static
FSIO.c:6716:5:FSmkdir	0	static
FSIO.c:7618:5:eraseDir	80	static
FSIO.c:7298:5:rmdirhelper	72	static
FSIO.c:7251:5:FSrmdir	0	static
FSIO.c:7708:5:FindFirst	96	static
FSIO.c:7839:5:FindNext	88	static
