user_diskio.c:143:13:SD_Select	0	static
user_diskio.c:148:13:SD_DeSelect	0	static
user_diskio.c:132:16:SPI_WriteByte	32	static
user_diskio.c:39:6:SetCommand	28	static
user_diskio.c:164:21:SendMMCCmd	64	static
user_diskio.c:99:6:MX_SPI5_FreqSwitch	8	static
user_diskio.c:154:6:MDD_SDSPI_MediaDetect	8	static
user_diskio.c:241:20:MDD_SDSPI_MediaInitialize	56	static
user_diskio.c:442:13:MDD_SDSPI_SectorRead	32	static
user_diskio.c:536:13:MDD_SDSPI_SectorWrite	24	static
user_diskio.c:622:6:MDD_SDSPI_ReadSectorSize	0	static
user_diskio.c:648:7:MDD_SDSPI_ReadCapacity	0	static
user_diskio.c:653:6:MDD_SDSPI_ShutdownMedia	8	static
user_diskio.c:682:6:MDD_SDSPI_WriteProtectState	0	static
